01-02 12:27:31.433 I/cr_InactivityTracker( 3312): Last visible time read from the SharedPreference is:1767327969046.
01-02 12:27:31.434 V/MdnieScenarioControlService( 1226): setBrowserMode from Browser function
01-02 12:27:31.434 I/DecorView( 3312): notifyKeepScreenOnChanged: keepScreenOn=false
01-02 12:27:31.434 I/MSHandlerLifeCycle( 3312): removeMultiSplitHandler: no exist. decor=DecorView@abfd3da[Main]
01-02 12:27:31.435 D/CompatibilityChangeReporter( 5762): Compat change id reported: 171979766; UID 90002; state: ENABLED
01-02 12:27:31.435 D/AnalyticsContainerHandler( 1226): handleMessage : { when=0 what=1 target=com.android.server.knox.KnoxAnalyticsContainer$AnalyticsHandler }
01-02 12:27:31.438 I/servicemanager(  627): network_management is isloated, getService has failed.
01-02 12:27:31.441 I/servicemanager(  627): connectivity is isloated, getService has failed.
01-02 12:27:31.442 I/LoadedApk( 5762): No resource references to update in package com.google.android.trichromelibrary
01-02 12:27:31.442 D/NetworkSecurityConfig( 5762): Using Network Security Config from resource 0_resource_name_obfuscated debugBuild: false
01-02 12:27:31.443 D/NetworkSecurityConfig( 5762): Using Network Security Config from resource 0_resource_name_obfuscated debugBuild: false
01-02 12:27:31.444 I/cr_SplitCompatApp( 5762): version=143.0.7499.146 (749914633) minSdkVersion=29 processName=com.android.chrome:sandboxed_process0:org.chromium.content.app.SandboxedProcessService0:2 isIsolatedProcess=true splits=chrome,config.en,config.zh,dev_ui,on_demand,stack_unwinder,test_dummy
01-02 12:27:31.447 I/cr_ChildProcessService( 5762): Creating new ChildProcessService pid=5762
01-02 12:27:31.450 I/servicemanager(  627): content_capture is isloated, getService has failed.
01-02 12:27:31.453 I/SurfaceView@7953b6( 3312): onWindowVisibilityChanged(0) false android.view.SurfaceView{7953b6 V.ED..... ........ 0,0-1440,3096} of ViewRootImpl@a4bfc7a[Main]
01-02 12:27:31.453 D/SurfaceView@7953b6( 3312): updateSurface: surface is not valid
01-02 12:27:31.453 I/SurfaceView@7953b6( 3312): releaseSurfaces: viewRoot = ViewRootImpl@a4bfc7a[Main]
01-02 12:27:31.453 I/SurfaceView@7953b6( 3312): applyTransactionOnVriDraw: vri = ViewRootImpl@a4bfc7a[Main] fRS = true t = 0xb400007237bf27d0 android.view.SurfaceView.releaseSurfaces:858 android.view.SurfaceView.updateSurface:998 android.view.SurfaceView.onWindowVisibilityChanged:371 
01-02 12:27:31.453 I/SurfaceView@7953b6( 3312): applyTransactionOnVriDraw: viewRoot.applyTransactionOnDrawFromReleaseSurfaces
01-02 12:27:31.453 I/ViewRootImpl@a4bfc7a[Main]( 3312): applyTransactionOnDraw: mRemoved = false isHardwareEnabled = false t = 0xb400007237bf27d0android.view.ViewRootImpl.applyTransactionOnDrawFromReleaseSurfaces:12850 android.view.SurfaceView.applyTransactionOnVriDraw:2046 android.view.SurfaceView.releaseSurfaces:858 android.view.SurfaceView.updateSurface:998 android.view.SurfaceView.onWindowVisibilityChanged:371 
01-02 12:27:31.454 I/sensors-hal(  985): set_config:67, sample_period_ns is adjusted to 16666000 based on min/max delay_ns
01-02 12:27:31.454 I/DecorView( 3312): notifyKeepScreenOnChanged: keepScreenOn=false
01-02 12:27:31.454 I/sensors-hal(  985): batch:363, android.sensor.game_rotation_vector/151, period=16666000, max_latency=0 request completed
01-02 12:27:31.454 I/sensors-hal(  985): activate:279, android.sensor.game_rotation_vector/151 en=1
01-02 12:27:31.454 I/ViewRootImpl@a4bfc7a[Main]( 3312): performTraversals params={(0,0)(fillxfill) sim={state=always_hidden adjust=resize forwardNavigation} ty=BASE_APPLICATION wanim=0x1030309 sysuil=true
01-02 12:27:31.454 I/ViewRootImpl@a4bfc7a[Main]( 3312):   fl=81810100
01-02 12:27:31.454 I/ViewRootImpl@a4bfc7a[Main]( 3312):   pfl=16020040
01-02 12:27:31.454 I/ViewRootImpl@a4bfc7a[Main]( 3312):   vsysui=100
01-02 12:27:31.454 I/ViewRootImpl@a4bfc7a[Main]( 3312):   bhv=DEFAULT
01-02 12:27:31.454 I/ViewRootImpl@a4bfc7a[Main]( 3312):   fitSides= naviIconColor=0}
01-02 12:27:31.454 I/cr_LibraryLoader( 5762): Successfully loaded native library
01-02 12:27:31.454 I/sensors-hal(  985): get_qmi_debug_flag:241, support_qmi_debug : false
01-02 12:27:31.454 I/ViewRootImpl@a4bfc7a[Main]( 3312): performTraversals mFirst=false windowShouldResize=false viewVisibilityChanged=true mForceNextWindowRelayout=false params={(0,0)(fillxfill) sim={state=always_hidden adjust=resize forwardNavigation} ty=BASE_APPLICATION fmt=TRANSLUCENT wanim=0x1030309 sysuil=true
01-02 12:27:31.454 I/ViewRootImpl@a4bfc7a[Main]( 3312):   fl=81810100
01-02 12:27:31.454 I/ViewRootImpl@a4bfc7a[Main]( 3312):   pfl=16020040
01-02 12:27:31.454 I/ViewRootImpl@a4bfc7a[Main]( 3312):   vsysui=100
01-02 12:27:31.454 I/ViewRootImpl@a4bfc7a[Main]( 3312):   bhv=DEFAULT
01-02 12:27:31.454 I/ViewRootImpl@a4bfc7a[Main]( 3312):   fitSides= naviIconColor=0}
01-02 12:27:31.454 V/WindowManager( 1226): Relayout Window{dc44a1e u0 com.android.chrome/com.google.android.apps.chrome.Main}: viewVisibility=0 req=1440x3200 d0
01-02 12:27:31.454 D/RestrictionPolicy( 1226): isScreenCaptureEnabled : ret=true userId=0
01-02 12:27:31.455 I/SurfaceFlinger( 1097): id=187145 createSurf, flag=40004, com.android.chrome/com.google.android.apps.chrome.Main$_3312#187145
01-02 12:27:31.455 I/cr_CachingUmaRecorder( 5762): Flushed 3 samples from 3 histograms, 0 samples were dropped.
01-02 12:27:31.456 W/chromium( 5762): [WARNING:content/app/android/content_main_android.cc:82] android_setCpu already initialized
01-02 12:27:31.457 D/WindowManager( 1226): makeSurface duration=2 name=com.android.chrome/com.google.android.apps.chrome.Main$_3312
01-02 12:27:31.459 I/sensors-hal(  985): activate:297, android.sensor.game_rotation_vector/151 en=1 completed
01-02 12:27:31.459 I/RecentModel( 3001): onTaskStackChangedBackground
01-02 12:27:31.460 D/SensorManager( 3312): registerListener :: 151, Game Rotation Vector  Non-wakeup, 16666, 0, 
01-02 12:27:31.460 D/SensorService( 1226): Calling activate off 151
01-02 12:27:31.460 V/WindowManager( 1226): Changing focus from null to Window{dc44a1e u0 com.android.chrome/com.google.android.apps.chrome.Main} displayId=0 Callers=com.android.server.wm.RootWindowContainer.updateFocusedWindowLocked:595 com.android.server.wm.WindowManagerService.updateFocusedWindowLocked:6810 com.android.server.wm.WindowManagerService.relayoutWindow:2820 com.android.server.wm.Session.relayout:274 
01-02 12:27:31.460 D/MARsPolicyManager( 1226): onPackageResumedFG pkgName = com.android.chrome, userId = 0
01-02 12:27:31.460 I/WindowManager( 1226): Cancelling animation restarting=true, leash=Surface(name=Surface(name=ea2aaa5 StatusBar)/@0xd943e42 - animation-leash of insets_animation)/@0xbe0235b
01-02 12:27:31.461 I/WindowManager( 1226): Reparenting to original parent: Surface(name=WindowToken{c87709c type=2000 android.os.BinderProxy@15ad96e})/@0xc22ce53, destroy=false, surface=Surface(name=ea2aaa5 StatusBar)/@0xd943e42
01-02 12:27:31.461 I/WindowManager( 1226): Reparenting to leash, surface=Surface(name=ea2aaa5 StatusBar)/@0xd943e42, leashParent=Surface(name=WindowToken{c87709c type=2000 android.os.BinderProxy@15ad96e})/@0xc22ce53
01-02 12:27:31.460 I/SemDvfsHyPerManager( 5296): acquire hyper - BaseTABoost/5296@16, type = 1090523139
01-02 12:27:31.461 I/SurfaceFlinger( 1097): id=187146 createSurf, flag=24000, Surface(name=ea2aaa5 StatusBar)/@0xd943e42 - animation-leash of insets_animation#187146
01-02 12:27:31.461 I/sensors-hal(  985): activate:279, android.sensor.game_rotation_vector/151 en=0
01-02 12:27:31.461 I/FASProvider( 5296): makeValuesForFasUpdate contentValues = package_name=com.android.chrome extras=0 reason=deleted_from_mars_auto disableReason=default disableResetTime=1767328051460 uid=10531 mode=0 level=1 resetTime=0
01-02 12:27:31.462 I/HYPER-HAL(  988): [RequestManager.cpp]acquire(): Acquired ID : 14111344  [5296 / 16]    HINT :      list : [TABoost / 1] 
01-02 12:27:31.463 D/WindowManager( 1226): makeSurface duration=3 leash=Surface(name=Surface(name=ea2aaa5 StatusBar)/@0xd943e42 - animation-leash of insets_animation)/@0xf38518e
01-02 12:27:31.463 I/WindowManager( 1226): Cancelling animation restarting=true, leash=Surface(name=Surface(name=621519f NavigationBar0)/@0x4c6a489 - animation-leash of insets_animation)/@0x9e2fb36
01-02 12:27:31.463 I/WindowManager( 1226): Reparenting to original parent: Surface(name=WindowToken{b70cf3e type=2019 android.os.BinderProxy@d985ac0})/@0x9abfc8e, destroy=false, surface=Surface(name=621519f NavigationBar0)/@0x4c6a489
01-02 12:27:31.463 I/WindowManager( 1226): Reparenting to leash, surface=Surface(name=621519f NavigationBar0)/@0x4c6a489, leashParent=Surface(name=WindowToken{b70cf3e type=2019 android.os.BinderProxy@d985ac0})/@0x9abfc8e
01-02 12:27:31.464 I/SurfaceFlinger( 1097): id=187147 createSurf, flag=24000, Surface(name=621519f NavigationBar0)/@0x4c6a489 - animation-leash of insets_animation#187147
01-02 12:27:31.464 I/sensors-hal(  985): deactivate:371, disconnect qmi to disable sensor
01-02 12:27:31.464 I/sensors-hal(  985): activate:297, android.sensor.game_rotation_vector/151 en=0 completed
01-02 12:27:31.464 D/SensorManager( 3312): unregisterListener
01-02 12:27:31.465 D/WindowManager( 1226): makeSurface duration=2 leash=Surface(name=Surface(name=621519f NavigationBar0)/@0x4c6a489 - animation-leash of insets_animation)/@0xae0f5bc
01-02 12:27:31.466 D/WindowManager( 1226): updateSystemBarAttributes: displayId=0, win=Window{dc44a1e u0 com.android.chrome/com.google.android.apps.chrome.Main}, navColorWin=Window{32567fd u0 net.qsgl365/net.qsgl365.MainActivity}, focusedCanBeNavColorWin=false, behavior=1, appearance=0, statusBarAppearanceRegions=[AppearanceRegion{ bounds=[0,0][1440,3200]}], requestedVisibilities=, from=com.android.server.wm.DisplayPolicy.focusChangedLw:3247 com.android.server.wm.DisplayContent.updateFocusedWindowLocked:4632 com.android.server.wm.RootWindowContainer.updateFocusedWindowLocked:595 
01-02 12:27:31.466 D/StatusBarManagerService( 1226): notifyRequestedSystemKey recent=false home=false
01-02 12:27:31.466 V/WindowManager( 1226): Relayout hash=dc44a1e, pid=3312, syncId=-1: mAttrs={(0,0)(fillxfill) sim={state=always_hidden adjust=resize forwardNavigation} ty=BASE_APPLICATION fmt=TRANSLUCENT wanim=0x1030309 sysuil=true
01-02 12:27:31.466 V/WindowManager( 1226):   fl=81810100
01-02 12:27:31.466 V/WindowManager( 1226):   pfl=16020040
01-02 12:27:31.466 V/WindowManager( 1226):   vsysui=100
01-02 12:27:31.466 V/WindowManager( 1226):   bhv=DEFAULT
01-02 12:27:31.466 V/WindowManager( 1226):   fitSides= naviIconColor=0}
01-02 12:27:31.467 I/ViewRootImpl@a4bfc7a[Main]( 3312): updateBlastSurfaceIfNeeded mBlastBufferQueue=null isSameSurfaceControl=false
01-02 12:27:31.467 I/BLASTBufferQueue( 3312): new BLASTBufferQueue, mName= ViewRootImpl@a4bfc7a[Main] mNativeObject= 0xb400007277bf3e30 sc.mNativeObject= 0xb400007207c46b20 caller= android.view.ViewRootImpl.updateBlastSurfaceIfNeeded:2909 android.view.ViewRootImpl.relayoutWindow:9847 android.view.ViewRootImpl.performTraversals:3884 android.view.ViewRootImpl.doTraversal:3116 android.view.ViewRootImpl$TraversalRunnable.run:10885 android.view.Choreographer$CallbackRecord.run:1301 android.view.Choreographer$CallbackRecord.run:1309 android.view.Choreographer.doCallbacks:923 android.view.Choreographer.doFrame:852 android.view.Choreographer$FrameDisplayEventReceiver.run:1283 
01-02 12:27:31.467 I/BLASTBufferQueue( 3312): update, w= 1440 h= 3200 mName = ViewRootImpl@a4bfc7a[Main] mNativeObject= 0xb400007277bf3e30 sc.mNativeObject= 0xb400007207c46b20 format= -3 caller= android.graphics.BLASTBufferQueue.<init>:84 android.view.ViewRootImpl.updateBlastSurfaceIfNeeded:2909 android.view.ViewRootImpl.relayoutWindow:9847 android.view.ViewRootImpl.performTraversals:3884 android.view.ViewRootImpl.doTraversal:3116 android.view.ViewRootImpl$TraversalRunnable.run:10885 
01-02 12:27:31.468 I/ViewRootImpl@a4bfc7a[Main]( 3312): Relayout returned: old=(0,0,1440,3200) new=(0,0,1440,3200) req=(1440,3200)0 dur=13 res=0x3 s={true 0xb400007307c41180} ch=true seqId=0
01-02 12:27:31.468 I/ViewRootImpl@a4bfc7a[Main]( 3312): mThreadedRenderer.initialize() mSurface={isValid=true 0xb400007307c41180} hwInitialized=true
01-02 12:27:31.468 D/OpenGLRenderer( 3312): eglCreateWindowSurface
01-02 12:27:31.468 I/SurfaceView@7953b6( 3312): windowStopped(false) true android.view.SurfaceView{7953b6 V.ED..... ........ 0,0-1440,3096} of ViewRootImpl@a4bfc7a[Main]
01-02 12:27:31.468 I/SurfaceView@7953b6( 3312): Changes: creating=true format=false size=false visible=true alpha=false hint=false mUseAlpha=false visible=true left=false top=false
01-02 12:27:31.469 I/SurfaceFlinger( 1097): id=187148 createSurf, flag=20004, Bounds for - com.android.chrome/com.google.android.apps.chrome.Main@1#187148
01-02 12:27:31.469 I/SurfaceFlinger( 1097): id=187149 createSurf, flag=80004, SurfaceView[com.android.chrome/com.google.android.apps.chrome.Main]@0#187149
01-02 12:27:31.469 I/SurfaceFlinger( 1097): id=187150 createSurf, flag=40000, SurfaceView[com.android.chrome/com.google.android.apps.chrome.Main]@0(BLAST)#187150
01-02 12:27:31.469 I/SurfaceFlinger( 1097): id=187151 createSurf, flag=20404, Background for SurfaceView[com.android.chrome/com.google.android.apps.chrome.Main]@0#187151
01-02 12:27:31.470 I/BLASTBufferQueue( 3312): update, w= 1440 h= 3096 mName = null mNativeObject= 0xb400007277beb190 sc.mNativeObject= 0xb400007207c45470 format= -3 caller= android.view.SurfaceView.createBlastSurfaceControls:1383 android.view.SurfaceView.updateSurface:1079 android.view.SurfaceView.setWindowStopped:335 android.view.SurfaceView.surfaceCreated:1853 android.view.ViewRootImpl.notifySurfaceCreated:2820 android.view.ViewRootImpl.performTraversals:4293 
01-02 12:27:31.470 I/SurfaceView@7953b6( 3312): 7951286 Cur surface: Surface(name=null)/@0x4b4bae2
01-02 12:27:31.470 I/SurfaceView@7953b6( 3312): pST: sr = Rect(0, 104 - 1440, 3200) sw = 1440 sh = 3096
01-02 12:27:31.470 D/SurfaceView@7953b6( 3312): performSurfaceTransaction RenderWorker position = [0, 104, 1440, 3200] surfaceSize = 1440x3096
01-02 12:27:31.470 I/SurfaceView@7953b6( 3312): applyTransactionOnVriDraw: vri = ViewRootImpl@a4bfc7a[Main] fRS = false t = 0xb400007237c098d0 android.view.SurfaceView.performSurfaceTransaction:959 android.view.SurfaceView.updateSurface:1105 android.view.SurfaceView.setWindowStopped:335 
01-02 12:27:31.470 I/ViewRootImpl@a4bfc7a[Main]( 3312): applyTransactionOnDraw: mRemoved = false isHardwareEnabled = true t = 0xb400007237c098d0android.view.SurfaceView.applyTransactionOnVriDraw:2048 android.view.SurfaceView.performSurfaceTransaction:959 android.view.SurfaceView.updateSurface:1105 android.view.SurfaceView.setWindowStopped:335 android.view.SurfaceView.surfaceCreated:1853 
01-02 12:27:31.470 I/SurfaceView@7953b6( 3312): updateSurface: mVisible = true mSurface.isValid() = true
01-02 12:27:31.470 I/SurfaceView@7953b6( 3312): updateSurface: mSurfaceCreated = false surfaceChanged = true visibleChanged = true
01-02 12:27:31.470 I/SurfaceView@7953b6( 3312): visibleChanged -- surfaceCreated
01-02 12:27:31.470 I/SurfaceView@7953b6( 3312): surfaceCreated 1 #1 android.view.SurfaceView{7953b6 V.ED..... ........ 0,0-1440,3096}
01-02 12:27:31.470 I/cr_CompositorSurfaceMgr( 3312): surfaceCreated format: 0
01-02 12:27:31.470 I/SurfaceView@7953b6( 3312): surfaceChanged -- format=-3 w=1440 h=3096
01-02 12:27:31.470 I/SurfaceView@7953b6( 3312): surfaceChanged (1440,3096) 1 #1 android.view.SurfaceView{7953b6 V.ED..... ........ 0,0-1440,3096}
01-02 12:27:31.472 I/SurfaceView@7953b6( 3312): surfaceRedrawNeeded
01-02 12:27:31.472 V/SurfaceView@7953b6( 3312): Layout: x=0 y=104 w=1440 h=3096, frame=Rect(0, 0 - 1440, 3096)
01-02 12:27:31.473 I/ViewRootImpl@a4bfc7a[Main]( 3312): reportNextDraw android.view.ViewRootImpl.performTraversals:4438 android.view.ViewRootImpl.doTraversal:3116 android.view.ViewRootImpl$TraversalRunnable.run:10885 android.view.Choreographer$CallbackRecord.run:1301 android.view.Choreographer$CallbackRecord.run:1309 
01-02 12:27:31.473 I/ViewRootImpl@a4bfc7a[Main]( 3312): Setup new sync id=2
01-02 12:27:31.473 I/ViewRootImpl@a4bfc7a[Main]( 3312): Setting syncFrameCallback
01-02 12:27:31.473 I/ViewRootImpl@a4bfc7a[Main]( 3312): registerCallbacksForSync syncBuffer=false
01-02 12:27:31.474 I/SurfaceFlinger( 1097): id=187152 createSurf, flag=40000, com.android.chrome/ChromeNativeWindowSurface#187152
01-02 12:27:31.474 D/SurfaceView@7953b6( 3312): updateSurfacePosition RenderWorker, frameNr = 1, position = [0, 104, 1440, 3200] surfaceSize = 1440x3096
01-02 12:27:31.474 I/SurfaceView@7953b6( 3312): uSP: rtp = Rect(0, 104 - 1440, 3200) rtsw = 1440 rtsh = 3096
01-02 12:27:31.474 I/SurfaceView@7953b6( 3312): onSSPAndSRT: pl = 0 pt = 104 sx = 1.0 sy = 1.0
01-02 12:27:31.474 I/SurfaceView@7953b6( 3312): aOrMT: ViewRootImpl@a4bfc7a[Main] t = android.view.SurfaceControl$Transaction@d5d64dc fN = 1 android.view.SurfaceView.-$$Nest$mapplyOrMergeTransaction:0 android.view.SurfaceView$SurfaceViewPositionUpdateListener.positionChanged:1537 android.graphics.RenderNode$CompositePositionUpdateListener.positionChanged:373 
01-02 12:27:31.474 I/ViewRootImpl@a4bfc7a[Main]( 3312): mWNT: t=0xb400007237bd5cd0 mBlastBufferQueue=0xb400007277bf3e30 fn= 1 caller= android.view.ViewRootImpl.lambda$applyTransactionOnDraw$11$android-view-ViewRootImpl:12865 android.view.ViewRootImpl$$ExternalSyntheticLambda1.onFrameDraw:4 android.graphics.HardwareRenderer$FrameDrawingCallback.onFrameDraw:924 
01-02 12:27:31.475 I/ViewRootImpl@a4bfc7a[Main]( 3312): mWNT: t=0xb400007237c0a0b0 mBlastBufferQueue=0xb400007277bf3e30 fn= 1 caller= android.view.SurfaceView.applyOrMergeTransaction:1455 android.view.SurfaceView.-$$Nest$mapplyOrMergeTransaction:0 android.view.SurfaceView$SurfaceViewPositionUpdateListener.positionChanged:1537 
01-02 12:27:31.475 I/ViewRootImpl@a4bfc7a[Main]( 3312): mWNT: t=0xb400007237c098d0 mBlastBufferQueue=0xb400007277bf3e30 fn= 1 caller= android.view.ViewRootImpl.lambda$applyTransactionOnDraw$11$android-view-ViewRootImpl:12865 android.view.ViewRootImpl$$ExternalSyntheticLambda1.onFrameDraw:4 android.graphics.HardwareRenderer$FrameDrawingCallback.onFrameDraw:924 
01-02 12:27:31.475 I/ViewRootImpl@a4bfc7a[Main]( 3312): Received frameDrawingCallback syncResult=0 frameNum=1.
01-02 12:27:31.475 I/ViewRootImpl@a4bfc7a[Main]( 3312): Setting up sync and frameCommitCallback
01-02 12:27:31.476 I/BLASTBufferQueue( 3312): [ViewRootImpl@a4bfc7a[Main]#4](f:0,a:0) onFrameAvailable the first frame is available
01-02 12:27:31.476 I/ViewRootImpl@a4bfc7a[Main]( 3312): Received frameCommittedCallback lastAttemptedDrawFrameNum=1 didProduceBuffer=true
01-02 12:27:31.478 I/cr_OPArchivePublisher( 3312): ADM threw while trying to remove a download. java.lang.IllegalArgumentException: input param 'ids' can't be null
01-02 12:27:31.482 W/WindowManager( 1226): Execute app transition: mNextAppTransitionRequests=[TRANSIT_OPEN, TRANSIT_OPEN, TRANSIT_TO_FRONT, TRANSIT_CLOSE], mNextAppTransitionFlags=, displayId: 0 Callers=com.android.server.wm.Task.executeAppTransition:7870 com.android.server.wm.RootWindowContainer.lambda$resumeFocusedTasksTopActivities$20:2750 com.android.server.wm.RootWindowContainer.$r8$lambda$T5O2b-2Pin2YrxYnsz1zP_DLpiQ:0 com.android.server.wm.RootWindowContainer$$ExternalSyntheticLambda17.accept:13 com.android.server.wm.Task.forAllRootTasks:4097 
01-02 12:27:31.482 W/WindowManager( 1226): Execute app transition: mNextAppTransitionRequests=[TRANSIT_OPEN, TRANSIT_OPEN, TRANSIT_TO_FRONT, TRANSIT_CLOSE], mNextAppTransitionFlags=, displayId: 0 Callers=com.android.server.wm.Task.executeAppTransition:7870 com.android.server.wm.TaskFragment.resumeTopActivity:1354 com.android.server.wm.TaskFragment.resumeTopActivity:1307 com.android.server.wm.Task.resumeTopActivityInnerLocked:6451 com.android.server.wm.Task.resumeTopActivityUncheckedLocked:6352 
01-02 12:27:31.484 I/RecentsView( 3001): onTaskRemoved() taskId : 43693
01-02 12:27:31.484 I/TopTaskTracker( 3001): onTaskRemoved : taskId = 43693
01-02 12:27:31.484 I/RecentsView( 3001): onTaskRemoved() taskId : 43693
01-02 12:27:31.484 I/TopTaskTracker( 3001): onTaskRemoved : taskId = 43693
01-02 12:27:31.485 I/SemDvfsHyPerManager( 1226): acquire hyper - AMS_RESUME_TAIL/1226@19, type = -999
01-02 12:27:31.485 I/SemDvfsHyPerManager( 1226): acquire hyper - AMS_ACT_LAZY/1226@20, type = -999
01-02 12:27:31.485 D/ActivityManagerPerformance( 1226): AMP_acquire() TAIL
01-02 12:27:31.485 D/ActivityManagerPerformance( 1226): AMP_release() APP_SWITCH
01-02 12:27:31.486 W/ActivityTaskManager( 1226): Request to remove task ignored for non-existent task 43692
01-02 12:27:31.486 I/HYPER-HAL(  988): [RequestManager.cpp]acquire(): Acquired ID : 775654  [1226 / 19]    HINT : AMS_RESUME_TAIL_LOW    list : 
01-02 12:27:31.486 I/Layer   ( 1097): id=187137 removedFromDrawingState Surface(name=ea2aaa5 StatusBar)/@0xd943e42 - animation-leash of insets_animation#187137 (233)
01-02 12:27:31.486 I/Layer   ( 1097): id=187138 removedFromDrawingState Surface(name=621519f NavigationBar0)/@0x4c6a489 - animation-leash of insets_animation#187138 (233)
01-02 12:27:31.486 I/SurfaceFlinger( 1097): [dc44a1e com.android.chrome/com.google.android.apps.chrome.Main#187079] FrameRatePriority: 1
01-02 12:27:31.487 I/Layer   ( 1097): id=187144 removedFromDrawingState ActivityRecord{6dcaa50 u0 com.android.chrome/com.google.android.apps.chrome.IntentDispatcher} t43693}#187144 (233)
01-02 12:27:31.487 I/Layer   ( 1097): id=187143 removedFromDrawingState Task=43693#187143 (233)
01-02 12:27:31.487 I/SurfaceFlinger( 1097): id=187144 Removed ActivityRecord{6dcaa50 u0 com.android.chrome/com.google.android.apps.chrome.IntentDispatcher} t43693}#187144 (233)
01-02 12:27:31.487 I/SurfaceFlinger( 1097): id=187143 Removed Task=43693#187143 (233)
01-02 12:27:31.487 I/SurfaceFlinger( 1097): id=187137 Removed Surface(name=ea2aaa5 StatusBar)/@0xd943e42 - animation-leash of insets_animation#187137 (233)
01-02 12:27:31.487 I/SurfaceFlinger( 1097): id=187138 Removed Surface(name=621519f NavigationBar0)/@0x4c6a489 - animation-leash of insets_animation#187138 (233)
01-02 12:27:31.488 I/Layer   ( 1097): id=187143 Destroyed Task=43693#187143
01-02 12:27:31.488 I/Layer   ( 1097): id=187144 Destroyed ActivityRecord{6dcaa50 u0 com.android.chrome/com.google.android.apps.chrome.IntentDispatcher} t43693}#187144
01-02 12:27:31.488 I/Layer   ( 1097): id=187137 Destroyed Surface(name=ea2aaa5 StatusBar)/@0xd943e42 - animation-leash of insets_animation#187137
01-02 12:27:31.489 I/HYPER-HAL(  988): [ResourceManager.cpp]updateResource(): [CPUMinFreq] UpdateResource Request ID : 775654    Value : 1305600
01-02 12:27:31.489 I/Layer   ( 1097): id=187138 Destroyed Surface(name=621519f NavigationBar0)/@0x4c6a489 - animation-leash of insets_animation#187138
01-02 12:27:31.489 I/HYPER-HAL(  988): [RequestManager.cpp]acquire(): Acquired ID : 776901  [1226 / 20]    HINT : AMS_ACT_LAZY    list : 
01-02 12:27:31.490 I/HYPER-HAL(  988): [ResourceManager.cpp]removeResource(): [CPULittleMinFreq] RemoveResource Request ID : 778149
01-02 12:27:31.492 I/HYPER-HAL(  988): [ResourceManager.cpp]removeResource(): [CPUMinFreq] RemoveResource Request ID : 778149
01-02 12:27:31.492 I/HYPER-HAL(  988): [RequestManager.cpp]releaseLocked(): Released ID : 778149
01-02 12:27:31.492 D/InputDispatcher( 1226): Focus request (0): dc44a1e com.android.chrome/com.google.android.apps.chrome.Main but waiting because NOT_VISIBLE
01-02 12:27:31.494 I/SurfaceFlinger( 1097): id=187089 Removed SurfaceView[com.android.chrome/com.google.android.apps.chrome.Main]@0#187089 (229)
01-02 12:27:31.494 I/SurfaceFlinger( 1097): id=187091 Removed Background for SurfaceView[com.android.chrome/com.google.android.apps.chrome.Main]@0#187091 (229)
01-02 12:27:31.498 I/SAMSUNGWALLET(21816): [Hint_ProcessStatusChange] fg Change, pid : 3312 , isNotify : true , isForeground : true , fg list : [3312, 32315]
01-02 12:27:31.502 I/Layer   ( 1097): id=187091 Destroyed Background for SurfaceView[com.android.chrome/com.google.android.apps.chrome.Main]@0#187091
01-02 12:27:31.502 I/Layer   ( 1097): id=187089 Destroyed SurfaceView[com.android.chrome/com.google.android.apps.chrome.Main]@0#187089
01-02 12:27:31.505 I/SAMSUNGWALLET(21816): [Hint_SimpleHintProcessMonitor] isHomePackageRunning topPkgName = com.android.chrome, topClsName = org.chromium.chrome.browser.ChromeTabbedActivity, return false , se : false
01-02 12:27:31.506 I/SAMSUNGWALLET(21816): [Hint_PayHintService] Hint Status - already invisible, skip hide : [4000000] - Home Package Not Running
01-02 12:27:31.519 I/DecorView( 3312): notifyKeepScreenOnChanged: keepScreenOn=false
01-02 12:27:31.527 I/DecorView( 3312): notifyKeepScreenOnChanged: keepScreenOn=false
01-02 12:27:31.527 I/cr_E2E_DCController( 3312): setSafeAreaConstraint: false
01-02 12:27:31.531 E/AtomicFile( 3312): Failed to sync file output stream
01-02 12:27:31.532 D/BoundBrokerSvc( 2494): onRebind: Intent { act=com.google.android.gms.auth.aang.events.services.START dat=chimera-action:/... cmp=com.google.android.gms/.chimera.PersistentApiService }
01-02 12:27:31.547 I/cr_MessagesMetrics( 3312): Triggered message stacking animation type 1.
01-02 12:27:31.550 I/DecorView( 3312): notifyKeepScreenOnChanged: keepScreenOn=false
01-02 12:27:31.551 I/ViewRootImpl@a4bfc7a[Main]( 3312): performTraversals params={(0,0)(fillxfill) sim={state=always_hidden adjust=resize} ty=BASE_APPLICATION wanim=0x1030309 sysuil=true
01-02 12:27:31.551 I/ViewRootImpl@a4bfc7a[Main]( 3312):   fl=81810100
01-02 12:27:31.551 I/ViewRootImpl@a4bfc7a[Main]( 3312):   pfl=16020040
01-02 12:27:31.551 I/ViewRootImpl@a4bfc7a[Main]( 3312):   vsysui=100
01-02 12:27:31.551 I/ViewRootImpl@a4bfc7a[Main]( 3312):   bhv=DEFAULT
01-02 12:27:31.551 I/ViewRootImpl@a4bfc7a[Main]( 3312):   fitSides= naviIconColor=0}
01-02 12:27:31.552 I/ViewRootImpl@a4bfc7a[Main]( 3312): performTraversals mFirst=false windowShouldResize=false viewVisibilityChanged=false mForceNextWindowRelayout=false params={(0,0)(fillxfill) sim={state=always_hidden adjust=resize} ty=BASE_APPLICATION fmt=TRANSLUCENT wanim=0x1030309 sysuil=true
01-02 12:27:31.552 I/ViewRootImpl@a4bfc7a[Main]( 3312):   fl=81810100
01-02 12:27:31.552 I/ViewRootImpl@a4bfc7a[Main]( 3312):   pfl=16020040
01-02 12:27:31.552 I/ViewRootImpl@a4bfc7a[Main]( 3312):   vsysui=100
01-02 12:27:31.552 I/ViewRootImpl@a4bfc7a[Main]( 3312):   bhv=DEFAULT
01-02 12:27:31.552 I/ViewRootImpl@a4bfc7a[Main]( 3312):   fitSides= naviIconColor=0}
01-02 12:27:31.553 I/SurfaceFlinger( 1097): id=187153 createSurf, flag=40000, com.android.chrome/ChromeChildSurface#187153
01-02 12:27:31.553 I/SyncManager(28194): (REDACTED) Executing sync(type=%s%s)
01-02 12:27:31.554 V/WindowManager( 1226): Relayout Window{dc44a1e u0 com.android.chrome/com.google.android.apps.chrome.Main}: viewVisibility=0 req=1440x3200 d0
01-02 12:27:31.556 V/WindowManager( 1226): Relayout hash=dc44a1e, pid=3312, syncId=-1: mAttrs={(0,0)(fillxfill) sim={state=always_hidden adjust=resize} ty=BASE_APPLICATION fmt=TRANSLUCENT wanim=0x1030309 sysuil=true
01-02 12:27:31.556 V/WindowManager( 1226):   fl=81810100
01-02 12:27:31.556 V/WindowManager( 1226):   pfl=16020040
01-02 12:27:31.556 V/WindowManager( 1226):   vsysui=100
01-02 12:27:31.556 V/WindowManager( 1226):   bhv=DEFAULT
01-02 12:27:31.556 V/WindowManager( 1226):   fitSides= naviIconColor=0}
01-02 12:27:31.558 I/ViewRootImpl@a4bfc7a[Main]( 3312): updateBlastSurfaceIfNeeded mBlastBufferQueue=0xb400007277bf3e30 isSameSurfaceControl=true
01-02 12:27:31.558 I/BLASTBufferQueue( 3312): update, w= 1440 h= 3200 mName = ViewRootImpl@a4bfc7a[Main] mNativeObject= 0xb400007277bf3e30 sc.mNativeObject= 0xb400007207c50c00 format= -3 caller= android.view.ViewRootImpl.updateBlastSurfaceIfNeeded:2898 android.view.ViewRootImpl.relayoutWindow:9847 android.view.ViewRootImpl.performTraversals:3884 android.view.ViewRootImpl.doTraversal:3116 android.view.ViewRootImpl$TraversalRunnable.run:10885 android.view.Choreographer$CallbackRecord.run:1301 
01-02 12:27:31.558 I/ViewRootImpl@a4bfc7a[Main]( 3312): Relayout returned: old=(0,0,1440,3200) new=(0,0,1440,3200) req=(1440,3200)0 dur=6 res=0x1 s={true 0xb400007307c41180} ch=false seqId=0
01-02 12:27:31.558 I/ViewRootImpl@a4bfc7a[Main]( 3312): updateBoundsLayer: t = android.view.SurfaceControl$Transaction@dba0fdf sc = Surface(name=Bounds for - com.android.chrome/com.google.android.apps.chrome.Main@1)/@0x14f6296 frame = 5
01-02 12:27:31.558 I/ViewRootImpl@a4bfc7a[Main]( 3312): mWNT: t=0xb400007237bf41b0 mBlastBufferQueue=0xb400007277bf3e30 fn= 5 caller= android.view.ViewRootImpl.prepareSurfaces:2985 android.view.ViewRootImpl.performTraversals:4233 android.view.ViewRootImpl.doTraversal:3116 
01-02 12:27:31.559 I/ViewRootImpl@a4bfc7a[Main]( 3312): reportNextDraw android.view.ViewRootImpl.performTraversals:4438 android.view.ViewRootImpl.doTraversal:3116 android.view.ViewRootImpl$TraversalRunnable.run:10885 android.view.Choreographer$CallbackRecord.run:1301 android.view.Choreographer$CallbackRecord.run:1309 
01-02 12:27:31.559 I/ViewRootImpl@a4bfc7a[Main]( 3312): Setup new sync id=3
01-02 12:27:31.559 I/ViewRootImpl@a4bfc7a[Main]( 3312): Setting syncFrameCallback
01-02 12:27:31.559 I/ViewRootImpl@a4bfc7a[Main]( 3312): registerCallbacksForSync syncBuffer=false
01-02 12:27:31.561 I/ViewRootImpl@a4bfc7a[Main]( 3312): Received frameDrawingCallback syncResult=0 frameNum=5.
01-02 12:27:31.561 I/ViewRootImpl@a4bfc7a[Main]( 3312): Setting up sync and frameCommitCallback
01-02 12:27:31.562 I/ViewRootImpl@a4bfc7a[Main]( 3312): Received frameCommittedCallback lastAttemptedDrawFrameNum=5 didProduceBuffer=true
01-02 12:27:31.575 I/ViewRootImpl@a4bfc7a[Main]( 3312): onSyncComplete
01-02 12:27:31.575 I/ViewRootImpl@a4bfc7a[Main]( 3312): setupSync seqId=0 mSyncId=-1 fn=5 caller=android.view.ViewRootImpl$$ExternalSyntheticLambda11.accept:6 android.window.SurfaceSyncer.lambda$setupSync$1$android-window-SurfaceSyncer:128 android.window.SurfaceSyncer$$ExternalSyntheticLambda1.accept:8 android.window.SurfaceSyncer$SyncSet.checkIfSyncIsComplete:382 android.window.SurfaceSyncer$SyncSet.lambda$merge$1$android-window-SurfaceSyncer$SyncSet:435 android.window.SurfaceSyncer$SyncSet$$ExternalSyntheticLambda0.accept:6 android.window.SurfaceSyncer$SyncSet.lambda$updateCallback$0:407 
01-02 12:27:31.575 I/ViewRootImpl@a4bfc7a[Main]( 3312): onSyncComplete
01-02 12:27:31.575 I/ViewRootImpl@a4bfc7a[Main]( 3312): setupSync seqId=0 mSyncId=-1 fn=5 caller=android.view.ViewRootImpl$$ExternalSyntheticLambda11.accept:6 android.window.SurfaceSyncer.lambda$setupSync$1$android-window-SurfaceSyncer:128 android.window.SurfaceSyncer$$ExternalSyntheticLambda1.accept:8 android.window.SurfaceSyncer$SyncSet.checkIfSyncIsComplete:382 android.window.SurfaceSyncer$SyncSet.lambda$merge$1$android-window-SurfaceSyncer$SyncSet:435 android.window.SurfaceSyncer$SyncSet$$ExternalSyntheticLambda0.accept:6 android.window.SurfaceSyncer$SyncSet.lambda$updateCallback$0:407 
01-02 12:27:31.575 I/ViewRootImpl@a4bfc7a[Main]( 3312): reportDrawFinished seqId=0 mSyncId=-1 fn=5 mSurfaceChangedTransaction=0xb400007237bf2d70
01-02 12:27:31.575 I/ViewRootImpl@a4bfc7a[Main]( 3312): reportDrawFinished seqId=0 mSyncId=-1 fn=5 mSurfaceChangedTransaction=0xb400007237bf2d70
01-02 12:27:31.575 I/SurfaceView@7953b6( 3312): finishedDrawing
01-02 12:27:31.575 D/WindowManager( 1226): finishDrawingWindow: Window{dc44a1e u0 com.android.chrome/com.google.android.apps.chrome.Main} mDrawState=DRAW_PENDING seqId=0
01-02 12:27:31.576 D/WindowManager( 1226): Loading animation for app transition. transit=TRANSIT_OLD_TASK_TO_FRONT enter=false frame=Rect(0, 0 - 1440, 3036) insets=Rect(0, 0 - 0, 0) surfaceInsets=Rect(0, 0 - 0, 0)
01-02 12:27:31.577 I/WindowManager( 1226): Reparenting to leash, surface=Surface(name=Task=43687)/@0xaf47758, leashParent=Surface(name=DefaultTaskDisplayArea)/@0x58976dd
01-02 12:27:31.577 I/SurfaceFlinger( 1097): id=187154 createSurf, flag=24000, Surface(name=Task=43687)/@0xaf47758 - animation-leash of app_transition#187154
01-02 12:27:31.580 D/WindowManager( 1226): makeSurface duration=2 leash=Surface(name=Surface(name=Task=43687)/@0xaf47758 - animation-leash of app_transition)/@0x2b94668
01-02 12:27:31.580 D/WindowManager( 1226): Loading animation for app transition. transit=TRANSIT_OLD_TASK_TO_FRONT enter=true frame=Rect(0, 0 - 1440, 3200) insets=Rect(0, 104 - 0, 60) surfaceInsets=Rect(0, 0 - 0, 0)
01-02 12:27:31.580 I/SurfaceFlinger( 1097): id=187155 createSurf, flag=20004, DimAnimationLayer for Task=43355#187155
01-02 12:27:31.582 I/WindowManager( 1226): Reparenting to leash, surface=Surface(name=Task=43355)/@0x11e599a, leashParent=Surface(name=DefaultTaskDisplayArea)/@0x58976dd
01-02 12:27:31.582 I/SurfaceFlinger( 1097): id=187156 createSurf, flag=24004, Surface(name=Task=43355)/@0x11e599a - animation-leash of app_transition#187156
01-02 12:27:31.583 D/WindowManager( 1226): makeSurface duration=1 leash=Surface(name=Surface(name=Task=43355)/@0x11e599a - animation-leash of app_transition)/@0x47f4f67
01-02 12:27:31.583 D/ActivityTaskManager( 1226): mStartingWindow and mStartingData is null for token=ActivityRecord{214a8cd u0 com.android.chrome/com.google.android.apps.chrome.Main} t43355}
01-02 12:27:31.583 V/WindowManager( 1226): performShowLocked: mDrawState=HAS_DRAWN in Window{dc44a1e u0 com.android.chrome/com.google.android.apps.chrome.Main}
01-02 12:27:31.584 D/WindowManager( 1226): fadeWindowToken, show=false, animationType=token_transform, topWindow=Window{621519f u0 NavigationBar0}, token=WindowToken{b70cf3e type=2019 android.os.BinderProxy@d985ac0}, caller=com.android.server.wm.NavBarFadeAnimationController.lambda$fadeWindowToken$0:85 com.android.server.wm.NavBarFadeAnimationController.$r8$lambda$IY4wpcMv4SfehedLdcXxwrAs9wg:0 com.android.server.wm.NavBarFadeAnimationController$$ExternalSyntheticLambda0.run:4 com.android.server.wm.NavBarFadeAnimationController.fadeWindowToken:88 com.android.server.wm.NavBarFadeAnimationController.fadeOutAndInSequentially:113 
01-02 12:27:31.584 I/WindowManager( 1226): Reparenting to leash, surface=Surface(name=WindowToken{b70cf3e type=2019 android.os.BinderProxy@d985ac0})/@0x9abfc8e, leashParent=Surface(name=Leaf:24:25)/@0xfcd9a3b
01-02 12:27:31.584 I/SurfaceFlinger( 1097): id=187157 createSurf, flag=24000, Surface(name=WindowToken{b70cf3e type=2019 android.os.BinderProxy@d985ac0})/@0x9abfc8e - animation-leash of token_transform#187157
01-02 12:27:31.585 D/WindowManager( 1226): makeSurface duration=2 leash=Surface(name=Surface(name=WindowToken{b70cf3e type=2019 android.os.BinderProxy@d985ac0})/@0x9abfc8e - animation-leash of token_transform)/@0xf059dbd
01-02 12:27:31.586 D/RestrictionPolicy( 1226): isScreenCaptureEnabled : ret=true userId=0
01-02 12:27:31.594 I/Layer   ( 1097): id=187158 Destroyed Screenshot Parent#187158
01-02 12:27:31.600 I/SyncManager(28194): (REDACTED) Executing sync(type=%s) finished in %s
01-02 12:27:31.604 D/WindowManager( 1226): finishDrawingWindow: Window{dc44a1e u0 com.android.chrome/com.google.android.apps.chrome.Main} mDrawState=HAS_DRAWN seqId=0
01-02 12:27:31.604 D/ActivityTaskManager( 1226): mStartingWindow and mStartingData is null for token=ActivityRecord{214a8cd u0 com.android.chrome/com.google.android.apps.chrome.Main} t43355}
01-02 12:27:31.611 W/cr_SegmentationPlatform( 3312): Signal type not found: 16
01-02 12:27:31.612 D/[secipm]( 1226): mSecIpmManager report to nap
01-02 12:27:31.612 I/PkgPredictorService-SecIpmManagerServiceImpl( 1226): reportToNAP uid:10531 com.android.chrome/com.google.android.apps.chrome.Main thisTime:323
01-02 12:27:31.616 I/ActivityTaskManager( 1226): Displayed com.android.chrome/com.google.android.apps.chrome.Main: +323ms
01-02 12:27:31.616 I/Pageboost( 1226): Launch time gathered : pid 3312 com.android.chrome 323
01-02 12:27:31.616 E/pageboostd( 3573): Received HALT command code 2
01-02 12:27:31.619 I/Layer   ( 1097): Layer [com.android.chrome/com.google.android.apps.chrome.Main$_3312#187145] hidden!! flag(0)
01-02 12:27:31.619 I/ViewRootImpl@a4bfc7a[Main]( 3312): performTraversals params={(0,0)(fillxfill) sim={state=always_hidden adjust=resize} ty=BASE_APPLICATION fmt=TRANSLUCENT wanim=0x1030309 sysuil=true
01-02 12:27:31.619 I/ViewRootImpl@a4bfc7a[Main]( 3312):   fl=81810100
01-02 12:27:31.619 I/ViewRootImpl@a4bfc7a[Main]( 3312):   pfl=16020040
01-02 12:27:31.619 I/ViewRootImpl@a4bfc7a[Main]( 3312):   vsysui=100
01-02 12:27:31.619 I/ViewRootImpl@a4bfc7a[Main]( 3312):   apr=LIGHT_NAVIGATION_BARS
01-02 12:27:31.619 I/ViewRootImpl@a4bfc7a[Main]( 3312):   bhv=DEFAULT
01-02 12:27:31.619 I/ViewRootImpl@a4bfc7a[Main]( 3312):   fitSides= naviIconColor=0}
01-02 12:27:31.619 I/ViewRootImpl@a4bfc7a[Main]( 3312): performTraversals mFirst=false windowShouldResize=false viewVisibilityChanged=false mForceNextWindowRelayout=false params={(0,0)(fillxfill) sim={state=always_hidden adjust=resize} ty=BASE_APPLICATION fmt=TRANSLUCENT wanim=0x1030309 sysuil=true
01-02 12:27:31.619 I/ViewRootImpl@a4bfc7a[Main]( 3312):   fl=81810100
01-02 12:27:31.619 I/ViewRootImpl@a4bfc7a[Main]( 3312):   pfl=16020040
01-02 12:27:31.619 I/ViewRootImpl@a4bfc7a[Main]( 3312):   vsysui=100
01-02 12:27:31.619 I/ViewRootImpl@a4bfc7a[Main]( 3312):   apr=LIGHT_NAVIGATION_BARS
01-02 12:27:31.619 I/ViewRootImpl@a4bfc7a[Main]( 3312):   bhv=DEFAULT
01-02 12:27:31.619 I/ViewRootImpl@a4bfc7a[Main]( 3312):   fitSides= naviIconColor=0}
01-02 12:27:31.620 V/WindowManager( 1226): Relayout Window{dc44a1e u0 com.android.chrome/com.google.android.apps.chrome.Main}: viewVisibility=0 req=1440x3200 d0
01-02 12:27:31.620 D/WindowManager( 1226): updateSystemBarAttributes: displayId=0, win=Window{dc44a1e u0 com.android.chrome/com.google.android.apps.chrome.Main}, navColorWin=Window{dc44a1e u0 com.android.chrome/com.google.android.apps.chrome.Main}, focusedCanBeNavColorWin=false, behavior=1, appearance=16, statusBarAppearanceRegions=[AppearanceRegion{ bounds=[0,0][1440,3200]}], requestedVisibilities=, from=com.android.server.wm.DisplayPolicy.finishPostLayoutPolicyLw:2527 com.android.server.wm.DisplayContent.applySurfaceChangesTransaction:5713 com.android.server.wm.RootWindowContainer.applySurfaceChangesTransaction:1234 
01-02 12:27:31.622 V/WindowManager( 1226): Relayout hash=dc44a1e, pid=3312, syncId=-1: mAttrs={(0,0)(fillxfill) sim={state=always_hidden adjust=resize} ty=BASE_APPLICATION fmt=TRANSLUCENT wanim=0x1030309 sysuil=true
01-02 12:27:31.622 V/WindowManager( 1226):   fl=81810100
01-02 12:27:31.622 V/WindowManager( 1226):   pfl=16020040
01-02 12:27:31.622 V/WindowManager( 1226):   vsysui=100
01-02 12:27:31.622 V/WindowManager( 1226):   apr=LIGHT_NAVIGATION_BARS
01-02 12:27:31.622 V/WindowManager( 1226):   bhv=DEFAULT
01-02 12:27:31.622 V/WindowManager( 1226):   fitSides= naviIconColor=0}
01-02 12:27:31.622 D/NavigationBar( 2437): onSystemBarAttributesChanged() -  displayId:0, appearance:16, packageName: com.android.chrome (APPEARANCE_LIGHT_NAVIGATION_BARS ), navbarColorManagedByIme:false
01-02 12:27:31.622 I/ViewRootImpl@a4bfc7a[Main]( 3312): updateBlastSurfaceIfNeeded mBlastBufferQueue=0xb400007277bf3e30 isSameSurfaceControl=true
01-02 12:27:31.623 I/BLASTBufferQueue( 3312): update, w= 1440 h= 3200 mName = ViewRootImpl@a4bfc7a[Main] mNativeObject= 0xb400007277bf3e30 sc.mNativeObject= 0xb400007207c31e60 format= -3 caller= android.view.ViewRootImpl.updateBlastSurfaceIfNeeded:2898 android.view.ViewRootImpl.relayoutWindow:9847 android.view.ViewRootImpl.performTraversals:3884 android.view.ViewRootImpl.doTraversal:3116 android.view.ViewRootImpl$TraversalRunnable.run:10885 android.view.Choreographer$CallbackRecord.run:1301 
01-02 12:27:31.623 I/ViewRootImpl@a4bfc7a[Main]( 3312): Relayout returned: old=(0,0,1440,3200) new=(0,0,1440,3200) req=(1440,3200)0 dur=3 res=0x0 s={true 0xb400007307c41180} ch=false seqId=0
01-02 12:27:31.623 I/ViewRootImpl@a4bfc7a[Main]( 3312): updateBoundsLayer: t = android.view.SurfaceControl$Transaction@dba0fdf sc = Surface(name=Bounds for - com.android.chrome/com.google.android.apps.chrome.Main@1)/@0x14f6296 frame = 10
01-02 12:27:31.623 I/ViewRootImpl@a4bfc7a[Main]( 3312): mWNT: t=0xb400007237bf41b0 mBlastBufferQueue=0xb400007277bf3e30 fn= 10 caller= android.view.ViewRootImpl.prepareSurfaces:2985 android.view.ViewRootImpl.performTraversals:4233 android.view.ViewRootImpl.doTraversal:3116 
01-02 12:27:31.626 I/Layer   ( 1097): id=187159 Destroyed Screenshot Parent#187159
01-02 12:27:31.628 I/SurfaceFlinger( 1097): id=187160 createSurf, flag=40404, Bottom Edge Extension#187160
01-02 12:27:31.631 I/SurfaceFlinger( 1097): id=187161 createSurf, flag=400, bbq-wrapper#187161
01-02 12:27:31.634 I/BLASTBufferQueue( 1226): [bbq-adapter#2096](f:0,a:0) onFrameAvailable the first frame is available
01-02 12:27:31.635 I/SyncManager(28194): (REDACTED) Executing sync(type=%s%s)
01-02 12:27:31.642 I/SyncManager(28194): (REDACTED) Executing sync(type=%s) finished in %s
01-02 12:27:31.644 I/Layer   ( 1097): id=187162 Destroyed Screenshot Parent#187162
01-02 12:27:31.644 I/SyncManager(28194): (REDACTED) Executing sync(type=%s%s)
01-02 12:27:31.650 I/SyncManager(28194): (REDACTED) Executing sync(type=%s) finished in %s
01-02 12:27:31.651 I/SurfaceFlinger( 1097): id=187163 createSurf, flag=40404, Top Edge Extension#187163
01-02 12:27:31.658 I/SurfaceFlinger( 1097): id=187164 createSurf, flag=400, bbq-wrapper#187164
01-02 12:27:31.661 I/BLASTBufferQueue( 1226): [bbq-adapter#2097](f:0,a:0) onFrameAvailable the first frame is available
01-02 12:27:31.688 D/InputDispatcher( 1226): Focus entered window (0): dc44a1e com.android.chrome/com.google.android.apps.chrome.Main
01-02 12:27:31.688 I/ViewRootImpl@a4bfc7a[Main]( 3312): MSG_WINDOW_FOCUS_CHANGED 1 0
01-02 12:27:31.688 I/ViewRootImpl@a4bfc7a[Main]( 3312): mThreadedRenderer.initializeIfNeeded()#2 mSurface={isValid=true 0xb400007307c41180}
01-02 12:27:31.689 D/InputMethodManager( 3312): startInputInner - Id : 0
01-02 12:27:31.689 I/InputMethodManager( 3312): startInputInner - mService.startInputOrWindowGainedFocus
01-02 12:27:31.693 D/CompatibilityChangeReporter( 1226): Compat change id reported: 214016041; UID 10531; state: ENABLED
01-02 12:27:31.693 V/InputMethodManagerService( 1226): Window asks to hide input
01-02 12:27:31.693 V/InputMethodManagerService( 1226): hideCurrentInputLocked : canceled, shouldHideSoftInput=false, mInputShown=false, mImeWindowVis=0
01-02 12:27:31.693 I/InputMethodBindingController( 1226): setCurrentMethodNotVisible: mVisibleBound=false, mHasConnection=true, caller = com.android.server.inputmethod.InputMethodManagerService.hideCurrentInputLocked:4356 com.android.server.inputmethod.InputMethodManagerService.startInputOrWindowGainedFocusInternalLocked:4719 com.android.server.inputmethod.InputMethodManagerService.startInputOrWindowGainedFocusInternal:4440 com.android.server.inputmethod.InputMethodManagerService.startInputOrWindowGainedFocus:4379 com.android.internal.view.IInputMethodManager$Stub.onTransact:518 com.android.server.inputmethod.InputMethodManagerService.onTransact:2302 android.os.Binder.execTransactInternal:1316 android.os.Binder.execTransact:1280 <bottom of call stack> <bottom of call stack> 
01-02 12:27:31.693 D/InputMethodManagerService( 1226): DESKTOP MODE! : 2
01-02 12:27:31.693 D/InputMethodManagerService( 1226): NOT IN KNOX DESKTOP MODE!
01-02 12:27:31.693 V/InputMethodManagerService( 1226): getDisplayIdOfInputMethodWindowToBeAdded: displayId=0
01-02 12:27:31.693 D/InputMethodManagerService( 1226): isImeSwitcherDisabledPackage : false
01-02 12:27:31.693 D/InputMethodManagerService( 1226): shouldShowImeSwitcherLocked : checking vis : 3
01-02 12:27:31.693 D/InputTransport(32315): Input channel destroyed: 'ClientS', fd=174
01-02 12:27:31.694 D/InputMethodManagerService( 1226): checkDisplayOfStartInputAndUpdateKeyboard: displayId=0, mFocusedDisplayId=0
01-02 12:27:31.694 D/InputTransport( 1226): Input channel constructed: 'ClientS', fd=822
01-02 12:27:31.694 D/InputTransport( 1226): Input channel destroyed: 'ClientS', fd=822
01-02 12:27:31.697 D/InputMethodService( 8857): checkFocusedDisplay() display Id 0last 0
01-02 12:27:31.698 D/SurfaceFlinger( 1097): Display 4630947232161729153 HWC layers:
01-02 12:27:31.698 D/SurfaceFlinger( 1097):      CLIENT | 0xb400006fedb682d0 | 0102 | RGBA_8888    |    0.0    0.0    0.0    0.0 |    0 3190 1440 3200 | bbq-wrapper#187161
01-02 12:27:31.698 D/SurfaceFlinger( 1097):      CLIENT | 0xb400006fedb977f0 | 0102 | RGBA_8888    |    0.0   10.0 1440.0 3200.0 |    0    0 1440 3190 | net.qsgl365/net.qsgl365.MainActivity$_32315#187136
01-02 12:27:31.698 D/SurfaceFlinger( 1097):      CLIENT | 0xb400006fedb83b40 | 0102 | RGBA_8888    |    0.0    0.0 1440.0    1.0 |    0    0 1440  537 | bbq-wrapper#187164
01-02 12:27:31.698 D/SurfaceFlinger( 1097):      CLIENT | 0xb400006fedb89ae0 | 0102 | RGBA_8888    |    0.0    0.0 1440.0 2559.0 |    0  641 1440 3200 | com.android.chrome/ChromeChildSurface#187153
01-02 12:27:31.698 D/SurfaceFlinger( 1097):      CLIENT | 0xb400006fedb7a510 | 0100 | RGBA_8888    |    0.0    0.0 1440.0 2663.0 |    0  537 1440 3200 | com.android.chrome/com.google.android.apps.chrome.Main$_3312#187145
01-02 12:27:31.698 D/SurfaceFlinger( 1097):      CLIENT | 0xb400006fedb7aa20 | 0100 | RGBA_8888    |    0.0    0.0 1440.0  104.0 |    0    0 1440  104 | StatusBar$_2437#89
01-02 12:27:31.698 D/SurfaceFlinger( 1097):      CLIENT | 0xb400006fedb4f640 | 0100 | RGBA_8888    |    0.0    0.0 1440.0  192.0 |    0 3008 1440 3200 |
01-02 12:27:31.698 D/SurfaceFlinger( 1097):  NavigationBar0$_2437#84
01-02 12:27:31.698 D/SurfaceFlinger( 1097): 
01-02 12:27:31.698 D/RestrictionPolicy( 1226): isScreenCaptureEnabled : ret=true userId=0
01-02 12:27:31.699 I/WindowManager( 1226): Cancelling animation restarting=true, leash=Surface(name=Surface(name=339c562 InputMethod)/@0xe1a9eba - animation-leash of insets_animation)/@0xbf63959
01-02 12:27:31.699 I/WindowManager( 1226): Reparenting to original parent: Surface(name=WindowToken{2d60e4f type=2011 android.os.Binder@324d0ae})/@0xb8e716b, destroy=false, surface=Surface(name=339c562 InputMethod)/@0xe1a9eba
01-02 12:27:31.699 I/WindowManager( 1226): Reparenting to leash, surface=Surface(name=339c562 InputMethod)/@0xe1a9eba, leashParent=Surface(name=WindowToken{2d60e4f type=2011 android.os.Binder@324d0ae})/@0xb8e716b
01-02 12:27:31.699 I/SurfaceFlinger( 1097): id=187165 createSurf, flag=24004, Surface(name=339c562 InputMethod)/@0xe1a9eba - animation-leash of insets_animation#187165
01-02 12:27:31.702 D/SemNscXgbMsL1( 1226): Probability - Cloud gaming: [0.015416256]
01-02 12:27:31.702 D/WindowManager( 1226): makeSurface duration=3 leash=Surface(name=Surface(name=339c562 InputMethod)/@0xe1a9eba - animation-leash of insets_animation)/@0x73ee229
01-02 12:27:31.702 D/SemNscXgbMsL1( 1226): Probability - Real time: [0.35819888]
01-02 12:27:31.702 D/SemNscXgbMsL1( 1226): Probability - Non real time: [0.6684603]
01-02 12:27:31.702 D/SemNscXgbMsL1( 1226): 1 sample inference time: 0.567812 msecs
01-02 12:27:31.703 I/InputMethodManagerService( 1226): isAccessoryKeyboard 0
01-02 12:27:31.704 D/SemNscXgbL2Rt( 1226): L2 RT 1 sample inference time: 1.29375 msecs
01-02 12:27:31.705 D/SemNscXgbL2Nrt( 1226): L2 NRT 1 sample inference time: 0.904843 msecs
01-02 12:27:31.706 D/InputMethodManagerService( 1226): isImeSwitcherDisabledPackage : false
01-02 12:27:31.708 I/InputMethodService( 8857): removeImeSurface
01-02 12:27:31.708 I/MSHandlerLifeCycle( 8857): check: return. pkg=com.sohu.inputmethod.sogou isActivity=false callers=com.android.internal.policy.DecorView.setVisibility:4412 android.app.Dialog.hide:767 android.inputmethodservice.InputMethodService.removeImeSurface:1290 android.inputmethodservice.InputMethodService.scheduleImeSurfaceRemoval:1279 android.inputmethodservice.InputMethodService.-$$Nest$mscheduleImeSurfaceRemoval:0 
01-02 12:27:31.708 I/MSHandlerLifeCycle( 8857): removeMultiSplitHandler: no exist. decor=DecorView@a6edfde[InputMethod]
01-02 12:27:31.715 I/ndroid.systemui( 2437): NativeAlloc concurrent copying GC freed 308686(14MB) AllocSpace objects, 78(1944KB) LOS objects, 41% free, 33MB/57MB, paused 110us,50us total 106.827ms
01-02 12:27:31.715 D/SurfaceFlinger( 1097): Display 4630947232161729153 HWC layers:
01-02 12:27:31.715 D/SurfaceFlinger( 1097):      CLIENT | 0xb400006fedb682d0 | 0102 | RGBA_8888    |    0.0    0.0    0.0    0.0 |    0 3175 1440 3200 | bbq-wrapper#187161
01-02 12:27:31.715 D/SurfaceFlinger( 1097):      CLIENT | 0xb400006fedb977f0 | 0102 | RGBA_8888    |    0.0   25.0 1440.0 3200.0 |    0    0 1440 3175 | net.qsgl365/net.qsgl365.MainActivity$_32315#187136
01-02 12:27:31.715 D/SurfaceFlinger( 1097):      CLIENT | 0xb400006fedb83b40 | 0102 | RGBA_8888    |    0.0    0.0 1440.0    1.0 |    0    0 1440  445 | bbq-wrapper#187164
01-02 12:27:31.715 D/SurfaceFlinger( 1097):      CLIENT |              | 0000 |  Unknown  |    0.0    0.0    0.0    0.0 |    0    0 1440 3200 | DimAnimationLayer for Task=43355#187155
01-02 12:27:31.715 D/SurfaceFlinger( 1097):      CLIENT | 0xb400006fedb98c30 | 0102 | RGBA_8888    |    0.0    0.0 1440.0 2651.0 |    0  549 1440 3200 | com.android.chrome/ChromeChildSurface#187153
01-02 12:27:31.715 D/SurfaceFlinger( 1097):      CLIENT | 0xb400006fedb90140 | 0100 | RGBA_8888    |    0.0    0.0 1440.0 2755.0 |    0  445 1440 3200 | com.android.chrome/com.google.android.apps.chrome.Main$_3312#187145
01-02 12:27:31.715 D/SurfaceFlinger( 1097):      CLIENT | 0xb400006fedb7aa20 | 0100 | RGBA_8888    |    0.0    0.0 1440.0  104.0 |    0    0
01-02 12:27:31.716 D/SurfaceFlinger( 1097):  1440  104 | StatusBar$_2437#89
