--------- beginning of main
01-02 12:27:30.113 W/adbd    (10336): timed out while waiting for FUNCTIONFS_BIND, trying again
01-02 12:27:30.113 I/adbd    (10336): UsbFfs: connection terminated: monitor thread finished
01-02 12:27:30.114 I/adbd    (10336): UsbFfs: already offline
01-02 12:27:30.114 I/adbd    (10336): destroying transport UsbFfs
01-02 12:27:30.114 I/adbd    (10336): UsbFfsConnection being destroyed
01-02 12:27:30.130 I/adbd    (10336): opening control endpoint /dev/usb-ffs/adb/ep0
01-02 12:27:30.131 I/adbd    (10336): UsbFfsConnection constructed
01-02 12:27:30.131 I/adbd    (10336): UsbFfs-monitor thread spawned
01-02 12:27:30.371 D/MobileStatusTracker(1/12)( 2437): onDataActivity: direction=0
01-02 12:27:30.373 D/MobileSignalController(1/12)( 2437): notifyListener: enabled=true, connected=true, dataConnected=true, networkType=NR/NR_NSA is5gAvailable=false (5G_OneShaped_CHN), emergencyOnly=false, roaming=false, isDefault=false, dataActivity=, level=5, ca=false, mmWave=false, disabledDataIcon=true, simCard=ETC
--------- beginning of system
01-02 12:27:30.411 I/wpa_supplicant( 7744): Heartbeat 1579
01-02 12:27:30.446 I/sensors-hal(  985): handle_sns_client_event:523, [111297] mag_sample_cal: ts=971203024646830 ns; cal = [27.474953, 30.651167, -24.212248], uncal = [112.496811, 17.320312, -6.783150], bias = [85.021858, -13.330854, 17.429098], status=2
01-02 12:27:30.456 D/MobileStatusTracker(0/4)( 2437): onDataActivity: direction=0
01-02 12:27:30.458 D/MobileSignalController(0/4)( 2437): notifyListener: enabled=true, connected=true, dataConnected=false, networkType=LTE (4G_CHN), emergencyOnly=false, roaming=false, isDefault=false, dataActivity=, level=5, ca=false, mmWave=false, disabledDataIcon=true, simCard=CMCC
01-02 12:27:30.458 I/sensors-hal(  985): handle_sns_std_sensor_event:86, [55497] Pressure - 1025.00
01-02 12:27:30.468 I/com.tencent.mm( 8872): Explicit concurrent copying GC freed 17192(701KB) AllocSpace objects, 0(0B) LOS objects, 8% free, 85MB/93MB, paused 244us,363us total 963.254ms
01-02 12:27:30.468 I/com.tencent.mm( 8872): WaitForGcToComplete blocked NativeAlloc on Explicit for 741.717ms
01-02 12:27:30.693 I/SemWifiServiceDetector( 1226): Traff. tracking started
01-02 12:27:31.133 W/adbd    (10336): timed out while waiting for FUNCTIONFS_BIND, trying again
01-02 12:27:31.133 I/adbd    (10336): UsbFfs: connection terminated: monitor thread finished
01-02 12:27:31.134 I/adbd    (10336): UsbFfs: already offline
01-02 12:27:31.134 I/adbd    (10336): destroying transport UsbFfs
01-02 12:27:31.134 I/adbd    (10336): UsbFfsConnection being destroyed
01-02 12:27:31.150 I/adbd    (10336): opening control endpoint /dev/usb-ffs/adb/ep0
01-02 12:27:31.152 I/adbd    (10336): UsbFfsConnection constructed
01-02 12:27:31.154 I/adbd    (10336): UsbFfs-monitor thread spawned
01-02 12:27:31.186 I/sensors-hal(  985): handle_sns_client_event:541, [0][124184] accel_sample [-0.041, -0.027,  9.644] 971203761111101
01-02 12:27:31.196 D/SemNscXgbMsL1( 1226): Probability - Cloud gaming: [0.008142967]
01-02 12:27:31.196 D/SemNscXgbMsL1( 1226): Probability - Real time: [0.14351599]
01-02 12:27:31.196 D/SemNscXgbMsL1( 1226): Probability - Non real time: [0.15049402]
01-02 12:27:31.197 D/SemNscXgbMsL1( 1226): 1 sample inference time: 1.157864 msecs
01-02 12:27:31.199 D/SemNscXgbL2Rt( 1226): L2 RT 1 sample inference time: 2.165261 msecs
01-02 12:27:31.200 D/SemNscXgbL2Nrt( 1226): L2 NRT 1 sample inference time: 1.41599 msecs
01-02 12:27:31.259 I/SemDvfsHyPerManager( 1226): acquire hyper - APP_LAUNCH/1226@637, type = -999
01-02 12:27:31.259 D/ActivityTaskManager( 1226): startActivityAsUser: callingPid=5735, callingUid=2000, caller=com.android.server.wm.ActivityTaskManagerService.startActivityAsUser:1816 com.android.server.am.ActivityManagerService.startActivityAsUserWithFeature:3747 com.android.server.am.ActivityManagerShellCommand.runStartActivity:656 com.android.server.am.ActivityManagerShellCommand.onCommand:222 com.android.modules.utils.BasicShellCommandHandler.exec:97 android.os.ShellCommand.exec:38 com.android.server.am.ActivityManagerService.onShellCommand:11276 
01-02 12:27:31.261 I/HYPER-HAL(  988): [RequestManager.cpp]acquire(): Acquired ID : 1736953  [1226 / 637]    HINT : APP_LAUNCH    list : 
01-02 12:27:31.262 I/HYPER-HAL(  988): [ResourceManager.cpp]updateResource(): [CPULittleMinFreq] UpdateResource Request ID : 1736953    Value : 1804800
01-02 12:27:31.262 I/SemDvfsHyPerManager( 5296): acquire hyper - APP_START_SHORT/5296@12, type = -999
01-02 12:27:31.262 I/ChimeraSystemEventListener( 1226): Not an effective intent: Intent { act=android.intent.action.VIEW dat=https://www.example.com/... flg=0x10000000 }
01-02 12:27:31.270 I/HYPER-HAL(  988): [ResourceManager.cpp]updateResource(): [CPUMinFreq] UpdateResource Request ID : 1736953    Value : 2841600
01-02 12:27:31.270 I/HYPER-HAL(  988): [RequestManager.cpp]acquire(): Acquired ID : 14090098  [5296 / 12]    HINT : APP_START    list : [TIMEOUT / 1500] 
01-02 12:27:31.271 I/HYPER-HAL(  988): [ResourceManager.cpp]updateResource(): [CPUMaxFreq] UpdateResource Request ID : 14090098    Value : 2841600
01-02 12:27:31.273 I/ActivityTaskManager( 1226): START u0 {act=android.intent.action.VIEW dat=https://www.example.com/... flg=0x10000000 cmp=com.android.chrome/com.google.android.apps.chrome.IntentDispatcher} from uid 2000
01-02 12:27:31.273 D/AppLockPolicy( 1226): isActivityInExceptionList: 
01-02 12:27:31.273 D/CompatibilityChangeReporter( 1226): Compat change id reported: 194480991; UID 10531; state: ENABLED
01-02 12:27:31.274 D/ActivityTaskManager( 1226): TaskLaunchParamsModifier:task=null activity=ActivityRecord{6dcaa50 u0 com.android.chrome/com.google.android.apps.chrome.IntentDispatcher} display-id=0 display-windowing-mode=1 suggested-display-area=DefaultTaskDisplayArea@136590770
01-02 12:27:31.274 D/[secipm]( 1226): mSecIpmManager Preload com.android.chrome dex files
01-02 12:27:31.274 D/ActivityTaskManager( 1226): TaskLaunchParamsModifier:task=null activity=ActivityRecord{6dcaa50 u0 com.android.chrome/com.google.android.apps.chrome.IntentDispatcher} t-1} display-id=0 display-windowing-mode=1 suggested-display-area=DefaultTaskDisplayArea@136590770 non-freeform-display display-area=DefaultTaskDisplayArea@136590770 maximized-bounds
01-02 12:27:31.275 I/SemDvfsHyPerManager( 1226): acquire hyper - AMS_APP_SWITCH/1226@21, type = -999
01-02 12:27:31.275 I/HYPER-HAL(  988): [RequestManager.cpp]acquire(): Acquired ID : 778149  [1226 / 21]    HINT : AMS_APP_SWITCH    list : 
01-02 12:27:31.275 I/HYPER-HAL(  988): [ResourceManager.cpp]updateResource(): [CPULittleMinFreq] UpdateResource Request ID : 778149    Value : 1804800
01-02 12:27:31.275 I/SurfaceFlinger( 1097): id=187143 createSurf, flag=24004, Task=43693#187143
01-02 12:27:31.275 D/ActivityManagerPerformance( 1226): AMP_acquire() APP_SWITCH
01-02 12:27:31.276 I/SemDvfsHyPerManager( 5296): acquire hyper - APP_START_SHORT/5296@12, type = -999
01-02 12:27:31.277 D/ActivityTaskManager( 1226): TaskLaunchParamsModifier:task=Task{72b526f #43693 type=standard I=com.android.chrome/com.google.android.apps.chrome.IntentDispatcher U=0 visible=false visibleRequested=false mode=fullscreen translucent=true sz=0} activity=ActivityRecord{6dcaa50 u0 com.android.chrome/com.google.android.apps.chrome.IntentDispatcher} t-1} display-from-task=0 display-id=0 display-windowing-mode=1 suggested-display-area=DefaultTaskDisplayArea@136590770 non-freeform-display display-area=DefaultTaskDisplayArea@136590770 maximized-bounds
01-02 12:27:31.277 I/FASProvider( 5296): makeValuesForFasUpdate contentValues = package_name=com.android.chrome extras=0 reason=deleted_from_mars_auto disableReason=default disableResetTime=1767328051276 uid=10531 mode=0 level=1 resetTime=0
01-02 12:27:31.277 D/CompatibilityChangeReporter( 1226): Compat change id reported: 174042980; UID 10531; state: DISABLED
01-02 12:27:31.277 D/CompatibilityChangeReporter( 1226): Compat change id reported: 184838306; UID 10531; state: DISABLED
01-02 12:27:31.277 D/CompatibilityChangeReporter( 1226): Compat change id reported: 185004937; UID 10531; state: DISABLED
01-02 12:27:31.277 D/CompatibilityChangeReporter( 1226): Compat change id reported: 181136395; UID 10531; state: DISABLED
01-02 12:27:31.277 D/CompatibilityChangeReporter( 1226): Compat change id reported: 174042936; UID 10531; state: DISABLED
01-02 12:27:31.277 I/HYPER-HAL(  988): [ResourceManager.cpp]updateResource(): [CPUMinFreq] UpdateResource Request ID : 778149    Value : 2841600
01-02 12:27:31.277 I/SurfaceFlinger( 1097): id=187144 createSurf, flag=80004, ActivityRecord{6dcaa50 u0 com.android.chrome/com.google.android.apps.chrome.IntentDispatcher} t43693}#187144
01-02 12:27:31.278 I/HYPER-HAL(  988): [RequestManager.cpp]acquire(): Acquired ID : 14090098  [5296 / 12]    HINT : APP_START    list : [TIMEOUT / 1500] 
01-02 12:27:31.278 I/HYPER-HAL(  988): [ResourceManager.cpp]updateResource(): [CPUMaxFreq] UpdateResource Request ID : 14090098    Value : 2841600
01-02 12:27:31.278 D/ActivityTaskManager( 1226): scheduleTopResumedActivityChanged, onTop=false r=ActivityRecord{fea005a u0 net.qsgl365/.MainActivity} t43687} caller=com.android.server.wm.ActivityTaskSupervisor.updateTopResumedActivityIfNeeded:2510 com.android.server.wm.TaskDisplayArea.positionChildTaskAt:602 com.android.server.wm.TaskDisplayArea.positionChildAt:537 com.android.server.wm.Task.moveToFrontInner:6053 com.android.server.wm.Task.moveToFront:6019 com.android.server.wm.ActivityStarter.startActivityInner:2924 
01-02 12:27:31.279 W/WindowManager( 1226): Prepare app transition: mNextAppTransitionRequests=[TRANSIT_OPEN], mNextAppTransitionFlags=, displayId: 0 Callers=com.android.server.wm.DisplayContent.prepareAppTransition:6493 com.android.server.wm.DisplayContent.prepareAppTransition:6484 com.android.server.wm.Task.startActivityLocked:6595 com.android.server.wm.ActivityStarter.startActivityInner:2980 com.android.server.wm.ActivityStarter.startActivityUnchecked:2470 
01-02 12:27:31.279 V/WindowManager( 1226): Checking theme of starting window: 0x7f150246
01-02 12:27:31.279 V/WindowManager( 1226): Translucent=true Floating=false ShowWallpaper=false Disable=true
01-02 12:27:31.279 D/CompatibilityChangeReporter( 1226): Compat change id reported: 205907456; UID 10531; state: ENABLED
01-02 12:27:31.281 I/Pageboost( 1226): stop alp
01-02 12:27:31.281 I/SemDvfsHyPerManager( 1226): acquire hyper - AMS_APP_LAUNCH/1226@18, type = -999
01-02 12:27:31.282 I/HYPER-HAL(  988): [RequestManager.cpp]acquire(): Acquired ID : 774408  [1226 / 18]    HINT : AMS_APP_LAUNCH    list : 
01-02 12:27:31.282 I/HYPER-HAL(  988): [ResourceManager.cpp]updateResource(): [CPULittleMinFreq] UpdateResource Request ID : 774408    Value : 1804800
01-02 12:27:31.282 I/SemDvfsHyPerManager( 5296): acquire hyper - APP_START/5296@14, type = -999
01-02 12:27:31.284 I/HYPER-HAL(  988): [ResourceManager.cpp]updateResource(): [CPUMinFreq] UpdateResource Request ID : 774408    Value : 2841600
01-02 12:27:31.284 I/HYPER-HAL(  988): [RequestManager.cpp]acquire(): Acquired ID : 14100719  [5296 / 14]    HINT : APP_START    list : 
01-02 12:27:31.284 I/HYPER-HAL(  988): [ResourceManager.cpp]updateResource(): [CPUMaxFreq] UpdateResource Request ID : 14100719    Value : 2841600
01-02 12:27:31.284 D/MARsPolicyManager( 1226): onPackageResumedFG pkgName = com.android.chrome, userId = 0
01-02 12:27:31.285 I/TopTaskTracker( 3001): onTaskMovedToFront : taskId = 43693
01-02 12:27:31.285 W/WindowManager( 1226): Prepare app transition: mNextAppTransitionRequests=[TRANSIT_OPEN, TRANSIT_OPEN], mNextAppTransitionFlags=, displayId: 0 Callers=com.android.server.wm.DisplayContent.prepareAppTransition:6493 com.android.server.wm.TaskFragment.resumeTopActivity:1573 com.android.server.wm.TaskFragment.resumeTopActivity:1307 com.android.server.wm.Task.resumeTopActivityInnerLocked:6451 com.android.server.wm.Task.resumeTopActivityUncheckedLocked:6352 
01-02 12:27:31.285 W/ActivityTaskManager( 1226): Tried to set launchTime (0) < mLastActivityLaunchTime (713937081)
01-02 12:27:31.286 V/WindowManager( 1226): rotationForOrientation(orient=SCREEN_ORIENTATION_UNSPECIFIED (-1), last=ROTATION_0 (0)); user=ROTATION_0 (0) 
01-02 12:27:31.286 D/SGM:FgCheckThread( 1226): notePauseComponent(), received pkgName: net.qsgl365, userId: 0
01-02 12:27:31.286 D/WindowManager( 1226): rotationForOrientation, orientationSource=ActivityRecord{fea005a u0 net.qsgl365/.MainActivity} t43687}
01-02 12:27:31.286 I/VSyncReactor( 1097): Current= 60, TransitioningTo= 60, hwcPeriod= 60, Distance= 0
01-02 12:27:31.286 V/WindowManager( 1226): Computed rotation=ROTATION_0 (0) for display id=0 based on lastOrientation=SCREEN_ORIENTATION_UNSPECIFIED (-1) and oldRotation=ROTATION_0 (0), caller=com.android.server.wm.DisplayRotation.updateOrientation:414 com.android.server.wm.DisplayContent.updateOrientation:1990 com.android.server.wm.DisplayContent.updateOrientation:1891 com.android.server.wm.RootWindowContainer.ensureVisibilityAndConfig:2139 com.android.server.wm.ActivityTaskSupervisor.realStartActivityLocked:913 com.android.server.wm.ActivityTaskSupervisor.startSpecificActivity:1227 
01-02 12:27:31.286 I/CocktailBarManagerServiceContainer( 1226): handleMessage: entry what = 6
01-02 12:27:31.286 I/CocktailBarManagerServiceImpl( 1226): notePauseComponent : no active host
01-02 12:27:31.287 D/TspStateManager( 1226): updateCustomValue customSetting=
01-02 12:27:31.288 D/TspStateManager( 1226): updateCustomValue customSetting=
01-02 12:27:31.289 D/CompatibilityChangeReporter( 1226): Compat change id reported: 168419799; UID 10531; state: DISABLED
01-02 12:27:31.289 D/SGM:PkgDataHelper( 1226): notifyAppCreate(), pkgName: com.android.chrome, userId: 0, sendRet: true
01-02 12:27:31.289 D/SGM:FgCheckThread( 1226): onLooperPrepared(), msg: MSG_APP_CREATE, pkgName: com.android.chrome, userId: 0
01-02 12:27:31.289 E/pageboostd( 3573): Received HALT command code 2
01-02 12:27:31.289 D/ActivityTaskManager( 1226): scheduleTopResumedActivityChanged, onTop=true r=ActivityRecord{6dcaa50 u0 com.android.chrome/com.google.android.apps.chrome.IntentDispatcher} t43693} caller=com.android.server.wm.ActivityTaskSupervisor.scheduleTopResumedActivityStateIfNeeded:2535 com.android.server.wm.ActivityTaskSupervisor.updateTopResumedActivityIfNeeded:2527 com.android.server.wm.TaskFragment.setResumedActivity:493 com.android.server.wm.TaskFragment.onActivityStateChanged:805 com.android.server.wm.ActivityRecord.setState:6406 com.android.server.wm.Task.minimalResumeActivityLocked:6155 
01-02 12:27:31.289 D/InputDispatcher( 1226): Focused application(0): ActivityRecord{6dcaa50 u0 com.android.chrome/com.google.android.apps.chrome.IntentDispatcher} t43693}
01-02 12:27:31.290 V/WindowManager( 1226): Changing focus from Window{32567fd u0 net.qsgl365/net.qsgl365.MainActivity} to null displayId=0 Callers=com.android.server.wm.RootWindowContainer.updateFocusedWindowLocked:595 com.android.server.wm.WindowManagerService.updateFocusedWindowLocked:6810 com.android.server.wm.ActivityTaskManagerService.setResumedActivityUncheckLocked:5766 com.android.server.wm.TaskFragment.onActivityStateChanged:807 
01-02 12:27:31.290 D/MARsPolicyManager( 1226): onPackageResumedFG pkgName = net.qsgl365, userId = 0
01-02 12:27:31.292 D/StatusBarManagerService( 1226): notifyRequestedSystemKey recent=false home=false
01-02 12:27:31.292 D/SGM:FgCheckThread( 1226): TaskStackListener.onTaskFocusChanged(), taskId=43687, focused=false
01-02 12:27:31.293 D/SGM:FgCheckThread( 1226): TaskStackListener.onTaskFocusChanged(), taskId=43693, focused=true
01-02 12:27:31.293 D/SGM:FgCheckThread( 1226):   sendRunningComponentFocus(), pkgName: com.android.chrome, userId: 0
01-02 12:27:31.293 D/SGM:FgCheckThread( 1226): onLooperPrepared(), msg: MSG_TASK_FOCUSED, pkgName: com.android.chrome, userId: 0
01-02 12:27:31.293 D/SGM:FgCheckThread( 1226): handleTaskFocused().
01-02 12:27:31.293 D/SGM:FgCheckThread( 1226):   handleTaskFocused(), pkgName: com.android.chrome, userID:0
01-02 12:27:31.293 D/SGM:FgCheckThread( 1226): handleResume().
01-02 12:27:31.293 D/SGM:FgCheckThread( 1226): sendFocusOutConditionally() - mPrevNotiPkg: com.sec.android.app.samsungapps, userId: 0
01-02 12:27:31.293 D/SGM:FgCheckThread( 1226):   handleResume(). pkgName: com.android.chrome, userId: 0, isTunableApp: null
01-02 12:27:31.293 D/SGM:FgCheckThread( 1226): notifyFocusInOut(). of pkg: com.android.chrome, type: 4, isTunableApp: false, userId: 0
01-02 12:27:31.293 D/SGM:FgCheckThread( 1226):   notifyFocusInOut(). do nothing. mKillNotiCount: 1
01-02 12:27:31.293 D/SGM:SystemHelper( 1226): callReleaseBlock needReleaseBlock:false
01-02 12:27:31.293 D/AppLockPolicy( 1226): isActivityInExceptionList: 
01-02 12:27:31.294 W/WindowManager( 1226): Execute app transition: mNextAppTransitionRequests=[TRANSIT_OPEN, TRANSIT_OPEN], mNextAppTransitionFlags=, displayId: 0 Callers=com.android.server.wm.RootWindowContainer.executeAppTransitionForAllDisplay:2580 com.android.server.wm.ActivityTaskSupervisor.reportResumedActivityLocked:2287 com.android.server.wm.ActivityRecord.completeResumeLocked:6987 com.android.server.wm.Task.minimalResumeActivityLocked:6156 com.android.server.wm.ActivityTaskSupervisor.realStartActivityLocked:1137 
01-02 12:27:31.297 I/ActivityManager( 1226): Changes in 10531 16 to 2, 0 to 15
01-02 12:27:31.297 I/AppOps  ( 1226): updateUidProcState uid: 10531 procState: 2 capability:15
01-02 12:27:31.297 I/AppOps  ( 1226): commitUidPendingStateLocked() :: UID - 10531, 700 > 200, 0 > 15
01-02 12:27:31.297 I/ActivityManager( 1226): updateOomAdj start time is before than pendingPid added, don't delete it
01-02 12:27:31.298 I/CameraService( 1282): onUidStateChanged: uid=10531, procState is changed. (16 -> 2)
01-02 12:27:31.298 I/ActivityManager( 1226): updateOomAdj start time is before than pendingPid added, don't delete it
01-02 12:27:31.298 I/ActivityManager( 1226): Changes in 10260 17 to 3, 0 to 8
01-02 12:27:31.298 I/ActivityManager( 1226): Changes in 10214 8 to 3, 0 to 8
01-02 12:27:31.300 I/SemPersonaManager( 1226): SecureFolder personaId = 150
01-02 12:27:31.301 I/RequestManager_FLP( 3541): onOpChanged, op=0 / packageName=com.android.chrome
01-02 12:27:31.301 D/AS.MultiSoundManager( 1226): mForegroundUid = 10531
01-02 12:27:31.303 I/SurfaceFlinger( 1097): [32567fd net.qsgl365/net.qsgl365.MainActivity#187034] FrameRatePriority: -1
01-02 12:27:31.303 I/cr_SUCFiltersObserver( 3312): setting=browser_content_filters_enabled discarding false
01-02 12:27:31.303 I/cr_SUCFiltersObserver( 3312): setting=search_content_filters_enabled discarding false
01-02 12:27:31.304 D/ConnectivityManager( 3312): StackLog: [android.net.ConnectivityManager.sendRequestForNetwork(ConnectivityManager.java:4679)] [android.net.ConnectivityManager.registerDefaultNetworkCallbackForUid(ConnectivityManager.java:5368)] [android.net.ConnectivityManager.registerDefaultNetworkCallback(ConnectivityManager.java:5335)] [buf.c(chromium-TrichromeChromeGoogle6432.aab-stable-749914633:37)] [bzj.m(chromium-TrichromeChromeGoogle6432.aab-stable-749914633:7)] [org.chromium.base.ApplicationStatus.f(chromium-TrichromeChromeGoogle6432.aab-stable-749914633:241)] [mr0.onActivityCreated(chromium-TrichromeChromeGoogle6432.aab-stable-749914633:44)] [android.app.Application.dispatchActivityCreated(Application.java:387)] [android.app.Activity.dispatchActivityCreated(Activity.java:1419)] [android.app.Activity.onCreate(Activity.java:1701)] [org.chromium.chrome.browser.document.ChromeLauncherActivity.onCreate(chromium-TrichromeChromeGoogle6432.aab-stable-749914633:7)] [android.app.Activity.performCreate(Activity.java:8591)] [android.app.Activity.performCreate(Activity.java:8570)] [android.app.Instrumentation.callActivityOnCreate(Instrumentation.java:1384)] [android.app.ActivityThread.performLaunchActivity(ActivityThread.java:4150)] [android.app.ActivityThread.handleLaunchActivity(ActivityThread.java:4325)] [android.app.servertransaction.LaunchActivityItem.execute(LaunchActivityItem.java:101)] [android.app.servertransaction.TransactionExecutor.executeCallbacks(TransactionExecutor.java:135)] [android.app.servertransaction.TransactionExecutor.execute(TransactionExecutor.java:95)] [android.app.ActivityThread$H.handleMessage(ActivityThread.java:2574)]
01-02 12:27:31.305 D/Native_CFMS( 1226): CFMS Delete Task Tid(32423)
01-02 12:27:31.305 I/Rubin   (21095): [72437] s9.a.c(SourceFile:1) : Notify com.samsung.android.rubin.inferenceengine.contextanalytics.engine.loggers.d's database is updated.
01-02 12:27:31.305 D/ConnectivityService( 1226): requestNetwork for uid/pid:10531/3312 activeRequest: null callbackRequest: 76681 [NetworkRequest [ REQUEST id=76682, [ Capabilities: INTERNET&NOT_RESTRICTED&TRUSTED&NOT_VCN_MANAGED Uid: 10531 RequestorUid: 10531 RequestorPkg: com.android.chrome UnderlyingNetworks: Null] ]] callback flags: 0 order: 2147483647 isUidTracked: false declaredMethods: ALL
01-02 12:27:31.305 E/ANDR-PERF-UTIL( 1008): Failed to read /proc/sys/kernel/walt_low_latency_task_threshold
01-02 12:27:31.306 E/ANDR-PERF-OPTSHANDLER( 1008): Failed to read /proc/sys/kernel/walt_low_latency_task_threshold
01-02 12:27:31.306 E/ANDR-PERF-RESOURCEQS( 1008): Failed to apply optimization [3, 54]
01-02 12:27:31.306 D/CompatibilityChangeReporter( 1226): Compat change id reported: 161145287; UID 10531; state: DISABLED
01-02 12:27:31.306 D/ConnectivityService( 1226):    accepting network in place of null for NetworkRequest [ REQUEST id=76682, [ Capabilities: INTERNET&NOT_RESTRICTED&TRUSTED&NOT_VCN_MANAGED Uid: 10531 RequestorUid: 10531 RequestorPkg: com.android.chrome UnderlyingNetworks: Null] ]
01-02 12:27:31.306 D/Native_CFMS( 1226): CFMS Delete Task Tid(32424)
01-02 12:27:31.306 D/Native_CFMS( 1226): CFMS Delete Task Tid(32338)
01-02 12:27:31.306 D/Native_CFMS( 1226): CFMS Delete Task Tid(32315)
01-02 12:27:31.307 D/WifiNetworkFactory( 1226): got request NetworkRequest [ REQUEST id=76682, [ Capabilities: INTERNET&NOT_RESTRICTED&TRUSTED&NOT_VCN_MANAGED Uid: 10531 RequestorUid: 10531 RequestorPkg: com.android.chrome UnderlyingNetworks: Null] ]
01-02 12:27:31.307 D/Native_CFMS( 1226): CFMS Add Task Tid(3312)
01-02 12:27:31.307 D/Native_CFMS( 1226): CFMS Add Task Tid(3366)
01-02 12:27:31.307 D/Native_CFMS( 1226): CFMS Add Task Tid(3642)
01-02 12:27:31.307 D/Native_CFMS( 1226): CFMS Add Task Tid(3641)
01-02 12:27:31.307 D/UntrustedWifiNetworkFactory( 1226): got request NetworkRequest [ REQUEST id=76682, [ Capabilities: INTERNET&NOT_RESTRICTED&TRUSTED&NOT_VCN_MANAGED Uid: 10531 RequestorUid: 10531 RequestorPkg: com.android.chrome UnderlyingNetworks: Null] ]
01-02 12:27:31.307 D/Native_CFMS( 1226): CFMS Add Task Tid(32315)
01-02 12:27:31.307 D/Native_CFMS( 1226): CFMS Add Task Tid(32338)
01-02 12:27:31.307 D/Native_CFMS( 1226): CFMS Add Task Tid(32424)
01-02 12:27:31.307 D/Native_CFMS( 1226): CFMS Add Task Tid(32423)
01-02 12:27:31.307 D/OemPaidWifiNetworkFactory( 1226): got request NetworkRequest [ REQUEST id=76682, [ Capabilities: INTERNET&NOT_RESTRICTED&TRUSTED&NOT_VCN_MANAGED Uid: 10531 RequestorUid: 10531 RequestorPkg: com.android.chrome UnderlyingNetworks: Null] ]
01-02 12:27:31.307 D/MultiInternetWifiNetworkFactory( 1226): got request NetworkRequest [ REQUEST id=76682, [ Capabilities: INTERNET&NOT_RESTRICTED&TRUSTED&NOT_VCN_MANAGED Uid: 10531 RequestorUid: 10531 RequestorPkg: com.android.chrome UnderlyingNetworks: Null] ]
01-02 12:27:31.307 D/ConnectivityService( 1226): Rematched networks [computed 0ms] [applied 1ms] [issued 1]
01-02 12:27:31.307 D/ConnectivityManager( 3312): StackLog: [android.net.ConnectivityManager.sendRequestForNetwork(ConnectivityManager.java:4679)] [android.net.ConnectivityManager.sendRequestForNetwork(ConnectivityManager.java:4846)] [android.net.ConnectivityManager.registerNetworkCallback(ConnectivityManager.java:5228)] [buf.c(chromium-TrichromeChromeGoogle6432.aab-stable-749914633:79)] [bzj.m(chromium-TrichromeChromeGoogle6432.aab-stable-749914633:7)] [org.chromium.base.ApplicationStatus.f(chromium-TrichromeChromeGoogle6432.aab-stable-749914633:241)] [mr0.onActivityCreated(chromium-TrichromeChromeGoogle6432.aab-stable-749914633:44)] [android.app.Application.dispatchActivityCreated(Application.java:387)] [android.app.Activity.dispatchActivityCreated(Activity.java:1419)] [android.app.Activity.onCreate(Activity.java:1701)] [org.chromium.chrome.browser.document.ChromeLauncherActivity.onCreate(chromium-TrichromeChromeGoogle6432.aab-stable-749914633:7)] [android.app.Activity.performCreate(Activity.java:8591)] [android.app.Activity.performCreate(Activity.java:8570)] [android.app.Instrumentation.callActivityOnCreate(Instrumentation.java:1384)] [android.app.ActivityThread.performLaunchActivity(ActivityThread.java:4150)] [android.app.ActivityThread.handleLaunchActivity(ActivityThread.java:4325)] [android.app.servertransaction.LaunchActivityItem.execute(LaunchActivityItem.java:101)] [android.app.servertransaction.TransactionExecutor.executeCallbacks(TransactionExecutor.java:135)] [android.app.servertransaction.TransactionExecutor.execute(TransactionExecutor.java:95)] [android.app.ActivityThread$H.handleMessage(ActivityThread.java:2574)]
01-02 12:27:31.307 D/ConnectivityService( 1226): NetworkReassignment :
01-02 12:27:31.307 D/ConnectivityService( 1226):   76682 : null → 518
01-02 12:27:31.309 D/SGM:GameManager( 1226): identifyGamePackage. com.android.chrome, mCurrentUserId: 0, callerUserId: 0, callingMethodInfo: com.samsung.android.game.IGameManagerService$Stub.onTransact(IGameManagerService.java:233)
01-02 12:27:31.309 D/SGM:PkgDataHelper( 1226): getGamePkgData(). com.android.chrome
01-02 12:27:31.309 D/CompatibilityChangeReporter( 1226): Compat change id reported: 319212206; UID 10531; state: ENABLED
01-02 12:27:31.311 D/ConnectivityService( 1226): Rematched networks [computed 0ms] [applied 1ms] [issued 0]
01-02 12:27:31.311 D/ConnectivityService( 1226): NetworkReassignment : no changes
01-02 12:27:31.311 I/cr_OfflineDetector( 3312): Running updateState mConnectivityDetectorInitialized: true, mTimeWhenLastForegrounded: 971203938, getElapsedTime: 971203938, mTimeWhenLastOfflineNotificationReceived: 0, mTimeWhenLastOnline: 971121547, mTimeWhenAirplaneModeToggledOff: 0 mApplicationState: 1, mIsOfflineLastReportedByConnectivityDetector: false, mInAirplaneMode: false mIsEffectivelyOffline: false
01-02 12:27:31.311 I/cr_OfflineDetector( 3312): updateState(): timeSinceLastForeground: 0, timeSinceOfflineNotificationReceived: 971203938, timeSinceLastOnline: 82391, timeNeededForForeground: 2000, timeNeededForOffline: -971201938 timeSinceAirplaneModeToggledOff: 971203938 timeNeededAfterConnectionChangeFromOnlineToOffline: -72391 timeNeededAfterConnectionChangeFromAirplaneToOffline: 0
01-02 12:27:31.311 D/SGM:GameManager( 1226): identifyForegroundApp. com.android.chrome, mCurrentUserId: 0, callerUserId: 0
01-02 12:27:31.311 D/SGM:PkgDataHelper( 1226): getGamePkgData(). com.android.chrome
01-02 12:27:31.312 I/Rubin   (21095): [72437] ga.e.m(SourceFile:6) : isSatisfiedByCmh is false
01-02 12:27:31.313 D/HardcoderService( 1226): FG change to com.android.chrome (10531, 3312)
01-02 12:27:31.313 D/sechcserver( 1306): Foreground app changed!
01-02 12:27:31.313 D/sechcserver( 1306): Cur FG uid: 10531, type: 0
01-02 12:27:31.313 D/sechcserver( 1306): Release all resource
01-02 12:27:31.313 E/SemOpenPerfStorageManager( 1306): release:: Start
01-02 12:27:31.313 E/SemOpenPerfStorageManager( 1306): release:: DVFS lock is already released. Previous lock will be acquire first.
01-02 12:27:31.323 D/InputDispatcher( 1226): Focus request (0): <null> but waiting because NOT_FOCUSABLE
01-02 12:27:31.323 D/InputDispatcher( 1226): Focus left window (0): 32567fd net.qsgl365/net.qsgl365.MainActivity
01-02 12:27:31.324 D/PkgPredictorService-IpmAdcpController( 1226): create a new DexPreloadTask pkg:com.android.chrome  path:/data/app/~~OTT4x4NHRJjRqHMmF6Frjw==/com.android.chrome-BV2J3mwHfeTnQrSsqOfX-A==
01-02 12:27:31.324 I/ViewRootImpl@ac4e9c9[MainActivity](32315): MSG_WINDOW_FOCUS_CHANGED 0 0
01-02 12:27:31.325 W/cr_ActivityDispatcher( 3312): CustomTabsIntent#shouldAlwaysUseBrowserUI() = false
01-02 12:27:31.325 W/cr_ActivityDispatcher( 3312): CustomTabsIntent#shouldAlwaysUseBrowserUI() = false
01-02 12:27:31.325 D/PkgPredictorService-IpmAdcpController( 1226): /data/app/~~OTT4x4NHRJjRqHMmF6Frjw==/com.android.chrome-BV2J3mwHfeTnQrSsqOfX-A==/oat/arm64/base.odex is already preloaded
01-02 12:27:31.326 D/ActivityTaskManager( 1226): startActivityAsUser: callingPid=3312, callingUid=10531, caller=com.android.server.wm.ActivityTaskManagerService.startActivityAsUser:1816 com.android.server.wm.ActivityTaskManagerService.startActivity:1767 android.app.IActivityTaskManager$Stub.onTransact:1244 com.android.server.wm.ActivityTaskManagerService.onTransact:6599 android.os.Binder.execTransactInternal:1316 android.os.Binder.execTransact:1280 <bottom of call stack> 
01-02 12:27:31.330 I/ActivityTaskManager( 1226): START u0 {act=android.intent.action.VIEW dat=https://www.example.com/... flg=0x14002000 cmp=com.android.chrome/org.chromium.chrome.browser.ChromeTabbedActivity (has extras)} from uid 10531
01-02 12:27:31.330 D/AppLockPolicy( 1226): isActivityInExceptionList: 
01-02 12:27:31.332 D/ActivityTaskManager( 1226): TaskLaunchParamsModifier:task=null activity=ActivityRecord{e318d22 u0 com.android.chrome/org.chromium.chrome.browser.ChromeTabbedActivity} display-area-from-source=DefaultTaskDisplayArea@136590770 display-id=0 display-windowing-mode=1 suggested-display-area=DefaultTaskDisplayArea@136590770
01-02 12:27:31.332 D/ActivityTaskManager( 1226): TaskLaunchParamsModifier:task=Task{7af0cd0 #43355 type=standard A=10531:com.android.chrome U=0 visible=false visibleRequested=false mode=fullscreen translucent=true sz=1} activity=ActivityRecord{e318d22 u0 com.android.chrome/org.chromium.chrome.browser.ChromeTabbedActivity} t-1} display-area-from-source=DefaultTaskDisplayArea@136590770 display-id=0 display-windowing-mode=1 suggested-display-area=DefaultTaskDisplayArea@136590770 inherit-from-source=fullscreen activity-options-fullscreen=Rect(0, 0 - 0, 0) non-freeform-display display-area=DefaultTaskDisplayArea@136590770 maximized-bounds
01-02 12:27:31.333 I/Pageboost( 1226): moveTaskToFront : 10531:com.android.chrome
01-02 12:27:31.334 E/pageboostd( 3573): Received HALT command code 2
01-02 12:27:31.336 D/ActivityTaskManager( 1226): scheduleTopResumedActivityChanged, onTop=false r=ActivityRecord{6dcaa50 u0 com.android.chrome/com.google.android.apps.chrome.IntentDispatcher} t43693} caller=com.android.server.wm.ActivityTaskSupervisor.updateTopResumedActivityIfNeeded:2510 com.android.server.wm.TaskDisplayArea.positionChildTaskAt:602 com.android.server.wm.TaskDisplayArea.positionChildAt:537 com.android.server.wm.Task.moveToFrontInner:6053 com.android.server.wm.Task.moveToFront:6019 com.android.server.wm.ActivityRecord.moveFocusableActivityToTop:3871 
01-02 12:27:31.337 D/InputDispatcher( 1226): Focused application(0): ActivityRecord{214a8cd u0 com.android.chrome/com.google.android.apps.chrome.Main} t43355}
01-02 12:27:31.337 D/SGM:FgCheckThread( 1226): TaskStackListener.onTaskFocusChanged(), taskId=43693, focused=false
01-02 12:27:31.337 D/SGM:FgCheckThread( 1226): TaskStackListener.onTaskFocusChanged(), taskId=43355, focused=true
01-02 12:27:31.338 D/SGM:FgCheckThread( 1226):   sendRunningComponentFocus(), pkgName: com.android.chrome, userId: 0
01-02 12:27:31.338 D/SGM:FgCheckThread( 1226): onLooperPrepared(), msg: MSG_TASK_FOCUSED, pkgName: com.android.chrome, userId: 0
01-02 12:27:31.338 D/SGM:FgCheckThread( 1226): handleTaskFocused().
01-02 12:27:31.338 D/SGM:FgCheckThread( 1226):   handleTaskFocused(), pkgName: com.android.chrome, userID:0
01-02 12:27:31.338 D/SGM:FgCheckThread( 1226): handleResume().
01-02 12:27:31.338 D/SGM:FgCheckThread( 1226): sendFocusOutConditionally() - mPrevNotiPkg: com.sec.android.app.samsungapps, userId: 0
01-02 12:27:31.338 D/SGM:FgCheckThread( 1226):   handleResume(). pkgName: com.android.chrome, userId: 0, isTunableApp: null
01-02 12:27:31.338 D/SGM:FgCheckThread( 1226): notifyFocusInOut(). of pkg: com.android.chrome, type: 4, isTunableApp: false, userId: 0
01-02 12:27:31.338 D/SGM:FgCheckThread( 1226):   notifyFocusInOut(). do nothing. mKillNotiCount: 1
01-02 12:27:31.338 D/SGM:SystemHelper( 1226): callReleaseBlock needReleaseBlock:false
01-02 12:27:31.338 D/AS.MultiSoundManager( 1226): mForegroundUid = 10531
01-02 12:27:31.339 D/AppLockPolicy( 1226): isActivityInExceptionList: 
01-02 12:27:31.339 W/WindowManager( 1226): Prepare app transition: mNextAppTransitionRequests=[TRANSIT_OPEN, TRANSIT_OPEN, TRANSIT_TO_FRONT], mNextAppTransitionFlags=, displayId: 0 Callers=com.android.server.wm.DisplayContent.prepareAppTransition:6493 com.android.server.wm.DisplayContent.prepareAppTransition:6484 com.android.server.wm.Task.updateTransitLocked:7050 com.android.server.wm.Task.moveTaskToFront:7148 com.android.server.wm.ActivityStarter.setTargetRootTaskIfNeeded:4216 
01-02 12:27:31.339 V/WindowManager( 1226): Checking theme of starting window: 0x7f1506cd
01-02 12:27:31.339 V/WindowManager( 1226): Translucent=false Floating=false ShowWallpaper=false Disable=false
01-02 12:27:31.340 D/NetdEventListenerService( 1226): DNS Requested by : 518, 10531
01-02 12:27:31.342 D/EnterpriseDeviceManagerService( 1226): isMdmAdminPresentInternal() : MDM Admin Found - com.samsung.knox.securefolder
01-02 12:27:31.342 D/SGM:FgCheckThread( 1226): noteResumeComponent(), received pkgName: com.android.chrome, userId: 0
01-02 12:27:31.342 D/SGM:FgCheckThread( 1226): onLooperPrepared(), msg: MSG_APP_RESUME, pkgName: com.android.chrome, userid: 0
01-02 12:27:31.342 D/SGM:FgCheckThread( 1226): handleResume().
01-02 12:27:31.343 D/SGM:FgCheckThread( 1226): sendFocusOutConditionally() - mPrevNotiPkg: com.sec.android.app.samsungapps, userId: 0
01-02 12:27:31.343 D/SGM:FgCheckThread( 1226):   handleResume(). pkgName: com.android.chrome, userId: 0, isTunableApp: null
01-02 12:27:31.343 D/SGM:FgCheckThread( 1226): notifyFocusInOut(). of pkg: com.android.chrome, type: 4, isTunableApp: false, userId: 0
01-02 12:27:31.343 D/SGM:FgCheckThread( 1226):   notifyFocusInOut(). do nothing. mKillNotiCount: 1
01-02 12:27:31.343 D/SGM:SystemHelper( 1226): callReleaseBlock needReleaseBlock:false
01-02 12:27:31.343 I/CocktailBarManagerServiceContainer( 1226): handleMessage: entry what = 5
01-02 12:27:31.343 I/CocktailBarManagerServiceImpl( 1226): noteResumeComponent : no active host
01-02 12:27:31.344 D/CompatibilityChangeReporter( 1226): Compat change id reported: 194833441; UID 10531; state: ENABLED
01-02 12:27:31.344 I/Pageboost( 1226): stop alp
01-02 12:27:31.344 I/sensors-hal(  985): handle_sns_client_event:252, auto_rotation_debug_2 mode,255, type,1,0 acc,-0.026,-0.010,9.651, ar,0, ver,10
01-02 12:27:31.345 E/pageboostd( 3573): Received HALT command code 2
01-02 12:27:31.345 I/PaymentSafetyPolicy( 1226): Payment thread msg 20
01-02 12:27:31.346 I/PaymentSafetyPolicy( 1226): Payment thread msg 20
01-02 12:27:31.346 I/MediaSessionMonitor( 1226): Media session stopped : controllerList empty
01-02 12:27:31.346 I/DecorView( 3312): [INFO] isPopOver=false config=true
01-02 12:27:31.346 I/DecorView( 3312): updateCaptionType: isFloating=false isApplication=true hasWindowDecorCaption=false this=DecorView@95595fa[]
01-02 12:27:31.346 D/DecorView( 3312): setCaptionType = 0, this = DecorView@95595fa[]
01-02 12:27:31.346 D/SGM:GameManager( 1226): identifyGamePackage. com.android.chrome, mCurrentUserId: 0, callerUserId: 0, callingMethodInfo: com.samsung.android.game.SemGameManager.isGamePackage(SemGameManager.java:104)
01-02 12:27:31.346 D/SGM:PkgDataHelper( 1226): getGamePkgData(). com.android.chrome
01-02 12:27:31.346 D/SGM:SemGameManager( 1226): isGamePackage(), pkgName=com.android.chrome, ret=false
01-02 12:27:31.346 I/DecorView( 3312): getCurrentDensityDpi: from real metrics. densityDpi=640 msg=resources_loaded
01-02 12:27:31.346 I/DecorView( 3312): setWindowBackground: isPopOver=false color=ff010101 d=null
01-02 12:27:31.347 I/GameSDK@LifeCycle( 1226): noteResumeComponent(): package name  : com.android.chrome
01-02 12:27:31.349 D/SGM:GameManager( 1226): identifyGamePackage. com.android.chrome, mCurrentUserId: 0, callerUserId: 0, callingMethodInfo: com.android.server.ssrm.SortingMachine.isGame(SortingMachine.java:162)
01-02 12:27:31.349 D/SGM:PkgDataHelper( 1226): getGamePkgData(). com.android.chrome
01-02 12:27:31.351 D/MARsPolicyManager( 1226): onPackageResumedFG pkgName = com.android.chrome, userId = 0
01-02 12:27:31.351 W/WindowManager( 1226): Prepare app transition: mNextAppTransitionRequests=[TRANSIT_OPEN, TRANSIT_OPEN, TRANSIT_TO_FRONT, TRANSIT_CLOSE], mNextAppTransitionFlags=, displayId: 0 Callers=com.android.server.wm.DisplayContent.prepareAppTransition:6493 com.android.server.wm.DisplayContent.prepareAppTransition:6484 com.android.server.wm.TaskFragment.resumeTopActivity:1562 com.android.server.wm.TaskFragment.resumeTopActivity:1307 com.android.server.wm.Task.resumeTopActivityInnerLocked:6451 
01-02 12:27:31.351 V/WindowManager( 1226): Setting visibility of Window{dc44a1e u0 com.android.chrome/com.google.android.apps.chrome.Main}: true, caller=com.android.server.wm.WindowContainer.sendAppVisibilityToClients:1246 com.android.server.wm.WindowToken.setClientVisible:431 com.android.server.wm.ActivityRecord.setClientVisible:7691 com.android.server.wm.ActivityRecord.setVisibility:6091 com.android.server.wm.ActivityRecord.setVisibility:5984 
01-02 12:27:31.351 D/ActivityTaskManager( 1226): scheduleTopResumedActivityChanged, onTop=true r=ActivityRecord{214a8cd u0 com.android.chrome/com.google.android.apps.chrome.Main} t43355} caller=com.android.server.wm.ActivityTaskSupervisor.scheduleTopResumedActivityStateIfNeeded:2535 com.android.server.wm.ActivityTaskSupervisor.updateTopResumedActivityIfNeeded:2527 com.android.server.wm.TaskFragment.setResumedActivity:493 com.android.server.wm.TaskFragment.onActivityStateChanged:805 com.android.server.wm.ActivityRecord.setState:6406 com.android.server.wm.TaskFragment.resumeTopActivity:1629 
01-02 12:27:31.351 D/AppLockPolicy( 1226): isActivityInExceptionList: 
01-02 12:27:31.352 I/TopTaskTracker( 3001): onTaskMovedToFront : taskId = 43355
01-02 12:27:31.352 D/WindowManagerServiceExt( 1226): notifyOccludeChangeNotice: cn=ComponentInfo{com.android.chrome/com.google.android.apps.chrome.Main} occludesParent=true inMultiWindow=false styleFloating=false caller=com.android.server.wm.WindowManagerServiceExt.updateOccludeTargetIfNeeded:1402 com.android.server.wm.DisplayContent.ensureActivitiesVisible:7532 com.android.server.wm.RootWindowContainer.ensureActivitiesVisible:2248 com.android.server.wm.RootWindowContainer.ensureVisibilityAndConfig:2126 com.android.server.wm.TaskFragment.resumeTopActivity:1652 
01-02 12:27:31.352 V/WindowManager( 1226): rotationForOrientation(orient=SCREEN_ORIENTATION_UNSPECIFIED (-1), last=ROTATION_0 (0)); user=ROTATION_0 (0) 
01-02 12:27:31.352 D/WindowManager( 1226): rotationForOrientation, orientationSource=ActivityRecord{214a8cd u0 com.android.chrome/com.google.android.apps.chrome.Main} t43355}
01-02 12:27:31.352 V/WindowManager( 1226): rotationForOrientation(orient=SCREEN_ORIENTATION_UNSPECIFIED (-1), last=ROTATION_0 (0)); user=ROTATION_0 (0) 
01-02 12:27:31.352 D/WindowManager( 1226): rotationForOrientation, orientationSource=ActivityRecord{214a8cd u0 com.android.chrome/com.google.android.apps.chrome.Main} t43355}
01-02 12:27:31.352 V/WindowManager( 1226): Computed rotation=ROTATION_0 (0) for display id=0 based on lastOrientation=SCREEN_ORIENTATION_UNSPECIFIED (-1) and oldRotation=ROTATION_0 (0), caller=com.android.server.wm.DisplayRotation.updateOrientation:414 com.android.server.wm.DisplayContent.updateOrientation:1990 com.android.server.wm.DisplayContent.updateOrientation:1891 com.android.server.wm.RootWindowContainer.ensureVisibilityAndConfig:2139 com.android.server.wm.TaskFragment.resumeTopActivity:1652 com.android.server.wm.TaskFragment.resumeTopActivity:1307 
01-02 12:27:31.352 I/FASProvider( 5296): makeValuesForFasUpdate contentValues = package_name=com.android.chrome extras=0 reason=deleted_from_mars_auto disableReason=default disableResetTime=1767328051351 uid=10531 mode=0 level=1 resetTime=0
01-02 12:27:31.353 D/TspStateManager( 1226): updateCustomValue customSetting=
01-02 12:27:31.353 V/WindowManager( 1226): rotationForOrientation(orient=SCREEN_ORIENTATION_UNSPECIFIED (-1), last=ROTATION_0 (0)); user=ROTATION_0 (0) 
01-02 12:27:31.353 D/WindowManager( 1226): rotationForOrientation, orientationSource=ActivityRecord{214a8cd u0 com.android.chrome/com.google.android.apps.chrome.Main} t43355}
01-02 12:27:31.353 D/TspStateManager( 1226): updateCustomValue customSetting=
01-02 12:27:31.355 W/WindowManager( 1226): Execute app transition: mNextAppTransitionRequests=[TRANSIT_OPEN, TRANSIT_OPEN, TRANSIT_TO_FRONT, TRANSIT_CLOSE], mNextAppTransitionFlags=, displayId: 0 Callers=com.android.server.wm.RootWindowContainer.executeAppTransitionForAllDisplay:2580 com.android.server.wm.ActivityTaskSupervisor.reportResumedActivityLocked:2287 com.android.server.wm.ActivityRecord.completeResumeLocked:6987 com.android.server.wm.TaskFragment.resumeTopActivity:1743 com.android.server.wm.TaskFragment.resumeTopActivity:1307 
01-02 12:27:31.356 I/ViewRootImpl@a4bfc7a[Main]( 3312): handleAppVisibility mAppVisible = false visible = true
01-02 12:27:31.356 I/ViewRootImpl@a4bfc7a[Main]( 3312): stopped(false) old = true
01-02 12:27:31.357 I/ViewRootImpl@a4bfc7a[Main]( 3312): WindowStopped on com.android.chrome/com.google.android.apps.chrome.Main set to false
01-02 12:27:31.358 D/SGM:FgCheckThread( 1226): notePauseComponent(), received pkgName: com.android.chrome, userId: 0
01-02 12:27:31.358 I/CocktailBarManagerServiceContainer( 1226): handleMessage: entry what = 6
01-02 12:27:31.358 I/CocktailBarManagerServiceImpl( 1226): notePauseComponent : no active host
01-02 12:27:31.359 I/SemPersonaManager( 1226): SecureFolder personaId = 150
01-02 12:27:31.361 W/cr_ActivityDispatcher( 3312): CustomTabsIntent#shouldAlwaysUseBrowserUI() = false
01-02 12:27:31.365 D/AppLockPolicy( 1226): isActivityInExceptionList: 
01-02 12:27:31.365 I/MSHandlerLifeCycle( 3312): removeMultiSplitHandler: no exist. decor=DecorView@abfd3da[Main]
01-02 12:27:31.365 I/cr_ChromeActivity( 3312): onNewIntentWithNative: exiting picture in picture if needed
01-02 12:27:31.365 I/cr_VideoPersist( 3312): Framework exited picture in picture
01-02 12:27:31.365 I/cr_VideoPersist( 3312): Exited picture in picture with reason: 0
01-02 12:27:31.366 I/ActivityManager( 1226): Changes in 90000 17 to 3, 0 to 8
01-02 12:27:31.378 D/BoundBrokerSvc(28194): onBind: Intent { act=com.google.android.gms.chromesync.service.firstparty.START dat=chimera-action:/... cmp=com.google.android.gms/.chimera.GmsApiService }
01-02 12:27:31.378 D/BoundBrokerSvc(28194): Loading bound service for intent: Intent { act=com.google.android.gms.chromesync.service.firstparty.START dat=chimera-action:/... cmp=com.google.android.gms/.chimera.GmsApiService }
01-02 12:27:31.387 D/EnterpriseDeviceManagerService( 1226): isMdmAdminPresentInternal() : MDM Admin Found - com.samsung.knox.securefolder
01-02 12:27:31.387 D/SGM:FgCheckThread( 1226): noteResumeComponent(), received pkgName: com.android.chrome, userId: 0
01-02 12:27:31.388 I/CocktailBarManagerServiceContainer( 1226): handleMessage: entry what = 5
01-02 12:27:31.388 I/CocktailBarManagerServiceImpl( 1226): noteResumeComponent : no active host
01-02 12:27:31.388 D/SGM:FgCheckThread( 1226): onLooperPrepared(), msg: MSG_APP_RESUME, pkgName: com.android.chrome, userid: 0
01-02 12:27:31.389 D/SGM:FgCheckThread( 1226): handleResume().
01-02 12:27:31.389 D/SGM:FgCheckThread( 1226): sendFocusOutConditionally() - mPrevNotiPkg: com.sec.android.app.samsungapps, userId: 0
01-02 12:27:31.389 D/SGM:FgCheckThread( 1226):   handleResume(). pkgName: com.android.chrome, userId: 0, isTunableApp: null
01-02 12:27:31.389 D/SGM:FgCheckThread( 1226): notifyFocusInOut(). of pkg: com.android.chrome, type: 4, isTunableApp: false, userId: 0
01-02 12:27:31.389 D/SGM:FgCheckThread( 1226):   notifyFocusInOut(). do nothing. mKillNotiCount: 1
01-02 12:27:31.389 D/SGM:SystemHelper( 1226): callReleaseBlock needReleaseBlock:false
01-02 12:27:31.389 I/PaymentSafetyPolicy( 1226): Payment thread msg 20
01-02 12:27:31.389 I/PaymentSafetyPolicy( 1226): Payment thread msg 20
01-02 12:27:31.389 I/MediaSessionMonitor( 1226): Media session stopped : controllerList empty
01-02 12:27:31.389 I/GameSDK@LifeCycle( 1226): noteResumeComponent(): package name  : com.android.chrome
01-02 12:27:31.398 D/CompatibilityChangeReporter( 1226): Compat change id reported: 143937733; UID 10531; state: ENABLED
01-02 12:27:31.406 D/Zygote  ( 3407): Forked child process 5762
01-02 12:27:31.408 I/ActivityManager( 1226): Start proc 5762:com.android.chrome:sandboxed_process0:org.chromium.content.app.SandboxedProcessService0:2/u0ai2 for  {com.android.chrome/org.chromium.content.app.SandboxedProcessService0:2}
01-02 12:27:31.408 W/System  ( 1226): A resource failed to call close. 
01-02 12:27:31.408 W/System  ( 1226): A resource failed to call close. 
01-02 12:27:31.409 I/ActivityManager( 1226): Changes in 90000 3 to 17, 8 to 0
01-02 12:27:31.411 I/DecorView( 3312): notifyKeepScreenOnChanged: keepScreenOn=false
01-02 12:27:31.411 E/libc    ( 5762): SetHeapTaggingLevel: re-enabling tagging after it was disabled is not supported
01-02 12:27:31.413 D/CoreBackPreview( 1226): Window{dc44a1e u0 com.android.chrome/com.google.android.apps.chrome.Main}: Setting back callback OnBackInvokedCallbackInfo{mCallback=android.window.IOnBackInvokedCallback$Stub$Proxy@90e6763, mPriority=-1}
01-02 12:27:31.417 D/CoreBackPreview( 1226): Window{dc44a1e u0 com.android.chrome/com.google.android.apps.chrome.Main}: Setting back callback OnBackInvokedCallbackInfo{mCallback=android.window.IOnBackInvokedCallback$Stub$Proxy@8345f60, mPriority=0}
01-02 12:27:31.417 I/cr_VideoPersist( 3312): Dismiss activity with reason 4
01-02 12:27:31.418 I/ViewRootImpl@a4bfc7a[Main]( 3312): stopped(false) old = false
01-02 12:27:31.419 I/ocessService0:2( 5762): Using CollectorTypeCC GC.
01-02 12:27:31.420 I/cr_A11yState( 3312): Enabled accessibility services list updated. [com.samsung.android.app.sreminder/.shoppingassistant.ShoppingAssistantService]
01-02 12:27:31.420 I/cr_A11yState( 3312): Informing listeners of changes.
01-02 12:27:31.420 I/cr_A11yState( 3312): New AccessibilityState: State{isComplexUserInteractionServiceEnabled=false, isTouchExplorationEnabled=false, isPerformGesturesEnabled=false, isAnyAccessibilityServiceEnabled=true, isAccessibilityToolPresent=true, isTextShowPasswordEnabled=false, isOnlyAutofillRunning=false, isOnlyPasswordManagersEnabled=false, isKnownScreenReaderEnabled=false}
01-02 12:27:31.421 E/ocessService0:2( 5762): Not starting debugger since process cannot load the jdwp agent.
01-02 12:27:31.423 I/cr_InactivityTracker( 3312): Last background time read from the SharedPreference is:1767327976544.
01-02 12:27:31.425 D/ActivityThread( 5762): setConscryptValidator
01-02 12:27:31.426 D/ActivityThread( 5762): setConscryptValidator - put
01-02 12:27:31.427 I/cr_ChromeActivity( 3312): onResumeWithNative: exiting picture in picture if needed
01-02 12:27:31.427 I/cr_VideoPersist( 3312): Dismiss activity with reason 0
01-02 12:27:31.429 I/ActivityManager( 1226): DSS OFF for com.android.chrome
01-02 12:27:31.430 D/MdnieScenarioControlService( 1226):  packageName : com.android.chrome    className : org.chromium.chrome.browser.ChromeTabbedActivity
01-02 12:27:31.430 V/MdnieScenarioControlService( 1226): mAclOffEnabled : false mAclPreviewState : false mAclCompensationState : false
01-02 12:27:31.431 D/DexController( 1226): init process display: set packageProcessId, displayId=0, same_package_proc=ProcessRecord{84e6519 3312:com.android.chrome/u0a531}, app=ProcessRecord{9106056 5762:com.android.chrome:sandboxed_process0:org.chromium.content.app.SandboxedProcessService0:2/u0a531i-8998}
01-02 12:27:31.431 I/SemMdnieManagerService( 1226): setContentMode : 8
01-02 12:27:31.431 V/MdnieScenarioControlService( 1226): Calling MdnieManager API(setContentMode(8))
01-02 12:27:31.431 D/MdnieScenarioControlService( 1226): Start Browser Brightness Decrease Timer
01-02 12:27:31.431 D/SemDisplaySolutionManagerService( 1226): uid : 1000 , pid : 1226 , name : brightness_scale_off
01-02 12:27:31.431 I/ActivityManager( 1226): Changes in 90002 20 to 3, 0 to 8
01-02 12:27:31.431 D/SemDisplaySolutionManagerService( 1226): where : application what : DEFAULT setScreenBrightnessScaleFactor(1.0) , mBrightnessCompensation : 1.0 , PMS value : 1.0
01-02 12:27:31.431 D/PowerManagerService( 1226): [api] setScreenBrightnessScaleFactor: scaleFactor: 1.0 (uid: 1000 pid: 1226)
01-02 12:27:31.431 D/SemDisplaySolutionManagerService( 1226): Normal Mode setMultipleScreenBrightness , application, DEFAULT, 1.0
01-02 12:27:31.431 V/MdnieScenarioControlService( 1226): Calling SemDisplaySolutionManager API(setMultipleScreenBrightness(0)
01-02 12:27:31.433 D/audio_hw_primary(  972): adev_set_parameters: enter: audioHDR=0
01-02 12:27:31.433 D/audio_hw_hfp(  972): hfp_set_parameters: enter
01-02 12:27:31.433 V/audio_hw_sec(  972): sec_set_parameters: enter
01-02 12:27:31.433 D/audio_hw_extn(  972): audio_extn_fm_set_parameters: Enter
01-02 12:27:31.433 D/audio_hw_primary(  972): adev_set_parameters: exit with code(0)
01-02 12:27:31.433 I/Audio_a2dpsink_hw(  972): adev_set_parameters: kevpairs=[audioHDR=0]
