01-02 12:27:35.013 I/InputDispatcher( 1226): Delivering touch to (3312): action: 0x0, f=0x0, d=0, 'dc44a1e', t=1 
01-02 12:27:35.014 I/TouchInteractionService( 3001): onInputEvent, inputConsumer = com.android.quickstep.l2@e16a71b
01-02 12:27:35.014 I/ViewRootImpl@a4bfc7a[Main]( 3312): ViewPostIme pointer 0
01-02 12:27:35.014 I/GestureDetector( 1226): obtain mCurrentDownEvent. id: 106203920 caller: com.android.server.wm.SystemGesturesPointerEventListener.onPointerEvent:203 com.android.server.wm.PointerEventDispatcher.onInputEvent:53 android.view.InputEventReceiver.dispatchInputEvent:285 
01-02 12:27:35.017 I/SemDvfsHyPerManager( 5296): acquire hyper - TABoost/5296@17, type = 1090523139
01-02 12:27:35.017 D/TwoFingerGesture( 2437): onDetecting in EdgeBackGestureHandler
01-02 12:27:35.018 I/HYPER-HAL(  988): [RequestManager.cpp]releaseLocked(): Released ID : 14116658
01-02 12:27:35.018 I/HYPER-HAL(  988): [RequestManager.cpp]acquire(): Acquired ID : 14116658  [5296 / 17]    HINT :      list : [TABoost / 30] [TIMEOUT / 1500] 
01-02 12:27:35.018 I/GestureDetector( 1226): obtain mCurrentDownEvent. id: 106203920 caller: com.android.server.wm.SystemPerformancePointerEventListener.onPointerEvent:89 com.android.server.wm.PointerEventDispatcher.onInputEvent:53 android.view.InputEventReceiver.dispatchInputEvent:285 
01-02 12:27:35.019 V/Navbar.Store( 2437): --NavBarStates isBlockingGestureOnGame: false
01-02 12:27:35.021 I/GestureDetector( 1226): obtain mCurrentMotionEventRaw. action: 2 id: 584656976
01-02 12:27:35.021 I/GestureDetector( 1226): obtain mCurrentMotionEventRaw. action: 2 id: 584656976
01-02 12:27:35.027 I/ViewRootImpl@8aa5b9b[EdgeBackGestureHandler0]( 2437): performTraversals params={(0,1269)(420x1072) gr=TOP LEFT CENTER sim={adjust=pan} ty=NAVIGATION_BAR_PANEL fmt=TRANSLUCENT
01-02 12:27:35.027 I/ViewRootImpl@8aa5b9b[EdgeBackGestureHandler0]( 2437):   fl=1000118
01-02 12:27:35.027 I/ViewRootImpl@8aa5b9b[EdgeBackGestureHandler0]( 2437):   pfl=32200010
01-02 12:27:35.027 I/ViewRootImpl@8aa5b9b[EdgeBackGestureHandler0]( 2437):   bhv=DEFAULT naviIconColor=0}
01-02 12:27:35.028 I/ViewRootImpl@8aa5b9b[EdgeBackGestureHandler0]( 2437): performTraversals mFirst=false windowShouldResize=false viewVisibilityChanged=true mForceNextWindowRelayout=false params={(0,1269)(420x1072) gr=TOP LEFT CENTER sim={adjust=pan} ty=NAVIGATION_BAR_PANEL fmt=TRANSLUCENT
01-02 12:27:35.028 I/ViewRootImpl@8aa5b9b[EdgeBackGestureHandler0]( 2437):   fl=1000118
01-02 12:27:35.028 I/ViewRootImpl@8aa5b9b[EdgeBackGestureHandler0]( 2437):   pfl=32200010
01-02 12:27:35.028 I/ViewRootImpl@8aa5b9b[EdgeBackGestureHandler0]( 2437):   bhv=DEFAULT naviIconColor=0}
01-02 12:27:35.028 V/WindowManager( 1226): Relayout Window{e78b49 u0 EdgeBackGestureHandler0}: viewVisibility=0 req=420x1072 d0
01-02 12:27:35.028 D/RestrictionPolicy( 1226): isScreenCaptureEnabled : ret=true userId=0
01-02 12:27:35.028 I/SurfaceFlinger( 1097): id=187168 createSurf, flag=40004, EdgeBackGestureHandler0$_2437#187168
01-02 12:27:35.033 D/WindowManager( 1226): makeSurface duration=4 name=EdgeBackGestureHandler0$_2437
01-02 12:27:35.035 V/WindowManager( 1226): Relayout hash=e78b49, pid=2437, syncId=-1: mAttrs={(0,1269)(420x1072) gr=TOP LEFT CENTER sim={adjust=pan} ty=NAVIGATION_BAR_PANEL fmt=TRANSLUCENT
01-02 12:27:35.035 V/WindowManager( 1226):   fl=1000118
01-02 12:27:35.035 V/WindowManager( 1226):   pfl=32200010
01-02 12:27:35.035 V/WindowManager( 1226):   bhv=DEFAULT naviIconColor=0}
01-02 12:27:35.036 I/ViewRootImpl@8aa5b9b[EdgeBackGestureHandler0]( 2437): updateBlastSurfaceIfNeeded mBlastBufferQueue=null isSameSurfaceControl=false
01-02 12:27:35.037 I/BLASTBufferQueue( 2437): new BLASTBufferQueue, mName= ViewRootImpl@8aa5b9b[EdgeBackGestureHandler0] mNativeObject= 0xb400007277c90870 sc.mNativeObject= 0xb400007207f56040 caller= android.view.ViewRootImpl.updateBlastSurfaceIfNeeded:2909 android.view.ViewRootImpl.relayoutWindow:9847 android.view.ViewRootImpl.performTraversals:3884 android.view.ViewRootImpl.doTraversal:3116 android.view.ViewRootImpl$TraversalRunnable.run:10885 android.view.Choreographer$CallbackRecord.run:1301 android.view.Choreographer$CallbackRecord.run:1309 android.view.Choreographer.doCallbacks:923 android.view.Choreographer.doFrame:852 android.view.Choreographer$FrameDisplayEventReceiver.run:1283 
01-02 12:27:35.038 I/BLASTBufferQueue( 2437): update, w= 420 h= 1072 mName = ViewRootImpl@8aa5b9b[EdgeBackGestureHandler0] mNativeObject= 0xb400007277c90870 sc.mNativeObject= 0xb400007207f56040 format= -3 caller= android.graphics.BLASTBufferQueue.<init>:84 android.view.ViewRootImpl.updateBlastSurfaceIfNeeded:2909 android.view.ViewRootImpl.relayoutWindow:9847 android.view.ViewRootImpl.performTraversals:3884 android.view.ViewRootImpl.doTraversal:3116 android.view.ViewRootImpl$TraversalRunnable.run:10885 
01-02 12:27:35.038 I/ViewRootImpl@8aa5b9b[EdgeBackGestureHandler0]( 2437): Relayout returned: old=(0,1257,420,2329) new=(0,1269,420,2341) req=(420,1072)0 dur=8 res=0x3 s={true 0xb4000073083e9d10} ch=true seqId=0
01-02 12:27:35.039 D/OpenGLRenderer( 2437): eglCreateWindowSurface
01-02 12:27:35.039 I/ViewRootImpl@8aa5b9b[EdgeBackGestureHandler0]( 2437): mThreadedRenderer.initialize() mSurface={isValid=true 0xb4000073083e9d10} hwInitialized=true
01-02 12:27:35.040 I/ViewRootImpl@8aa5b9b[EdgeBackGestureHandler0]( 2437): reportNextDraw android.view.ViewRootImpl.performTraversals:4438 android.view.ViewRootImpl.doTraversal:3116 android.view.ViewRootImpl$TraversalRunnable.run:10885 android.view.Choreographer$CallbackRecord.run:1301 android.view.Choreographer$CallbackRecord.run:1309 
01-02 12:27:35.040 I/ViewRootImpl@8aa5b9b[EdgeBackGestureHandler0]( 2437): Setup new sync id=5972
01-02 12:27:35.040 I/ViewRootImpl@8aa5b9b[EdgeBackGestureHandler0]( 2437): Setting syncFrameCallback
01-02 12:27:35.040 I/ViewRootImpl@8aa5b9b[EdgeBackGestureHandler0]( 2437): registerCallbacksForSync syncBuffer=false
01-02 12:27:35.040 I/BpBinder( 1097): onLastStrongRef automatically unlinking death recipients: <uncached descriptor>
01-02 12:27:35.040 I/LatencyTracker( 2437): ACTION_SHOW_BACK_ARROW latency=21
01-02 12:27:35.041 I/ViewRootImpl@8aa5b9b[EdgeBackGestureHandler0]( 2437): Received frameDrawingCallback syncResult=0 frameNum=1.
01-02 12:27:35.041 I/ViewRootImpl@8aa5b9b[EdgeBackGestureHandler0]( 2437): Setting up sync and frameCommitCallback
01-02 12:27:35.042 I/BLASTBufferQueue( 2437): [ViewRootImpl@8aa5b9b[EdgeBackGestureHandler0]#10910](f:0,a:0) onFrameAvailable the first frame is available
01-02 12:27:35.042 I/ViewRootImpl@8aa5b9b[EdgeBackGestureHandler0]( 2437): Received frameCommittedCallback lastAttemptedDrawFrameNum=1 didProduceBuffer=true
01-02 12:27:35.042 I/ViewRootImpl@8aa5b9b[EdgeBackGestureHandler0]( 2437): onSyncComplete
01-02 12:27:35.042 I/ViewRootImpl@8aa5b9b[EdgeBackGestureHandler0]( 2437): setupSync seqId=0 mSyncId=5972 fn=1 caller=android.view.ViewRootImpl$$ExternalSyntheticLambda11.accept:6 android.window.SurfaceSyncer.lambda$setupSync$1$android-window-SurfaceSyncer:128 android.window.SurfaceSyncer$$ExternalSyntheticLambda1.accept:8 android.window.SurfaceSyncer$SyncSet.checkIfSyncIsComplete:382 android.window.SurfaceSyncer$SyncSet.markSyncReady:359 android.window.SurfaceSyncer.markSyncReady:151 android.view.ViewRootImpl.performTraversals:4503 
01-02 12:27:35.043 I/ViewRootImpl@8aa5b9b[EdgeBackGestureHandler0]( 2437): reportDrawFinished seqId=0 mSyncId=-1 fn=1 mSurfaceChangedTransaction=0xb400007237c0ad10
01-02 12:27:35.043 D/InputDispatcher( 1226): Cancel for 'dc44a1e': input channel stole pointer stream, m=1
01-02 12:27:35.043 I/InputDispatcher( 1226): Delivering touch to (3312): action: 0x3, f=0x0, d=0, 'dc44a1e', t=1 
01-02 12:27:35.043 D/InputDispatcher( 1226): Cancel for '[Gestur': input channel stole pointer stream, m=1
01-02 12:27:35.043 D/InputDispatcher( 1226): Cancel for '[Gestur': input channel stole pointer stream, m=1
01-02 12:27:35.044 D/InputDispatcher( 1226): Cancel for '[Gestur': input channel stole pointer stream, m=1
01-02 12:27:35.044 I/InputDispatcher( 1226): Channel [Gesture Monitor] edge-swipe (server) is stealing touch from [dc44a1e com.android.chrome/com.google.android.apps.chrome.Main (server), [Gesture Monitor] swipe-up (server), [Gesture Monitor] EOHGestureManager (server), [Gesture Monitor] PalmMotion (server)]
01-02 12:27:35.044 I/TouchInteractionService( 3001): reset
01-02 12:27:35.045 V/Navbar.Store( 2437): handleEvent(0) ResetBottomGestureHintVI(noArguments=true) [Module] 
01-02 12:27:35.045 V/Navbar.Store( 2437): [Band]GESTURE_PACK_RESET_HINT_VI
01-02 12:27:35.045 V/Navbar.Store( 2437): --apply(0) ResetHintVI
01-02 12:27:35.046 D/ShellBackPreview( 2437): initAnimation mMotionStarted=false
01-02 12:27:35.047 I/BpBinder( 1097): onLastStrongRef automatically unlinking death recipients: <uncached descriptor>
01-02 12:27:35.047 D/WindowManager( 1226): finishDrawingWindow: Window{e78b49 u0 EdgeBackGestureHandler0} mDrawState=DRAW_PENDING seqId=0
01-02 12:27:35.049 V/WindowManager( 1226): performShowLocked: mDrawState=HAS_DRAWN in Window{e78b49 u0 EdgeBackGestureHandler0}
01-02 12:27:35.050 D/CoreBackPreview( 1226): Focused window found using getFocusedWindowToken
01-02 12:27:35.050 D/CoreBackPreview( 1226): startBackNavigation currentTask=Task{7af0cd0 #43355 type=standard A=10531:com.android.chrome U=0 visible=true visibleRequested=true mode=fullscreen translucent=false sz=1}, topRunningActivity=ActivityRecord{214a8cd u0 com.android.chrome/com.google.android.apps.chrome.Main} t43355}, callbackInfo=OnBackInvokedCallbackInfo{mCallback=android.window.IOnBackInvokedCallback$Stub$Proxy@8345f60, mPriority=0}, currentFocus=Window{dc44a1e u0 com.android.chrome/com.google.android.apps.chrome.Main}
01-02 12:27:35.050 D/ShellBackPreview( 2437): Received backNavigationInfo:BackNavigationInfo{mType=TYPE_CALLBACK (4), mDepartingAnimationTarget=null, mScreenshotSurface=null, mTaskWindowConfiguration= null, mScreenshotBuffer=null, mOnBackNavigationDone=null, mOnBackInvokedCallback=android.window.IOnBackInvokedCallback$Stub$Proxy@bad1369}
01-02 12:27:35.053 D/WindowManager( 1226): requestTransientBars: swipeTarget=Window{621519f u0 NavigationBar0}, controlTarget=Window{dc44a1e u0 com.android.chrome/com.google.android.apps.chrome.Main}, canShowTransient=false, restorePositionTypes=0x3, from=com.android.server.wm.DisplayPolicy.-$$Nest$mrequestTransientBars:0 com.android.server.wm.DisplayPolicy$1.requestTransientBarsForSideSwipe:667 
01-02 12:27:35.059 I/Layer   ( 1097): Layer [EdgeBackGestureHandler0$_2437#187168] hidden!! flag(0)
01-02 12:27:35.061 I/BpBinder( 1097): onLastStrongRef automatically unlinking death recipients: <uncached descriptor>
01-02 12:27:35.067 D/SurfaceFlinger( 1097): Display 4630947232161729153 HWC layers:
01-02 12:27:35.067 D/SurfaceFlinger( 1097):      DEVICE | 0xb400006fedb98c30 | 0102 | RGBA_8888    |    0.0    0.0 1440.0 3096.0 |    0  104 1440 3200 | com.android.chrome/ChromeChildSurface#187153
01-02 12:27:35.067 D/SurfaceFlinger( 1097):      DEVICE | 0xb400006fedb7a510 | 0100 | RGBA_8888    |    0.0    0.0 1440.0 3200.0 |    0    0 1440 3200 | com.android.chrome/com.google.android.apps.chrome.Main$_3312#187145
01-02 12:27:35.067 D/SurfaceFlinger( 1097):      DEVICE | 0xb400006fedb705e0 | 0100 | RGBA_8888    |    0.0    0.0 1440.0  104.0 |    0    0 1440  104 | StatusBar$_2437#89
01-02 12:27:35.067 D/SurfaceFlinger( 1097):      DEVICE | 0xb400006fedb4f640 | 0100 | RGBA_8888    |    0.0    0.0 1440.0  192.0 |    0 3008 1440 3200 | NavigationBar0$_2437#84
01-02 12:27:35.067 D/SurfaceFlinger( 1097):      DEVICE | 0xb400006fedb5e9d0 | 0100 | RGBA_8888    |    0.0    0.0  420.0 1072.0 |    0 1269  420 2341 | EdgeBackGestureHandler0$_2437#187168
01-02 12:27:35.067 D/SurfaceFlinger( 1097): 
01-02 12:27:35.077 D/InputReader( 1226): Btn_touch(8): value=0 when=714024.319882
01-02 12:27:35.077 I/InputReader( 1226): Touch event's action is 0x1 (id=3, t=0) [pCnt=1, s=] when=714024.319882
01-02 12:27:35.078 I/BpBinder( 1097): onLastStrongRef automatically unlinking death recipients: <uncached descriptor>
01-02 12:27:35.079 I/BpBinder( 1097): onLastStrongRef automatically unlinking death recipients: <uncached descriptor>
01-02 12:27:35.079 D/TwoFingerGesture( 2437): onEnd EdgeBackGestureHandler
01-02 12:27:35.079 D/ShellBackPreview( 2437): Finishing gesture with event action: 1
01-02 12:27:35.079 D/ShellBackPreview( 2437): onGestureFinished() mTriggerBack == true
01-02 12:27:35.079 D/BackAnimationController( 2437): dispatchOnBackInvoked, caller=com.android.wm.shell.back.BackAnimationController.onGestureFinished:399 com.android.wm.shell.back.BackAnimationController.onMotionEvent:281 com.android.wm.shell.back.BackAnimationController$BackAnimationImpl.lambda$onBackMotion$0:194 
01-02 12:27:35.079 D/ShellBackPreview( 2437): BackAnimationController: finishAnimation()
01-02 12:27:35.079 D/WindowOnBackDispatcher( 3312): onBackInvoked, viewRoot=ViewRootImpl@4fc1d07[PopupWindow:ea38746], callback=rig@412781
01-02 12:27:35.080 I/cr_ChromeTabbedActivity( 3312): sendToBackground(): org.chromium.chrome.browser.tab.TabImpl@3e836f
01-02 12:27:35.080 I/ActivityTaskManager( 1226): moveTaskToBack: Task{7af0cd0 #43355 type=standard A=10531:com.android.chrome U=0 visible=true visibleRequested=true mode=fullscreen translucent=false sz=1}
01-02 12:27:35.080 D/SGM:GameManager( 1226): identifyGamePackage. com.android.chrome, mCurrentUserId: 0, callerUserId: 0, callingMethodInfo: com.android.server.ssrm.fgapps.GameAppUtils.isGame(GameAppUtils.java:84)
01-02 12:27:35.080 D/SGM:PkgDataHelper( 1226): getGamePkgData(). com.android.chrome
01-02 12:27:35.080 I/SemDvfsHyPerManager( 1226): acquire hyper - GESTURE_DETECTED/1226@24, type = -999
01-02 12:27:35.080 W/WindowManager( 1226): Prepare app transition: mNextAppTransitionRequests=[TRANSIT_TO_BACK], mNextAppTransitionFlags=, displayId: 0 Callers=com.android.server.wm.DisplayContent.prepareAppTransition:6493 com.android.server.wm.DisplayContent.prepareAppTransition:6484 com.android.server.wm.DisplayContent.requestTransitionAndLegacyPrepare:6517 com.android.server.wm.Task.moveTaskToBack:7274 com.android.server.wm.Task.moveTaskToBack:7203 
01-02 12:27:35.080 I/SemDvfsHyPerManager( 1226): acquire hyper - SMOOTH_SCROLL/1226@23, type = -999
01-02 12:27:35.081 I/HYPER-HAL(  988): [RequestManager.cpp]acquire(): Acquired ID : 781899  [1226 / 24]    HINT : GESTURE_DETECTED    list : [TIMEOUT / 2318] 
01-02 12:27:35.081 I/HYPER-HAL(  988): [ResourceManager.cpp]updateResource(): [CPUMinFreq] UpdateResource Request ID : 781899    Value : 1075200
01-02 12:27:35.081 I/HYPER-HAL(  988): [RequestManager.cpp]acquire(): Acquired ID : 780648  [1226 / 23]    HINT : SMOOTH_SCROLL    list : 
01-02 12:27:35.081 D/SGM:GameManager( 1226): identifyGamePackage. com.android.chrome, mCurrentUserId: 0, callerUserId: 0, callingMethodInfo: com.android.server.ssrm.fgapps.GameAppUtils.isGame(GameAppUtils.java:84)
01-02 12:27:35.081 D/SGM:PkgDataHelper( 1226): getGamePkgData(). com.android.chrome
01-02 12:27:35.081 I/SemDvfsHyPerManager( 1226): acquire hyper - GESTURE_DETECTED/1226@24, type = -999
01-02 12:27:35.082 I/HYPER-HAL(  988): [ResourceManager.cpp]updateResource(): [CPUMinFreq] UpdateResource Request ID : 780648    Value : 1190400
01-02 12:27:35.082 I/HYPER-HAL(  988): [RequestManager.cpp]acquire(): Acquired ID : 781899  [1226 / 24]    HINT : GESTURE_DETECTED    list : [TIMEOUT / 2318] 
01-02 12:27:35.082 I/HYPER-HAL(  988): [ResourceManager.cpp]updateResource(): [CPUMinFreq] UpdateResource Request ID : 781899    Value : 1075200
01-02 12:27:35.082 I/HYPER-HAL(  988): [ResourceManager.cpp]removeResource(): [CPUMinFreq] RemoveResource Request ID : 780648
01-02 12:27:35.083 I/HYPER-HAL(  988): [RequestManager.cpp]releaseLocked(): Released ID : 780648
01-02 12:27:35.083 V/Vibrator( 2437): semGetSupportedVibrationType: ret=4
01-02 12:27:35.084 D/VibratorManagerService( 1226): vibrate - uid: 10050, opPkg: com.android.systemui, effect: Mono{mEffect=Composed{segments=[SemHaptic{mType=50047}], repeat=-1, mMagnitudeType=TYPE_TOUCH}}, attrs: VibrationAttributes: Usage=UNKNOWN Audio Usage= USAGE_UNKNOWN tags= Flags=0, reason: null, token: android.os.BinderProxy@4eedbe5
01-02 12:27:35.084 D/VibratorManagerService( 1226): converted usage = TOUCH(18)
01-02 12:27:35.084 D/VibratorManagerService( 1226): semIndexVibrate : EFFECT_CLICK_GESTURE(23), repeat: -1, usage: TOUCH(18), magnitude: 4000
01-02 12:27:35.084 D/VibratorManagerService( 1226): Starting vibrate for vibration  9958
01-02 12:27:35.084 D/ActivityTaskManager( 1226): scheduleTopResumedActivityChanged, onTop=false r=ActivityRecord{214a8cd u0 com.android.chrome/com.google.android.apps.chrome.Main} t43355} caller=com.android.server.wm.ActivityTaskSupervisor.updateTopResumedActivityIfNeeded:2510 com.android.server.wm.TaskDisplayArea.positionChildTaskAt:602 com.android.server.wm.TaskDisplayArea.positionChildAt:537 com.android.server.wm.Task.moveToBack:6078 com.android.server.wm.Task.moveTaskToBack:7301 com.android.server.wm.Task.moveTaskToBack:7203 
01-02 12:27:35.085 I/BpBinder( 1097): onLastStrongRef automatically unlinking death recipients: <uncached descriptor>
01-02 12:27:35.085 D/SemHapticStep( 1226): sepIndex=23, intensity=4000, repeat=false
01-02 12:27:35.085 D/SemHapticStep( 1226): Turning on vibrator 0 for ms
01-02 12:27:35.085 V/WindowManager( 1226): Setting visibility of Window{32567fd u0 net.qsgl365/net.qsgl365.MainActivity}: true, caller=com.android.server.wm.WindowContainer.sendAppVisibilityToClients:1246 com.android.server.wm.WindowToken.setClientVisible:431 com.android.server.wm.ActivityRecord.setClientVisible:7691 com.android.server.wm.ActivityRecord.setVisibility:6091 com.android.server.wm.ActivityRecord.setVisibility:5984 
01-02 12:27:35.085 I/VibratorController( 1226): vibratorPerformPrebakedHapticPattern started
01-02 12:27:35.086 I/servicemanager(  627): Could not find android.hardware.vibrator.IVibrator/default in the VINTF manifest.
01-02 12:27:35.086 I/ViewRootImpl@ac4e9c9[MainActivity](32315): handleAppVisibility mAppVisible = false visible = true
01-02 12:27:35.086 D/WindowManagerServiceExt( 1226): notifyOccludeChangeNotice: cn=ComponentInfo{net.qsgl365/net.qsgl365.MainActivity} occludesParent=true inMultiWindow=false styleFloating=false caller=com.android.server.wm.WindowManagerServiceExt.updateOccludeTargetIfNeeded:1402 com.android.server.wm.DisplayContent.ensureActivitiesVisible:7532 com.android.server.wm.RootWindowContainer.ensureActivitiesVisible:2248 com.android.server.wm.RootWindowContainer.ensureVisibilityAndConfig:2126 com.android.server.wm.Task.moveTaskToBack:7323 
01-02 12:27:35.086 E/SecVibrator-HAL2.2_A( 1049): sehPerformPrebakedHapticPattern pattern : 23, amplitude : 4000
01-02 12:27:35.086 E/SecVibrator-HAL2.2_A( 1049): sehPerformPrebakedHapticPattern one shoot starts
01-02 12:27:35.086 E/SecVibrator-HAL2.2_A( 1049): >> writeNode node:/timed_output/vibrator/intensity val:4000
01-02 12:27:35.086 V/WindowManager( 1226): rotationForOrientation(orient=SCREEN_ORIENTATION_UNSPECIFIED (-1), last=ROTATION_0 (0)); user=ROTATION_0 (0) 
01-02 12:27:35.086 D/WindowManager( 1226): rotationForOrientation, orientationSource=ActivityRecord{fea005a u0 net.qsgl365/.MainActivity} t43687}
01-02 12:27:35.086 V/WindowManager( 1226): rotationForOrientation(orient=SCREEN_ORIENTATION_UNSPECIFIED (-1), last=ROTATION_0 (0)); user=ROTATION_0 (0) 
01-02 12:27:35.086 D/WindowManager( 1226): rotationForOrientation, orientationSource=ActivityRecord{fea005a u0 net.qsgl365/.MainActivity} t43687}
01-02 12:27:35.087 V/WindowManager( 1226): Computed rotation=ROTATION_0 (0) for display id=0 based on lastOrientation=SCREEN_ORIENTATION_UNSPECIFIED (-1) and oldRotation=ROTATION_0 (0), caller=com.android.server.wm.DisplayRotation.updateOrientation:414 com.android.server.wm.DisplayContent.updateOrientation:1990 com.android.server.wm.DisplayContent.updateOrientation:1891 com.android.server.wm.RootWindowContainer.ensureVisibilityAndConfig:2139 com.android.server.wm.Task.moveTaskToBack:7323 com.android.server.wm.Task.moveTaskToBack:7203 
01-02 12:27:35.088 D/TspStateManager( 1226): updateCustomValue customSetting=
01-02 12:27:35.088 E/SecVibrator-HAL2.2_A( 1049): << writeNode node OK 5
01-02 12:27:35.088 E/SecVibrator-HAL2.2_A( 1049): >> writeNode node:/timed_output/vibrator/cp_trigger_index val:23
01-02 12:27:35.088 E/SecVibrator-HAL2.2_A( 1049): << writeNode node OK 3
01-02 12:27:35.088 E/SecVibrator-HAL2.2_A( 1049): >> writeNode node:/timed_output/vibrator/enable val:1000
01-02 12:27:35.088 E/SecVibrator-HAL2.2_A( 1049): << writeNode node OK 5
01-02 12:27:35.088 E/SecVibrator-HAL2.2_A( 1049): sehPerformPrebakedHapticPattern one shoot end
01-02 12:27:35.089 I/SSC_DAEMON( 1081): physical_sensor_test_req_msg Sensor type :0, Msg type:3
01-02 12:27:35.090 I/TopTaskTracker( 3001): onTaskMovedToFront : taskId = 43687
01-02 12:27:35.094 I/SSC_DAEMON( 1081): accel_motor_state_event: 1, 1
01-02 12:27:35.094 I/SSC_DAEMON( 1081): LCE motor: 1
01-02 12:27:35.094 I/SSC_DAEMON( 1081): SBOM motor: 1
01-02 12:27:35.096 I/ActivityManager( 1226): Changes in 99467 15 to 3, 0 to 8
01-02 12:27:35.096 I/ActivityManager( 1226): Changes in 10427 15 to 2, 0 to 15
01-02 12:27:35.096 I/AppOps  ( 1226): updateUidProcState uid: 10427 procState: 2 capability:15
01-02 12:27:35.097 I/SAMSUNGWALLET(21816): [Hint_ProcessStatusChange] fg Change, pid : 32315 , isNotify : true , isForeground : true , fg list : [3312, 32315]
01-02 12:27:35.100 E/ANDR-PERF-UTIL( 1008): Failed to read /proc/sys/kernel/walt_low_latency_task_threshold
01-02 12:27:35.100 E/ANDR-PERF-OPTSHANDLER( 1008): Failed to read /proc/sys/kernel/walt_low_latency_task_threshold
01-02 12:27:35.100 E/ANDR-PERF-RESOURCEQS( 1008): Failed to apply optimization [3, 54]
01-02 12:27:35.101 I/SAMSUNGWALLET(21816): [Hint_SimpleHintProcessMonitor] isHomePackageRunning topPkgName = com.android.chrome, topClsName = org.chromium.chrome.browser.ChromeTabbedActivity, return false , se : false
01-02 12:27:35.103 I/cr_MessagesMetrics( 3312): Triggered message stacking animation type 4.
01-02 12:27:35.103 I/SAMSUNGWALLET(21816): [Hint_PayHintService] Hint Status - already invisible, skip hide : [4000000] - Home Package Not Running
01-02 12:27:35.105 D/Native_CFMS( 1226): CFMS Delete Task Tid(3366)
01-02 12:27:35.105 D/Native_CFMS( 1226): CFMS Delete Task Tid(3312)
01-02 12:27:35.105 D/Native_CFMS( 1226): CFMS Delete Task Tid(3641)
01-02 12:27:35.105 D/Native_CFMS( 1226): CFMS Delete Task Tid(3642)
01-02 12:27:35.105 D/Native_CFMS( 1226): CFMS Add Task Tid(3312)
01-02 12:27:35.105 D/Native_CFMS( 1226): CFMS Add Task Tid(3366)
01-02 12:27:35.106 D/Native_CFMS( 1226): CFMS Add Task Tid(3642)
01-02 12:27:35.106 D/Native_CFMS( 1226): CFMS Add Task Tid(3641)
01-02 12:27:35.106 D/Native_CFMS( 1226): CFMS Add Task Tid(32315)
01-02 12:27:35.106 D/Native_CFMS( 1226): CFMS Add Task Tid(32338)
01-02 12:27:35.106 D/Native_CFMS( 1226): CFMS Add Task Tid(32424)
01-02 12:27:35.106 D/Native_CFMS( 1226): CFMS Add Task Tid(32423)
01-02 12:27:35.111 D/MARsPolicyManager( 1226): onPackageResumedFG pkgName = net.qsgl365, userId = 0
01-02 12:27:35.111 D/SGM:FgCheckThread( 1226): notePauseComponent(), received pkgName: com.android.chrome, userId: 0
01-02 12:27:35.112 I/SemDvfsHyPerManager( 1226): acquire hyper - AMS_ACT_RESUME/1226@16, type = -999
01-02 12:27:35.112 D/ActivityManagerPerformance( 1226): AMP_acquire() ACT_RESUME
01-02 12:27:35.112 D/InputDispatcher( 1226): Focus left window (0): dc44a1e com.android.chrome/com.google.android.apps.chrome.Main
01-02 12:27:35.112 W/WindowManager( 1226): Prepare app transition: mNextAppTransitionRequests=[TRANSIT_TO_BACK, TRANSIT_OPEN], mNextAppTransitionFlags=, displayId: 0 Callers=com.android.server.wm.DisplayContent.prepareAppTransition:6493 com.android.server.wm.TaskFragment.resumeTopActivity:1573 com.android.server.wm.TaskFragment.resumeTopActivity:1307 com.android.server.wm.Task.resumeTopActivityInnerLocked:6451 com.android.server.wm.Task.resumeTopActivityUncheckedLocked:6352 
01-02 12:27:35.112 D/ActivityTaskManager( 1226): scheduleTopResumedActivityChanged, onTop=true r=ActivityRecord{fea005a u0 net.qsgl365/.MainActivity} t43687} caller=com.android.server.wm.ActivityTaskSupervisor.scheduleTopResumedActivityStateIfNeeded:2535 com.android.server.wm.ActivityTaskSupervisor.updateTopResumedActivityIfNeeded:2527 com.android.server.wm.TaskFragment.setResumedActivity:493 com.android.server.wm.TaskFragment.onActivityStateChanged:805 com.android.server.wm.ActivityRecord.setState:6406 com.android.server.wm.TaskFragment.resumeTopActivity:1629 
01-02 12:27:35.112 I/HYPER-HAL(  988): [RequestManager.cpp]acquire(): Acquired ID : 771919  [1226 / 16]    HINT : AMS_ACT_RESUME_LOW    list : 
01-02 12:27:35.112 I/CocktailBarManagerServiceContainer( 1226): handleMessage: entry what = 6
01-02 12:27:35.112 D/InputDispatcher( 1226): Focused application(0): ActivityRecord{fea005a u0 net.qsgl365/.MainActivity} t43687}
01-02 12:27:35.112 I/CocktailBarManagerServiceImpl( 1226): notePauseComponent : no active host
01-02 12:27:35.113 V/WindowManager( 1226): Changing focus from Window{dc44a1e u0 com.android.chrome/com.google.android.apps.chrome.Main} to null displayId=0 Callers=com.android.server.wm.RootWindowContainer.updateFocusedWindowLocked:595 com.android.server.wm.WindowManagerService.updateFocusedWindowLocked:6810 com.android.server.wm.ActivityTaskManagerService.setResumedActivityUncheckLocked:5766 com.android.server.wm.TaskFragment.onActivityStateChanged:807 
01-02 12:27:35.113 D/MARsPolicyManager( 1226): onPackageResumedFG pkgName = com.android.chrome, userId = 0
01-02 12:27:35.113 D/StatusBarManagerService( 1226): notifyRequestedSystemKey recent=false home=false
01-02 12:27:35.113 D/SGM:FgCheckThread( 1226): TaskStackListener.onTaskFocusChanged(), taskId=43355, focused=false
01-02 12:27:35.113 D/SGM:FgCheckThread( 1226): TaskStackListener.onTaskFocusChanged(), taskId=43687, focused=true
01-02 12:27:35.114 D/SGM:FgCheckThread( 1226):   sendRunningComponentFocus(), pkgName: net.qsgl365, userId: 0
01-02 12:27:35.114 I/FASProvider( 5296): makeValuesForFasUpdate contentValues = package_name=com.android.chrome extras=0 reason=deleted_from_mars_auto disableReason=default disableResetTime=1767328055113 uid=10531 mode=0 level=1 resetTime=0
01-02 12:27:35.114 D/SGM:FgCheckThread( 1226): onLooperPrepared(), msg: MSG_TASK_FOCUSED, pkgName: net.qsgl365, userId: 0
01-02 12:27:35.114 D/SGM:FgCheckThread( 1226): handleTaskFocused().
01-02 12:27:35.114 D/SGM:FgCheckThread( 1226):   handleTaskFocused(), pkgName: net.qsgl365, userID:0 mResumedPkgMap does not containsKey.
01-02 12:27:35.114 D/AS.MultiSoundManager( 1226): mForegroundUid = 10427
01-02 12:27:35.114 D/AppLockPolicy( 1226): isActivityInExceptionList: 
01-02 12:27:35.115 V/WindowManager( 1226): rotationForOrientation(orient=SCREEN_ORIENTATION_UNSPECIFIED (-1), last=ROTATION_0 (0)); user=ROTATION_0 (0) 
01-02 12:27:35.115 D/WindowManager( 1226): rotationForOrientation, orientationSource=ActivityRecord{fea005a u0 net.qsgl365/.MainActivity} t43687}
01-02 12:27:35.115 V/WindowManager( 1226): rotationForOrientation(orient=SCREEN_ORIENTATION_UNSPECIFIED (-1), last=ROTATION_0 (0)); user=ROTATION_0 (0) 
01-02 12:27:35.115 D/WindowManager( 1226): rotationForOrientation, orientationSource=ActivityRecord{fea005a u0 net.qsgl365/.MainActivity} t43687}
01-02 12:27:35.115 V/WindowManager( 1226): Computed rotation=ROTATION_0 (0) for display id=0 based on lastOrientation=SCREEN_ORIENTATION_UNSPECIFIED (-1) and oldRotation=ROTATION_0 (0), caller=com.android.server.wm.DisplayRotation.updateOrientation:414 com.android.server.wm.DisplayContent.updateOrientation:1990 com.android.server.wm.DisplayContent.updateOrientation:1891 com.android.server.wm.RootWindowContainer.ensureVisibilityAndConfig:2139 com.android.server.wm.TaskFragment.resumeTopActivity:1652 com.android.server.wm.TaskFragment.resumeTopActivity:1307 
01-02 12:27:35.115 I/HYPER-HAL(  988): [ResourceManager.cpp]updateResource(): [CPUMinFreq] UpdateResource Request ID : 771919    Value : 1075200
01-02 12:27:35.115 D/TspStateManager( 1226): updateCustomValue customSetting=
01-02 12:27:35.115 V/WindowManager( 1226): rotationForOrientation(orient=SCREEN_ORIENTATION_UNSPECIFIED (-1), last=ROTATION_0 (0)); user=ROTATION_0 (0) 
01-02 12:27:35.116 D/WindowManager( 1226): rotationForOrientation, orientationSource=ActivityRecord{fea005a u0 net.qsgl365/.MainActivity} t43687}
01-02 12:27:35.116 D/TspStateManager( 1226): updateCustomValue customSetting=
01-02 12:27:35.116 I/ViewRootImpl@ac4e9c9[MainActivity](32315): stopped(false) old = true
01-02 12:27:35.116 I/ViewRootImpl@ac4e9c9[MainActivity](32315): WindowStopped on net.qsgl365/net.qsgl365.MainActivity set to false
01-02 12:27:35.117 W/WindowManager( 1226): Execute app transition: mNextAppTransitionRequests=[TRANSIT_TO_BACK, TRANSIT_OPEN], mNextAppTransitionFlags=, displayId: 0 Callers=com.android.server.wm.RootWindowContainer.executeAppTransitionForAllDisplay:2580 com.android.server.wm.ActivityTaskSupervisor.reportResumedActivityLocked:2287 com.android.server.wm.ActivityRecord.completeResumeLocked:6987 com.android.server.wm.TaskFragment.resumeTopActivity:1743 com.android.server.wm.TaskFragment.resumeTopActivity:1307 
01-02 12:27:35.117 D/AppLockPolicy( 1226): isActivityInExceptionList: 
01-02 12:27:35.118 D/HardcoderService( 1226): FG change to net.qsgl365 (10427, 32315)
01-02 12:27:35.120 D/sechcserver( 1306): Foreground app changed!
01-02 12:27:35.120 D/sechcserver( 1306): Cur FG uid: 10427, type: 0
01-02 12:27:35.120 D/sechcserver( 1306): Release all resource
01-02 12:27:35.120 E/SemOpenPerfStorageManager( 1306): release:: Start
01-02 12:27:35.120 E/SemOpenPerfStorageManager( 1306): release:: DVFS lock is already released. Previous lock will be acquire first.
01-02 12:27:35.122 I/MSHandlerLifeCycle(32315): removeMultiSplitHandler: no exist. decor=DecorView@e9d1213[MainActivity]
01-02 12:27:35.122 I/ViewRootImpl@ac4e9c9[MainActivity](32315): stopped(false) old = false
01-02 12:27:35.122 I/DecorView(32315): notifyKeepScreenOnChanged: keepScreenOn=false
01-02 12:27:35.122 I/MSHandlerLifeCycle(32315): removeMultiSplitHandler: no exist. decor=DecorView@e9d1213[MainActivity]
01-02 12:27:35.122 I/SemPersonaManager( 1226): SecureFolder personaId = 150
01-02 12:27:35.122 D/AnalyticsContainerHandler( 1226): handleMessage : { when=0 what=1 target=com.android.server.knox.KnoxAnalyticsContainer$AnalyticsHandler }
01-02 12:27:35.124 I/SurfaceFlinger( 1097): [dc44a1e com.android.chrome/com.google.android.apps.chrome.Main#187079] FrameRatePriority: -1
01-02 12:27:35.128 I/ViewRootImpl@ac4e9c9[MainActivity](32315): performTraversals params={(0,0)(fillxfill) sim={adjust=resize forwardNavigation} ty=BASE_APPLICATION wanim=0x1030309
01-02 12:27:35.128 I/ViewRootImpl@ac4e9c9[MainActivity](32315):   fl=81810100
01-02 12:27:35.128 I/ViewRootImpl@ac4e9c9[MainActivity](32315):   pfl=12020040
01-02 12:27:35.128 I/ViewRootImpl@ac4e9c9[MainActivity](32315):   bhv=DEFAULT
01-02 12:27:35.128 I/ViewRootImpl@ac4e9c9[MainActivity](32315):   fitSides= naviIconColor=0}
01-02 12:27:35.128 I/ViewRootImpl@ac4e9c9[MainActivity](32315): performTraversals mFirst=false windowShouldResize=false viewVisibilityChanged=true mForceNextWindowRelayout=false params={(0,0)(fillxfill) sim={adjust=resize forwardNavigation} ty=BASE_APPLICATION wanim=0x1030309
01-02 12:27:35.128 I/ViewRootImpl@ac4e9c9[MainActivity](32315):   fl=81810100
01-02 12:27:35.128 I/ViewRootImpl@ac4e9c9[MainActivity](32315):   pfl=12020040
01-02 12:27:35.128 I/ViewRootImpl@ac4e9c9[MainActivity](32315):   bhv=DEFAULT
01-02 12:27:35.128 I/ViewRootImpl@ac4e9c9[MainActivity](32315):   fitSides= naviIconColor=0}
01-02 12:27:35.130 V/WindowManager( 1226): Relayout Window{32567fd u0 net.qsgl365/net.qsgl365.MainActivity}: viewVisibility=0 req=1440x3200 d0
01-02 12:27:35.130 D/RestrictionPolicy( 1226): isScreenCaptureEnabled : ret=true userId=0
01-02 12:27:35.130 I/SurfaceFlinger( 1097): id=187169 createSurf, flag=40004, net.qsgl365/net.qsgl365.MainActivity$_32315#187169
01-02 12:27:35.133 D/WindowManager( 1226): makeSurface duration=3 name=net.qsgl365/net.qsgl365.MainActivity$_32315
01-02 12:27:35.135 I/ViewRootImpl@a4bfc7a[Main]( 3312): MSG_WINDOW_FOCUS_CHANGED 0 0
01-02 12:27:35.136 V/WindowManager( 1226): Changing focus from null to Window{32567fd u0 net.qsgl365/net.qsgl365.MainActivity} displayId=0 Callers=com.android.server.wm.RootWindowContainer.updateFocusedWindowLocked:595 com.android.server.wm.WindowManagerService.updateFocusedWindowLocked:6810 com.android.server.wm.WindowManagerService.relayoutWindow:2820 com.android.server.wm.Session.relayout:274 
01-02 12:27:35.136 D/MARsPolicyManager( 1226): onPackageResumedFG pkgName = net.qsgl365, userId = 0
01-02 12:27:35.137 I/WindowManager( 1226): Cancelling animation restarting=true, leash=Surface(name=Surface(name=ea2aaa5 StatusBar)/@0xd943e42 - animation-leash of insets_animation)/@0xf38518e
01-02 12:27:35.137 I/WindowManager( 1226): Reparenting to original parent: Surface(name=WindowToken{c87709c type=2000 android.os.BinderProxy@15ad96e})/@0xc22ce53, destroy=false, surface=Surface(name=ea2aaa5 StatusBar)/@0xd943e42
01-02 12:27:35.137 I/WindowManager( 1226): Reparenting to leash, surface=Surface(name=ea2aaa5 StatusBar)/@0xd943e42, leashParent=Surface(name=WindowToken{c87709c type=2000 android.os.BinderProxy@15ad96e})/@0xc22ce53
01-02 12:27:35.137 I/SurfaceFlinger( 1097): id=187170 createSurf, flag=24000, Surface(name=ea2aaa5 StatusBar)/@0xd943e42 - animation-leash of insets_animation#187170
01-02 12:27:35.140 D/WindowManager( 1226): makeSurface duration=3 leash=Surface(name=Surface(name=ea2aaa5 StatusBar)/@0xd943e42 - animation-leash of insets_animation)/@0x3acc8ef
01-02 12:27:35.140 I/WindowManager( 1226): Cancelling animation restarting=true, leash=Surface(name=Surface(name=621519f NavigationBar0)/@0x4c6a489 - animation-leash of insets_animation)/@0xae0f5bc
01-02 12:27:35.140 I/WindowManager( 1226): Reparenting to original parent: Surface(name=WindowToken{b70cf3e type=2019 android.os.BinderProxy@d985ac0})/@0x9abfc8e, destroy=false, surface=Surface(name=621519f NavigationBar0)/@0x4c6a489
01-02 12:27:35.140 I/WindowManager( 1226): Reparenting to leash, surface=Surface(name=621519f NavigationBar0)/@0x4c6a489, leashParent=Surface(name=WindowToken{b70cf3e type=2019 android.os.BinderProxy@d985ac0})/@0x9abfc8e
01-02 12:27:35.140 I/SurfaceFlinger( 1097): id=187171 createSurf, flag=24000, Surface(name=621519f NavigationBar0)/@0x4c6a489 - animation-leash of insets_animation#187171
01-02 12:27:35.142 D/WindowManager( 1226): makeSurface duration=2 leash=Surface(name=Surface(name=621519f NavigationBar0)/@0x4c6a489 - animation-leash of insets_animation)/@0x70bcda
01-02 12:27:35.143 D/WindowManager( 1226): updateSystemBarAttributes: displayId=0, win=Window{32567fd u0 net.qsgl365/net.qsgl365.MainActivity}, navColorWin=Window{dc44a1e u0 com.android.chrome/com.google.android.apps.chrome.Main}, focusedCanBeNavColorWin=false, behavior=1, appearance=16, statusBarAppearanceRegions=[AppearanceRegion{ bounds=[0,0][1440,3200]}], requestedVisibilities=, from=com.android.server.wm.DisplayPolicy.focusChangedLw:3247 com.android.server.wm.DisplayContent.updateFocusedWindowLocked:4632 com.android.server.wm.RootWindowContainer.updateFocusedWindowLocked:595 
01-02 12:27:35.143 D/StatusBarManagerService( 1226): notifyRequestedSystemKey recent=false home=false
01-02 12:27:35.143 V/WindowManager( 1226): Relayout hash=32567fd, pid=32315, syncId=-1: mAttrs={(0,0)(fillxfill) sim={adjust=resize forwardNavigation} ty=BASE_APPLICATION wanim=0x1030309
01-02 12:27:35.143 V/WindowManager( 1226):   fl=81810100
01-02 12:27:35.143 V/WindowManager( 1226):   pfl=12020040
01-02 12:27:35.143 V/WindowManager( 1226):   bhv=DEFAULT
01-02 12:27:35.143 V/WindowManager( 1226):   fitSides= naviIconColor=0}
01-02 12:27:35.144 I/ViewRootImpl@ac4e9c9[MainActivity](32315): updateBlastSurfaceIfNeeded mBlastBufferQueue=null isSameSurfaceControl=false
01-02 12:27:35.144 I/BLASTBufferQueue(32315): new BLASTBufferQueue, mName= ViewRootImpl@ac4e9c9[MainActivity] mNativeObject= 0xb400007277bf82f0 sc.mNativeObject= 0xb400007207c0a060 caller= android.view.ViewRootImpl.updateBlastSurfaceIfNeeded:2909 android.view.ViewRootImpl.relayoutWindow:9847 android.view.ViewRootImpl.performTraversals:3884 android.view.ViewRootImpl.doTraversal:3116 android.view.ViewRootImpl$TraversalRunnable.run:10885 android.view.Choreographer$CallbackRecord.run:1301 android.view.Choreographer$CallbackRecord.run:1309 android.view.Choreographer.doCallbacks:923 android.view.Choreographer.doFrame:852 android.view.Choreographer$FrameDisplayEventReceiver.run:1283 
01-02 12:27:35.144 I/BLASTBufferQueue(32315): update, w= 1440 h= 3200 mName = ViewRootImpl@ac4e9c9[MainActivity] mNativeObject= 0xb400007277bf82f0 sc.mNativeObject= 0xb400007207c0a060 format= -1 caller= android.graphics.BLASTBufferQueue.<init>:84 android.view.ViewRootImpl.updateBlastSurfaceIfNeeded:2909 android.view.ViewRootImpl.relayoutWindow:9847 android.view.ViewRootImpl.performTraversals:3884 android.view.ViewRootImpl.doTraversal:3116 android.view.ViewRootImpl$TraversalRunnable.run:10885 
01-02 12:27:35.145 I/ViewRootImpl@ac4e9c9[MainActivity](32315): Relayout returned: old=(0,0,1440,3200) new=(0,0,1440,3200) req=(1440,3200)0 dur=16 res=0x3 s={true 0xb400007307bd0430} ch=true seqId=0
01-02 12:27:35.145 I/ViewRootImpl@ac4e9c9[MainActivity](32315): mThreadedRenderer.initialize() mSurface={isValid=true 0xb400007307bd0430} hwInitialized=true
01-02 12:27:35.145 D/OpenGLRenderer(32315): eglCreateWindowSurface
01-02 12:27:35.146 I/ViewRootImpl@ac4e9c9[MainActivity](32315): reportNextDraw android.view.ViewRootImpl.performTraversals:4438 android.view.ViewRootImpl.doTraversal:3116 android.view.ViewRootImpl$TraversalRunnable.run:10885 android.view.Choreographer$CallbackRecord.run:1301 android.view.Choreographer$CallbackRecord.run:1309 
01-02 12:27:35.146 I/ViewRootImpl@ac4e9c9[MainActivity](32315): Setup new sync id=4
01-02 12:27:35.146 I/ViewRootImpl@ac4e9c9[MainActivity](32315): Setting syncFrameCallback
01-02 12:27:35.146 I/ViewRootImpl@ac4e9c9[MainActivity](32315): registerCallbacksForSync syncBuffer=false
01-02 12:27:35.147 I/ViewRootImpl@ac4e9c9[MainActivity](32315): Received frameDrawingCallback syncResult=0 frameNum=1.
01-02 12:27:35.147 I/ViewRootImpl@ac4e9c9[MainActivity](32315): Setting up sync and frameCommitCallback
01-02 12:27:35.147 D/EnterpriseDeviceManagerService( 1226): isMdmAdminPresentInternal() : MDM Admin Found - com.samsung.knox.securefolder
01-02 12:27:35.147 D/SGM:FgCheckThread( 1226): noteResumeComponent(), received pkgName: net.qsgl365, userId: 0
01-02 12:27:35.147 D/SGM:FgCheckThread( 1226): onLooperPrepared(), msg: MSG_APP_RESUME, pkgName: net.qsgl365, userid: 0
01-02 12:27:35.147 I/CocktailBarManagerServiceContainer( 1226): handleMessage: entry what = 5
01-02 12:27:35.147 D/SGM:FgCheckThread( 1226): handleResume().
01-02 12:27:35.147 I/CocktailBarManagerServiceImpl( 1226): noteResumeComponent : no active host
01-02 12:27:35.147 D/SGM:FgCheckThread( 1226): sendFocusOutConditionally() - mPrevNotiPkg: com.sec.android.app.samsungapps, userId: 0
01-02 12:27:35.147 D/SGM:FgCheckThread( 1226):   handleResume(). pkgName: net.qsgl365, userId: 0, isTunableApp: null
01-02 12:27:35.147 D/SGM:FgCheckThread( 1226): notifyFocusInOut(). of pkg: net.qsgl365, type: 4, isTunableApp: false, userId: 0
01-02 12:27:35.147 D/SGM:FgCheckThread( 1226):   notifyFocusInOut(). do nothing. mKillNotiCount: 1
01-02 12:27:35.147 D/SGM:SystemHelper( 1226): callReleaseBlock needReleaseBlock:false
01-02 12:27:35.148 I/MediaSessionMonitor( 1226): Media session stopped : controllerList empty
01-02 12:27:35.149 D/SGM:GameManager( 1226): identifyGamePackage. net.qsgl365, mCurrentUserId: 0, callerUserId: 0, callingMethodInfo: com.samsung.android.game.SemGameManager.isGamePackage(SemGameManager.java:104)
01-02 12:27:35.149 I/PaymentSafetyPolicy( 1226): Payment thread msg 20
01-02 12:27:35.149 D/SGM:PkgDataHelper( 1226): getGamePkgData(). net.qsgl365
01-02 12:27:35.149 D/SGM:SemGameManager( 1226): isGamePackage(), pkgName=net.qsgl365, ret=false
01-02 12:27:35.149 I/BLASTBufferQueue(32315): [ViewRootImpl@ac4e9c9[MainActivity]#4](f:0,a:0) onFrameAvailable the first frame is available
01-02 12:27:35.149 I/ViewRootImpl@ac4e9c9[MainActivity](32315): Received frameCommittedCallback lastAttemptedDrawFrameNum=1 didProduceBuffer=true
01-02 12:27:35.149 I/GameSDK@LifeCycle( 1226): noteResumeComponent(): package name  : net.qsgl365
01-02 12:27:35.150 I/ViewRootImpl@ac4e9c9[MainActivity](32315): onSyncComplete
01-02 12:27:35.150 D/SGM:GameManager( 1226): identifyGamePackage. net.qsgl365, mCurrentUserId: 0, callerUserId: 0, callingMethodInfo: com.android.server.ssrm.SortingMachine.isGame(SortingMachine.java:162)
01-02 12:27:35.150 D/SGM:PkgDataHelper( 1226): getGamePkgData(). net.qsgl365
01-02 12:27:35.150 I/ViewRootImpl@ac4e9c9[MainActivity](32315): setupSync seqId=0 mSyncId=4 fn=1 caller=android.view.ViewRootImpl$$ExternalSyntheticLambda11.accept:6 android.window.SurfaceSyncer.lambda$setupSync$1$android-window-SurfaceSyncer:128 android.window.SurfaceSyncer$$ExternalSyntheticLambda1.accept:8 android.window.SurfaceSyncer$SyncSet.checkIfSyncIsComplete:382 android.window.SurfaceSyncer$SyncSet.markSyncReady:359 android.window.SurfaceSyncer.markSyncReady:151 android.view.ViewRootImpl.performTraversals:4503 
01-02 12:27:35.151 I/ActivityManager( 1226): updateOomAdj start time is before than pendingPid added, don't delete it
01-02 12:27:35.152 I/ViewRootImpl@ac4e9c9[MainActivity](32315): reportDrawFinished seqId=0 mSyncId=-1 fn=1 mSurfaceChangedTransaction=0xb400007237be0110
01-02 12:27:35.154 D/WindowManager( 1226): finishDrawingWindow: Window{32567fd u0 net.qsgl365/net.qsgl365.MainActivity} mDrawState=DRAW_PENDING seqId=0
01-02 12:27:35.154 D/WebViewConsole(32315): [system] App Show -- From line 15 of https://www.qsgl.net/html/365/pwa/static/js/chunk-vendors.ce332176.js
01-02 12:27:35.154 I/ActivityManager( 1226): updateOomAdj start time is before than pendingPid added, don't delete it
01-02 12:27:35.155 D/WindowManager( 1226): Loading animation for app transition. transit=TRANSIT_OLD_TASK_TO_BACK enter=false frame=Rect(0, 0 - 1440, 3036) insets=Rect(0, 0 - 0, 0) surfaceInsets=Rect(0, 0 - 0, 0)
01-02 12:27:35.155 I/WindowManager( 1226): Reparenting to leash, surface=Surface(name=Task=43355)/@0x11e599a, leashParent=Surface(name=DefaultTaskDisplayArea)/@0x58976dd
01-02 12:27:35.156 I/SurfaceFlinger( 1097): id=187172 createSurf, flag=24000, Surface(name=Task=43355)/@0x11e599a - animation-leash of app_transition#187172
01-02 12:27:35.158 I/SurfaceFlinger( 1097): [32567fd net.qsgl365/net.qsgl365.MainActivity#187034] FrameRatePriority: 1
01-02 12:27:35.158 I/Layer   ( 1097): id=187146 removedFromDrawingState Surface(name=ea2aaa5 StatusBar)/@0xd943e42 - animation-leash of insets_animation#187146 (231)
01-02 12:27:35.158 D/WindowManager( 1226): makeSurface duration=3 leash=Surface(name=Surface(name=Task=43355)/@0x11e599a - animation-leash of app_transition)/@0xf47cbdf
01-02 12:27:35.159 I/Layer   ( 1097): id=187147 removedFromDrawingState Surface(name=621519f NavigationBar0)/@0x4c6a489 - animation-leash of insets_animation#187147 (231)
01-02 12:27:35.159 D/WindowManager( 1226): Loading animation for app transition. transit=TRANSIT_OLD_TASK_TO_BACK enter=true frame=Rect(0, 0 - 1440, 3200) insets=Rect(0, 104 - 0, 60) surfaceInsets=Rect(0, 0 - 0, 0)
01-02 12:27:35.159 I/WindowManager( 1226): Reparenting to leash, surface=Surface(name=Task=43687)/@0xaf47758, leashParent=Surface(name=DefaultTaskDisplayArea)/@0x58976dd
01-02 12:27:35.160 I/SurfaceFlinger( 1097): id=187146 Removed Surface(name=ea2aaa5 StatusBar)/@0xd943e42 - animation-leash of insets_animation#187146 (231)
01-02 12:27:35.160 I/SurfaceFlinger( 1097): id=187147 Removed Surface(name=621519f NavigationBar0)/@0x4c6a489 - animation-leash of insets_animation#187147 (231)
01-02 12:27:35.160 I/SurfaceFlinger( 1097): id=187173 createSurf, flag=24004, Surface(name=Task=43687)/@0xaf47758 - animation-leash of app_transition#187173
01-02 12:27:35.161 I/Layer   ( 1097): id=187146 Destroyed Surface(name=ea2aaa5 StatusBar)/@0xd943e42 - animation-leash of insets_animation#187146
01-02 12:27:35.161 I/Layer   ( 1097): id=187147 Destroyed Surface(name=621519f NavigationBar0)/@0x4c6a489 - animation-leash of insets_animation#187147
01-02 12:27:35.162 D/WindowManager( 1226): makeSurface duration=3 leash=Surface(name=Surface(name=Task=43687)/@0xaf47758 - animation-leash of app_transition)/@0xa10daf5
01-02 12:27:35.163 D/ActivityTaskManager( 1226): mStartingWindow and mStartingData is null for token=ActivityRecord{fea005a u0 net.qsgl365/.MainActivity} t43687}
01-02 12:27:35.163 V/WindowManager( 1226): performShowLocked: mDrawState=HAS_DRAWN in Window{32567fd u0 net.qsgl365/net.qsgl365.MainActivity}
01-02 12:27:35.164 D/SemNscXgbMsL1( 1226): Probability - Cloud gaming: [0.009743315]
01-02 12:27:35.164 D/SemNscXgbMsL1( 1226): Probability - Real time: [0.49691954]
01-02 12:27:35.164 D/SemNscXgbMsL1( 1226): Probability - Non real time: [0.5250946]
01-02 12:27:35.164 D/SemNscXgbMsL1( 1226): 1 sample inference time: 0.147968 msecs
01-02 12:27:35.164 D/RestrictionPolicy( 1226): isScreenCaptureEnabled : ret=true userId=0
01-02 12:27:35.164 D/SemNscXgbL2Rt( 1226): L2 RT 1 sample inference time: 0.235729 msecs
01-02 12:27:35.164 D/SemNscXgbL2Nrt( 1226): L2 NRT 1 sample inference time: 0.216875 msecs
01-02 12:27:35.165 D/InputDispatcher( 1226): Focus request (0): 32567fd net.qsgl365/net.qsgl365.MainActivity but waiting because NOT_VISIBLE
01-02 12:27:35.172 I/Layer   ( 1097): id=187174 Destroyed Screenshot Parent#187174
01-02 12:27:35.183 D/WindowManager( 1226): updateSystemBarAttributes: displayId=0, win=Window{32567fd u0 net.qsgl365/net.qsgl365.MainActivity}, navColorWin=Window{32567fd u0 net.qsgl365/net.qsgl365.MainActivity}, focusedCanBeNavColorWin=false, behavior=1, appearance=0, statusBarAppearanceRegions=[AppearanceRegion{ bounds=[0,0][1440,3200]}], requestedVisibilities=, from=com.android.server.wm.DisplayPolicy.finishPostLayoutPolicyLw:2527 com.android.server.wm.DisplayContent.applySurfaceChangesTransaction:5713 com.android.server.wm.RootWindowContainer.applySurfaceChangesTransaction:1234 
01-02 12:27:35.183 D/NavigationBar( 2437): onSystemBarAttributesChanged() -  displayId:0, appearance:0, packageName: net.qsgl365, navbarColorManagedByIme:false
01-02 12:27:35.185 D/ActivityTaskManager( 1226): mStartingWindow and mStartingData is null for token=ActivityRecord{fea005a u0 net.qsgl365/.MainActivity} t43687}
01-02 12:27:35.192 I/Layer   ( 1097): Layer [net.qsgl365/net.qsgl365.MainActivity$_32315#187169] hidden!! flag(0)
01-02 12:27:35.198 I/Layer   ( 1097): id=187175 Destroyed Screenshot Parent#187175
01-02 12:27:35.200 I/SurfaceFlinger( 1097): id=187176 createSurf, flag=40404, Top Edge Extension#187176
01-02 12:27:35.204 I/SurfaceFlinger( 1097): id=187177 createSurf, flag=400, bbq-wrapper#187177
01-02 12:27:35.208 I/BLASTBufferQueue( 1226): [bbq-adapter#2098](f:0,a:0) onFrameAvailable the first frame is available
01-02 12:27:35.215 I/Layer   ( 1097): id=187178 Destroyed Screenshot Parent#187178
01-02 12:27:35.215 W/adbd    (10336): timed out while waiting for FUNCTIONFS_BIND, trying again
01-02 12:27:35.215 I/adbd    (10336): UsbFfs: connection terminated: monitor thread finished
01-02 12:27:35.215 I/adbd    (10336): UsbFfs: already offline
01-02 12:27:35.215 I/adbd    (10336): destroying transport UsbFfs
01-02 12:27:35.215 I/adbd    (10336): UsbFfsConnection being destroyed
01-02 12:27:35.216 I/SurfaceFlinger( 1097): id=187179 createSurf, flag=40404, Bottom Edge Extension#187179
01-02 12:27:35.219 I/SurfaceFlinger( 1097): id=187180 createSurf, flag=400, bbq-wrapper#187180
01-02 12:27:35.221 I/BLASTBufferQueue( 1226): [bbq-adapter#2099](f:0,a:0) onFrameAvailable the first frame is available
01-02 12:27:35.222 I/RecentModel( 3001): onTaskStackChangedBackground
01-02 12:27:35.223 I/SemDvfsHyPerManager( 5296): acquire hyper - BaseTABoost/5296@16, type = 1090523139
01-02 12:27:35.224 I/HYPER-HAL(  988): [RequestManager.cpp]acquire(): Acquired ID : 14111344  [5296 / 16]    HINT :      list : [TABoost / 1] 
01-02 12:27:35.225 D/MdnieScenarioControlService( 1226):  packageName : net.qsgl365    className : net.qsgl365.MainActivity
01-02 12:27:35.225 V/MdnieScenarioControlService( 1226): setUIMode from UI function(3)
01-02 12:27:35.245 D/InputDispatcher( 1226): Focus entered window (0): 32567fd net.qsgl365/net.qsgl365.MainActivity
01-02 12:27:35.245 I/ViewRootImpl@ac4e9c9[MainActivity](32315): MSG_WINDOW_FOCUS_CHANGED 1 0
01-02 12:27:35.246 I/ViewRootImpl@ac4e9c9[MainActivity](32315): mThreadedRenderer.initializeIfNeeded()#2 mSurface={isValid=true 0xb400007307bd0430}
01-02 12:27:35.247 D/InputMethodManager(32315): startInputInner - Id : 0
01-02 12:27:35.247 I/InputMethodManager(32315): startInputInner - mService.startInputOrWindowGainedFocus
01-02 12:27:35.247 V/InputMethodManagerService( 1226): Unspecified window will hide input
01-02 12:27:35.247 V/InputMethodManagerService( 1226): hideCurrentInputLocked : canceled, shouldHideSoftInput=false, mInputShown=false, mImeWindowVis=0
