01-02 12:27:35.247 I/InputMethodBindingController( 1226): setCurrentMethodNotVisible: mVisibleBound=false, mHasConnection=true, caller = com.android.server.inputmethod.InputMethodManagerService.hideCurrentInputLocked:4356 com.android.server.inputmethod.InputMethodManagerService.startInputOrWindowGainedFocusInternalLocked:4662 com.android.server.inputmethod.InputMethodManagerService.startInputOrWindowGainedFocusInternal:4440 com.android.server.inputmethod.InputMethodManagerService.startInputOrWindowGainedFocus:4379 com.android.internal.view.IInputMethodManager$Stub.onTransact:518 com.android.server.inputmethod.InputMethodManagerService.onTransact:2302 android.os.Binder.execTransactInternal:1316 android.os.Binder.execTransact:1280 <bottom of call stack> <bottom of call stack> 
01-02 12:27:35.247 D/InputMethodManagerService( 1226): DESKTOP MODE! : 2
01-02 12:27:35.247 D/InputMethodManagerService( 1226): NOT IN KNOX DESKTOP MODE!
01-02 12:27:35.247 V/InputMethodManagerService( 1226): getDisplayIdOfInputMethodWindowToBeAdded: displayId=0
01-02 12:27:35.248 D/InputMethodManagerService( 1226): isImeSwitcherDisabledPackage : false
01-02 12:27:35.248 D/InputMethodManagerService( 1226): shouldShowImeSwitcherLocked : checking vis : 3
01-02 12:27:35.248 D/InputMethodManagerService( 1226): checkDisplayOfStartInputAndUpdateKeyboard: displayId=0, mFocusedDisplayId=0
01-02 12:27:35.248 D/InputTransport( 1226): Input channel constructed: 'ClientS', fd=1328
01-02 12:27:35.248 D/InputTransport( 1226): Input channel destroyed: 'ClientS', fd=1328
01-02 12:27:35.249 D/RestrictionPolicy( 1226): isScreenCaptureEnabled : ret=true userId=0
01-02 12:27:35.250 I/WindowManager( 1226): Cancelling animation restarting=true, leash=Surface(name=Surface(name=339c562 InputMethod)/@0xe1a9eba - animation-leash of insets_animation)/@0x73ee229
01-02 12:27:35.250 I/WindowManager( 1226): Reparenting to original parent: Surface(name=WindowToken{2d60e4f type=2011 android.os.Binder@324d0ae})/@0xb8e716b, destroy=false, surface=Surface(name=339c562 InputMethod)/@0xe1a9eba
01-02 12:27:35.250 D/InputMethodService( 8857): checkFocusedDisplay() display Id 0last 0
01-02 12:27:35.250 I/WindowManager( 1226): Reparenting to leash, surface=Surface(name=339c562 InputMethod)/@0xe1a9eba, leashParent=Surface(name=WindowToken{2d60e4f type=2011 android.os.Binder@324d0ae})/@0xb8e716b
01-02 12:27:35.250 I/SurfaceFlinger( 1097): id=187181 createSurf, flag=24004, Surface(name=339c562 InputMethod)/@0xe1a9eba - animation-leash of insets_animation#187181
01-02 12:27:35.251 I/adbd    (10336): opening control endpoint /dev/usb-ffs/adb/ep0
01-02 12:27:35.253 D/WindowManager( 1226): makeSurface duration=4 leash=Surface(name=Surface(name=339c562 InputMethod)/@0xe1a9eba - animation-leash of insets_animation)/@0x3b818c4
01-02 12:27:35.254 I/adbd    (10336): UsbFfsConnection constructed
01-02 12:27:35.249 D/InputTransport( 3312): Input channel destroyed: 'ClientS', fd=291
01-02 12:27:35.254 D/SurfaceFlinger( 1097): Display 4630947232161729153 HWC layers:
01-02 12:27:35.254 D/SurfaceFlinger( 1097):      DEVICE | 0xb400006fedb69c20 | 0102 | RGBA_8888    |    0.0   99.0 1440.0 3200.0 |    0    0 1440 3101 | net.qsgl365/net.qsgl365.MainActivity$_32315#187169
01-02 12:27:35.254 D/SurfaceFlinger( 1097):      CLIENT | 0xb400006fedb9e1b0 | 0102 | RGBA_8888    |    0.0    0.0    0.0    0.0 |    0    0 1440    2 | bbq-wrapper#187177
01-02 12:27:35.254 D/SurfaceFlinger( 1097):      CLIENT | 0xb400006fedb98d50 | 0102 | RGBA_8888    |    0.0    0.0 1440.0 3094.0 |    0  106 1440 3200 | com.android.chrome/ChromeChildSurface#187153
01-02 12:27:35.254 D/SurfaceFlinger( 1097):      CLIENT | 0xb400006fedb86570 | 0100 | RGBA_8888    |    0.0    0.0 1440.0 3198.0 |    0    2 1440 3200 | com.android.chrome/com.google.android.apps.chrome.Main$_3312#187145
01-02 12:27:35.254 D/SurfaceFlinger( 1097):      CLIENT | 0xb400006fedb705e0 | 0100 | RGBA_8888    |    0.0    0.0 1440.0  104.0 |    0    0 1440  104 | StatusBar$_2437#89
01-02 12:27:35.254 D/SurfaceFlinger( 1097):      CLIENT | 0xb400006fedb4f640 | 0100 | RGBA_8888    |    0.0    0.0 1440.0  192.0 |    0 3008 1440 3200 | NavigationBar0$_2437#84
01-02 12:27:35.254 D/SurfaceFlinger( 1097):      CLIENT | 0xb400006fedb77d20 | 0100 | RGBA_8888    |    0.0    0.0  420.0 1072.0 |    0 1269  420 2
01-02 12:27:35.254 D/SurfaceFlinger( 1097): 341 | EdgeBackGestureHandler0$_2437#187168
01-02 12:27:35.254 D/SurfaceFlinger( 1097): 
01-02 12:27:35.255 I/InputMethodManagerService( 1226): isAccessoryKeyboard 0
01-02 12:27:35.256 I/adbd    (10336): UsbFfs-monitor thread spawned
01-02 12:27:35.256 D/InputMethodManagerService( 1226): isImeSwitcherDisabledPackage : false
01-02 12:27:35.257 I/InputMethodService( 8857): removeImeSurface
01-02 12:27:35.258 I/MSHandlerLifeCycle( 8857): check: return. pkg=com.sohu.inputmethod.sogou isActivity=false callers=com.android.internal.policy.DecorView.setVisibility:4412 android.app.Dialog.hide:767 android.inputmethodservice.InputMethodService.removeImeSurface:1290 android.inputmethodservice.InputMethodService.scheduleImeSurfaceRemoval:1279 android.inputmethodservice.InputMethodService.-$$Nest$mscheduleImeSurfaceRemoval:0 
01-02 12:27:35.258 I/MSHandlerLifeCycle( 8857): removeMultiSplitHandler: no exist. decor=DecorView@a6edfde[InputMethod]
01-02 12:27:35.258 I/Layer   ( 1097): id=187165 removedFromDrawingState Surface(name=339c562 InputMethod)/@0xe1a9eba - animation-leash of insets_animation#187165 (235)
01-02 12:27:35.258 I/SurfaceFlinger( 1097): id=187165 Removed Surface(name=339c562 InputMethod)/@0xe1a9eba - animation-leash of insets_animation#187165 (235)
01-02 12:27:35.259 I/Layer   ( 1097): id=187165 Destroyed Surface(name=339c562 InputMethod)/@0xe1a9eba - animation-leash of insets_animation#187165
01-02 12:27:35.282 D/WebViewConsole(32315): [system] [object Object] -- From line 15 of https://www.qsgl.net/html/365/pwa/static/js/chunk-vendors.ce332176.js
01-02 12:27:35.287 I/HYPER-HAL(  988): [ResourceManager.cpp]removeResource(): [CPUMaxFreq] RemoveResource Request ID : 14100719
01-02 12:27:35.287 I/HYPER-HAL(  988): [RequestManager.cpp]releaseLocked(): Released ID : 14100719
01-02 12:27:35.327 V/MdnieScenarioControlService( 1226): mAclOffEnabled : false mAclPreviewState : false mAclCompensationState : false
01-02 12:27:35.334 I/sensors-hal(  985): handle_sns_client_event:541, [0][124226] accel_sample [-0.024, -0.011,  9.650] 971207908629955
01-02 12:27:35.336 I/SemMdnieManagerService( 1226): setContentMode : 0
01-02 12:27:35.336 V/MdnieScenarioControlService( 1226): Calling MdnieManager API(setContentMode(0))
01-02 12:27:35.336 D/audio_hw_primary(  972): adev_set_parameters: enter: audioHDR=0
01-02 12:27:35.336 D/audio_hw_hfp(  972): hfp_set_parameters: enter
01-02 12:27:35.336 V/audio_hw_sec(  972): sec_set_parameters: enter
01-02 12:27:35.336 D/audio_hw_extn(  972): audio_extn_fm_set_parameters: Enter
01-02 12:27:35.336 D/audio_hw_primary(  972): adev_set_parameters: exit with code(0)
01-02 12:27:35.337 I/Audio_a2dpsink_hw(  972): adev_set_parameters: kevpairs=[audioHDR=0]
01-02 12:27:35.337 V/MdnieScenarioControlService( 1226): setUIMode from UI function
01-02 12:27:35.358 D/OpenGLRenderer( 2437): setSurface called with nullptr
01-02 12:27:35.358 D/OpenGLRenderer( 2437): setSurface() destroyed EGLSurface
01-02 12:27:35.358 D/OpenGLRenderer( 2437): destroyEglSurface
01-02 12:27:35.359 I/ViewRootImpl@8aa5b9b[EdgeBackGestureHandler0]( 2437): performTraversals mFirst=false windowShouldResize=false viewVisibilityChanged=true mForceNextWindowRelayout=false params=null
01-02 12:27:35.359 V/WindowManager( 1226): Relayout Window{e78b49 u0 EdgeBackGestureHandler0}: viewVisibility=8 req=420x1072 d0
01-02 12:27:35.359 E/WindowManager( 1226): win=Window{e78b49 u0 EdgeBackGestureHandler0} destroySurfaces: appStopped=true cleanupOnResume=false win.mWindowRemovalAllowed=false win.mRemoveOnExit=false win.mViewVisibility=8 caller=com.android.server.wm.WindowManagerService.tryStartExitingAnimation:3016 com.android.server.wm.WindowManagerService.relayoutWindow:2727 com.android.server.wm.Session.relayout:274 android.view.IWindowSession$Stub.onTransact:779 com.android.server.wm.Session.onTransact:188 android.os.Binder.execTransactInternal:1321 android.os.Binder.execTransact:1280 
01-02 12:27:35.359 I/WindowManager( 1226): Destroying surface Surface(name=EdgeBackGestureHandler0$_2437)/@0x2119a73 called by com.android.server.wm.WindowStateAnimator.destroySurface:942 com.android.server.wm.WindowStateAnimator.destroySurfaceLocked:536 com.android.server.wm.WindowState.destroySurfaceUnchecked:4309 com.android.server.wm.WindowState.destroySurface:4283 com.android.server.wm.WindowManagerService.tryStartExitingAnimation:3016 com.android.server.wm.WindowManagerService.relayoutWindow:2727 com.android.server.wm.Session.relayout:274 android.view.IWindowSession$Stub.onTransact:779 
01-02 12:27:35.362 V/WindowManager( 1226): Relayout hash=e78b49, pid=2437, syncId=-1: mAttrs={(0,1269)(420x1072) gr=TOP LEFT CENTER sim={adjust=pan} ty=NAVIGATION_BAR_PANEL fmt=TRANSLUCENT
01-02 12:27:35.362 V/WindowManager( 1226):   fl=1000118
01-02 12:27:35.362 V/WindowManager( 1226):   pfl=32200010
01-02 12:27:35.362 V/WindowManager( 1226):   bhv=DEFAULT naviIconColor=0}
01-02 12:27:35.364 I/ViewRootImpl@8aa5b9b[EdgeBackGestureHandler0]( 2437): Relayout returned: old=(0,1269,420,2341) new=(0,1269,420,2341) req=(420,1072)8 dur=4 res=0x2 s={false 0x0} ch=true seqId=0
01-02 12:27:35.370 D/SurfaceFlinger( 1097): Display 4630947232161729153 HWC layers:
01-02 12:27:35.370 D/SurfaceFlinger( 1097):      CLIENT | 0xb400006fedba1b10 | 0102 | RGBA_8888    |    0.0    0.0    0.0    0.0 |    0 3177 1440 3200 | bbq-wrapper#187180
01-02 12:27:35.370 D/SurfaceFlinger( 1097):      CLIENT | 0xb400006fedb671f0 | 0102 | RGBA_8888    |    0.0   23.0 1440.0 3200.0 |    0    0 1440 3177 | net.qsgl365/net.qsgl365.MainActivity$_32315#187169
01-02 12:27:35.370 D/SurfaceFlinger( 1097):      CLIENT | 0xb400006fedb705e0 | 0100 | RGBA_8888    |    0.0    0.0 1440.0  104.0 |    0    0 1440  104 | StatusBar$_2437#89
01-02 12:27:35.370 D/SurfaceFlinger( 1097):      CLIENT | 0xb400006fedb4f640 | 0100 | RGBA_8888    |    0.0    0.0 1440.0  192.0 |    0 3008 1440 3200 | NavigationBar0$_2437#84
01-02 12:27:35.370 D/SurfaceFlinger( 1097):      CLIENT | 0xb400006fedb6fe90 | 0100 | RGBA_8888    |    0.0    0.0  420.0 1072.0 |    0 1269  420 2341 | EdgeBackGestureHandler0$_2437#187168
01-02 12:27:35.370 D/SurfaceFlinger( 1097): 
01-02 12:27:35.374 I/Layer   ( 1097): id=187168 removedFromDrawingState EdgeBackGestureHandler0$_2437#187168 (234)
01-02 12:27:35.374 I/SurfaceFlinger( 1097): id=187168 Removed EdgeBackGestureHandler0$_2437#187168 (234)
01-02 12:27:35.379 I/Layer   ( 1097): id=187168 Destroyed EdgeBackGestureHandler0$_2437#187168
01-02 12:27:35.387 D/SurfaceFlinger( 1097): Display 4630947232161729153 HWC layers:
01-02 12:27:35.387 D/SurfaceFlinger( 1097):      CLIENT | 0xb400006fedba1b10 | 0102 | RGBA_8888    |    0.0    0.0    0.0    0.0 |    0 3183 1440 3200 | bbq-wrapper#187180
01-02 12:27:35.387 D/SurfaceFlinger( 1097):      CLIENT | 0xb400006fedb671f0 | 0102 | RGBA_8888    |    0.0   17.0 1440.0 3200.0 |    0    0 1440 3183 | net.qsgl365/net.qsgl365.MainActivity$_32315#187169
01-02 12:27:35.387 D/SurfaceFlinger( 1097):      CLIENT | 0xb400006fedb705e0 | 0100 | RGBA_8888    |    0.0    0.0 1440.0  104.0 |    0    0 1440  104 | StatusBar$_2437#89
01-02 12:27:35.387 D/SurfaceFlinger( 1097):      CLIENT | 0xb400006fedb4f640 | 0100 | RGBA_8888    |    0.0    0.0 1440.0  192.0 |    0 3008 1440 3200 | NavigationBar0$_2437#84
01-02 12:27:35.387 D/SurfaceFlinger( 1097): 
01-02 12:27:35.410 I/FaceWidgetPositionAlgorithm( 2437): getClockContainerHeight() supplier = 447, bottom margin = 0, real height = 543
01-02 12:27:35.411 I/FaceWidgetPositionAlgorithm( 2437): getClockContainerHeight() supplier = 447, bottom margin = 96, real height = 543
01-02 12:27:35.411 I/FaceWidgetPositionAlgorithm( 2437): getMediaContainerHeight() height = 696 container Visibility = 8, isValid = false, mIsDozing = false, fraction = 1.0, source = 0, target = 0
01-02 12:27:35.411 I/FaceWidgetPositionAlgorithm( 2437): getMediaContainerHeight() supplier = 0
01-02 12:27:35.411 V/QsExpandAnimator( 2437): setQsExpansionPosition 0.0
01-02 12:27:35.436 W/System  ( 1226): A resource failed to call HardwareBuffer.close. 
01-02 12:27:35.436 W/System  ( 1226): A resource failed to call HardwareBuffer.close. 
01-02 12:27:35.445 W/System  ( 1226): A resource failed to call HardwareBuffer.close. 
01-02 12:27:35.445 W/System  ( 1226): A resource failed to call HardwareBuffer.close. 
01-02 12:27:35.454 I/sensors-hal(  985): handle_sns_std_sensor_event:268, [SSC_LIGHT] P: 264(264),m:1,c:117,b:134,ch:0,r:0,bl:18,16:256
01-02 12:27:35.514 D/SurfaceFlinger( 1097): Display 4630947232161729153 HWC layers:
01-02 12:27:35.514 D/SurfaceFlinger( 1097):      DEVICE | 0xb400006fedb671f0 | 0102 | RGBA_8888    |    0.0    0.0 1440.0 3200.0 |    0    0 1440 3200 | net.qsgl365/net.qsgl365.MainActivity$_32315#187169
01-02 12:27:35.514 D/SurfaceFlinger( 1097):      DEVICE | 0xb400006fedb8def0 | 0100 | RGBA_8888    |    0.0    0.0 1440.0  104.0 |    0    0 1440  104 | StatusBar$_2437#89
01-02 12:27:35.514 D/SurfaceFlinger( 1097):      DEVICE | 0xb400006fedb81bc0 | 0100 | RGBA_8888    |    0.0    0.0 1440.0  192.0 |    0 3008 1440 3200 | NavigationBar0$_2437#84
01-02 12:27:35.514 D/SurfaceFlinger( 1097): 
01-02 12:27:35.524 I/WindowManager( 1226): Reparenting to original parent: Surface(name=DefaultTaskDisplayArea)/@0x58976dd, destroy=true, surface=Surface(name=Task=43355)/@0x11e599a
01-02 12:27:35.525 V/WindowManager( 1226): Setting visibility of Window{dc44a1e u0 com.android.chrome/com.google.android.apps.chrome.Main}: false, caller=com.android.server.wm.WindowContainer.sendAppVisibilityToClients:1246 com.android.server.wm.WindowToken.setClientVisible:431 com.android.server.wm.ActivityRecord.setClientVisible:7691 com.android.server.wm.ActivityRecord.onAnimationFinished:8590 com.android.server.wm.WindowContainer.doAnimationFinished:3483 
01-02 12:27:35.525 I/ViewRootImpl@a4bfc7a[Main]( 3312): handleAppVisibility mAppVisible = true visible = false
01-02 12:27:35.525 I/WindowManager( 1226): Reparenting to original parent: Surface(name=DefaultTaskDisplayArea)/@0x58976dd, destroy=true, surface=Surface(name=Task=43687)/@0xaf47758
01-02 12:27:35.526 D/ActivityManagerPerformance( 1226): AMP_release() ACT_RESUME
01-02 12:27:35.530 I/HYPER-HAL(  988): [ResourceManager.cpp]removeResource(): [CPUMinFreq] RemoveResource Request ID : 771919
01-02 12:27:35.532 I/HYPER-HAL(  988): [RequestManager.cpp]releaseLocked(): Released ID : 771919
01-02 12:27:35.536 I/ActivityManager( 1226): Changes in 90002 3 to 15, 8 to 0
01-02 12:27:35.537 I/ActivityManager( 1226): Changes in 10531 2 to 15, 15 to 0
01-02 12:27:35.537 I/ActivityManager( 1226): Changes in 10260 3 to 15, 8 to 0
01-02 12:27:35.537 I/ActivityManager( 1226): Changes in 10214 3 to 8, 8 to 0
01-02 12:27:35.539 I/CameraService( 1282): onUidStateChanged: uid=10531, procState is changed. (2 -> 15)
01-02 12:27:35.540 W/AccessibilityManagerService( 1226):  wait for adding window timeout: 17042
01-02 12:27:35.541 I/Layer   ( 1097): id=187172 removedFromDrawingState Surface(name=Task=43355)/@0x11e599a - animation-leash of app_transition#187172 (233)
01-02 12:27:35.541 I/Layer   ( 1097): id=187176 removedFromDrawingState Top Edge Extension#187176 (233)
01-02 12:27:35.541 I/Layer   ( 1097): id=187177 removedFromDrawingState bbq-wrapper#187177 (233)
01-02 12:27:35.541 I/Layer   ( 1097): id=187176 removedFromDrawingState Top Edge Extension#187176 (233)
01-02 12:27:35.541 I/Layer   ( 1097): id=187177 removedFromDrawingState bbq-wrapper#187177 (233)
01-02 12:27:35.541 I/Layer   ( 1097): id=187179 removedFromDrawingState Bottom Edge Extension#187179 (233)
01-02 12:27:35.541 I/Layer   ( 1097): id=187180 removedFromDrawingState bbq-wrapper#187180 (233)
01-02 12:27:35.541 I/Layer   ( 1097): id=187173 removedFromDrawingState Surface(name=Task=43687)/@0xaf47758 - animation-leash of app_transition#187173 (233)
01-02 12:27:35.541 I/Layer   ( 1097): id=187025 removedFromDrawingState Task=43687#187025 (233)
01-02 12:27:35.541 I/Layer   ( 1097): id=187026 removedFromDrawingState ActivityRecord{fea005a u0 net.qsgl365/.MainActivity} t43687}#187026 (233)
01-02 12:27:35.541 I/Layer   ( 1097): id=187032 removedFromDrawingState f266805 ActivityRecordInputSink net.qsgl365/.MainActivity#187032 (233)
01-02 12:27:35.541 I/Layer   ( 1097): id=187034 removedFromDrawingState 32567fd net.qsgl365/net.qsgl365.MainActivity#187034 (233)
01-02 12:27:35.541 I/Layer   ( 1097): id=187169 removedFromDrawingState net.qsgl365/net.qsgl365.MainActivity$_32315#187169 (233)
01-02 12:27:35.541 I/Layer   ( 1097): id=16 removedFromDrawingState ImeContainer#16 (233)
01-02 12:27:35.541 I/Layer   ( 1097): id=183786 removedFromDrawingState WindowToken{2d60e4f type=2011 android.os.Binder@324d0ae}#183786 (233)
01-02 12:27:35.541 I/Layer   ( 1097): id=187181 removedFromDrawingState Surface(name=339c562 InputMethod)/@0xe1a9eba - animation-leash of insets_animation#187181 (233)
01-02 12:27:35.541 I/Layer   ( 1097): id=183811 removedFromDrawingState 339c562 InputMethod#183811 (233)
01-02 12:27:35.542 I/Layer   ( 1097): Layer [com.android.chrome/com.google.android.apps.chrome.Main$_3312#187145] hidden!! flag(1)
01-02 12:27:35.542 I/Layer   ( 1097): id=187025 addToCurrentState Task=43687#187025 (233)
01-02 12:27:35.542 I/Layer   ( 1097): id=187026 addToCurrentState ActivityRecord{fea005a u0 net.qsgl365/.MainActivity} t43687}#187026 (233)
01-02 12:27:35.542 I/Layer   ( 1097): id=187032 addToCurrentState f266805 ActivityRecordInputSink net.qsgl365/.MainActivity#187032 (233)
01-02 12:27:35.542 I/Layer   ( 1097): id=187034 addToCurrentState 32567fd net.qsgl365/net.qsgl365.MainActivity#187034 (233)
01-02 12:27:35.542 I/Layer   ( 1097): id=187169 addToCurrentState net.qsgl365/net.qsgl365.MainActivity$_32315#187169 (233)
01-02 12:27:35.542 I/Layer   ( 1097): id=16 addToCurrentState ImeContainer#16 (233)
01-02 12:27:35.542 I/Layer   ( 1097): id=183786 addToCurrentState WindowToken{2d60e4f type=2011 android.os.Binder@324d0ae}#183786 (233)
01-02 12:27:35.542 I/Layer   ( 1097): id=187181 addToCurrentState Surface(name=339c562 InputMethod)/@0xe1a9eba - animation-leash of insets_animation#187181 (233)
01-02 12:27:35.542 I/Layer   ( 1097): id=183811 addToCurrentState 339c562 InputMethod#183811 (233)
01-02 12:27:35.542 I/SurfaceFlinger( 1097): id=187180 Removed bbq-wrapper#187180 (233)
01-02 12:27:35.542 I/SurfaceFlinger( 1097): id=187177 Removed bbq-wrapper#187177 (233)
01-02 12:27:35.542 I/SurfaceFlinger( 1097): id=187176 Removed Top Edge Extension#187176 (233)
01-02 12:27:35.542 I/SurfaceFlinger( 1097): id=187179 Removed Bottom Edge Extension#187179 (233)
01-02 12:27:35.542 I/SurfaceFlinger( 1097): id=187173 Removed Surface(name=Task=43687)/@0xaf47758 - animation-leash of app_transition#187173 (233)
01-02 12:27:35.542 I/SurfaceFlinger( 1097): id=187172 Removed Surface(name=Task=43355)/@0x11e599a - animation-leash of app_transition#187172 (233)
01-02 12:27:35.543 I/Layer   ( 1097): id=187173 Destroyed Surface(name=Task=43687)/@0xaf47758 - animation-leash of app_transition#187173
01-02 12:27:35.543 I/Layer   ( 1097): id=187179 Destroyed Bottom Edge Extension#187179
01-02 12:27:35.544 I/Layer   ( 1097): id=187180 Destroyed bbq-wrapper#187180
01-02 12:27:35.544 I/Layer   ( 1097): id=187172 Destroyed Surface(name=Task=43355)/@0x11e599a - animation-leash of app_transition#187172
01-02 12:27:35.544 I/Layer   ( 1097): id=187176 Destroyed Top Edge Extension#187176
01-02 12:27:35.544 I/Layer   ( 1097): id=187177 Destroyed bbq-wrapper#187177
01-02 12:27:35.566 I/SurfaceView@7953b6( 3312): onWindowVisibilityChanged(8) false android.view.SurfaceView{7953b6 V.ED..... ........ 0,0-1440,3096} of ViewRootImpl@a4bfc7a[Main]
01-02 12:27:35.566 I/SurfaceView@7953b6( 3312): Changes: creating=false format=false size=false visible=true alpha=false hint=false mUseAlpha=false visible=true left=false top=false
01-02 12:27:35.566 I/SurfaceView@7953b6( 3312): 7951286 Cur surface: Surface(name=null)/@0x4b4bae2
01-02 12:27:35.567 I/SurfaceView@7953b6( 3312): applyTransactionOnVriDraw: vri = ViewRootImpl@a4bfc7a[Main] fRS = false t = 0xb400007237bdc450 android.view.SurfaceView.performSurfaceTransaction:959 android.view.SurfaceView.updateSurface:1105 android.view.SurfaceView.onWindowVisibilityChanged:371 
01-02 12:27:35.567 I/ViewRootImpl@a4bfc7a[Main]( 3312): applyTransactionOnDraw: mRemoved = false isHardwareEnabled = true t = 0xb400007237bdc450android.view.SurfaceView.applyTransactionOnVriDraw:2048 android.view.SurfaceView.performSurfaceTransaction:959 android.view.SurfaceView.updateSurface:1105 android.view.SurfaceView.onWindowVisibilityChanged:371 android.view.View.dispatchWindowVisibilityChanged:15943 
01-02 12:27:35.567 I/SurfaceView@7953b6( 3312): surfaceDestroyed
01-02 12:27:35.567 I/SurfaceView@7953b6( 3312): surfaceDestroyed callback.size 1 #2 android.view.SurfaceView{7953b6 V.ED..... ........ 0,0-1440,3096}
01-02 12:27:35.583 E/cr_CompositorSurfaceMgr( 3312): surfaceDestroyed format : -3
01-02 12:27:35.591 I/SurfaceFlinger( 1097): id=187153 Removed com.android.chrome/ChromeChildSurface#187153 (227)
01-02 12:27:35.591 I/SurfaceFlinger( 1097): id=187152 Removed com.android.chrome/ChromeNativeWindowSurface#187152 (227)
01-02 12:27:35.596 I/SurfaceView@7953b6( 3312): updateSurface: mVisible = false mSurface.isValid() = true
01-02 12:27:35.597 I/SurfaceView@7953b6( 3312): releaseSurfaces: viewRoot = ViewRootImpl@a4bfc7a[Main]
01-02 12:27:35.597 I/SurfaceView@7953b6( 3312): applyTransactionOnVriDraw: vri = ViewRootImpl@a4bfc7a[Main] fRS = true t = 0xb400007237c0ec10 android.view.SurfaceView.releaseSurfaces:858 android.view.SurfaceView.updateSurface:1172 android.view.SurfaceView.onWindowVisibilityChanged:371 
01-02 12:27:35.597 I/SurfaceView@7953b6( 3312): applyTransactionOnVriDraw: viewRoot.applyTransactionOnDrawFromReleaseSurfaces
01-02 12:27:35.597 I/ViewRootImpl@a4bfc7a[Main]( 3312): from releaseSurfaces t.apply t = 0xb400007237c0ec10
01-02 12:27:35.598 V/SurfaceView@7953b6( 3312): Layout: x=0 y=104 w=1440 h=3096, frame=Rect(0, 0 - 1440, 3096)
01-02 12:27:35.600 D/SurfaceView@7953b6( 3312): windowPositionLost, frameNr = 0
01-02 12:27:35.607 I/Layer   ( 1097): id=187151 removedFromDrawingState Background for SurfaceView[com.android.chrome/com.google.android.apps.chrome.Main]@0#187151 (227)
01-02 12:27:35.607 I/Layer   ( 1097): id=187150 removedFromDrawingState SurfaceView[com.android.chrome/com.google.android.apps.chrome.Main]@0(BLAST)#187150 (227)
01-02 12:27:35.607 I/Layer   ( 1097): id=187152 removedFromDrawingState com.android.chrome/ChromeNativeWindowSurface#187152 (227)
01-02 12:27:35.607 I/Layer   ( 1097): id=187153 removedFromDrawingState com.android.chrome/ChromeChildSurface#187153 (227)
01-02 12:27:35.608 I/Layer   ( 1097): id=187149 removedFromDrawingState SurfaceView[com.android.chrome/com.google.android.apps.chrome.Main]@0#187149 (227)
01-02 12:27:35.608 I/SurfaceFlinger( 1097): id=187150 Removed SurfaceView[com.android.chrome/com.google.android.apps.chrome.Main]@0(BLAST)#187150 (227)
01-02 12:27:35.608 I/Layer   ( 1097): id=187150 Destroyed SurfaceView[com.android.chrome/com.google.android.apps.chrome.Main]@0(BLAST)#187150
01-02 12:27:35.608 I/Layer   ( 1097): id=187152 Destroyed com.android.chrome/ChromeNativeWindowSurface#187152
01-02 12:27:35.609 I/Layer   ( 1097): id=187153 Destroyed com.android.chrome/ChromeChildSurface#187153
01-02 12:27:35.614 D/OpenGLRenderer( 3312): setSurface called with nullptr
01-02 12:27:35.614 D/OpenGLRenderer( 3312): setSurface() destroyed EGLSurface
01-02 12:27:35.614 D/OpenGLRenderer( 3312): destroyEglSurface
01-02 12:27:35.616 I/ViewRootImpl@a4bfc7a[Main]( 3312): performTraversals mFirst=false windowShouldResize=false viewVisibilityChanged=true mForceNextWindowRelayout=false params=null
01-02 12:27:35.616 V/WindowManager( 1226): Relayout Window{dc44a1e u0 com.android.chrome/com.google.android.apps.chrome.Main}: viewVisibility=8 req=1440x3200 d0
01-02 12:27:35.619 V/WindowManager( 1226): Relayout hash=dc44a1e, pid=3312, syncId=-1: mAttrs={(0,0)(fillxfill) sim={state=always_hidden adjust=resize} ty=BASE_APPLICATION fmt=TRANSLUCENT wanim=0x1030309 sysuil=true
01-02 12:27:35.619 V/WindowManager( 1226):   fl=81810100
01-02 12:27:35.619 V/WindowManager( 1226):   pfl=16020040
01-02 12:27:35.619 V/WindowManager( 1226):   vsysui=100
01-02 12:27:35.619 V/WindowManager( 1226):   apr=LIGHT_NAVIGATION_BARS
01-02 12:27:35.619 V/WindowManager( 1226):   bhv=DEFAULT
01-02 12:27:35.619 V/WindowManager( 1226):   fitSides= naviIconColor=0}
01-02 12:27:35.620 I/SurfaceFlinger( 1097): id=187148 Removed Bounds for - com.android.chrome/com.google.android.apps.chrome.Main@1#187148 (224)
01-02 12:27:35.621 I/ViewRootImpl@a4bfc7a[Main]( 3312): Relayout returned: old=(0,0,1440,3200) new=(0,0,1440,3200) req=(1440,3200)8 dur=4 res=0x2 s={false 0x0} ch=true seqId=0
01-02 12:27:35.621 I/SurfaceView@7953b6( 3312): windowStopped(true) false android.view.SurfaceView{7953b6 V.ED..... ........ 0,0-1440,3096} of ViewRootImpl@a4bfc7a[Main]
01-02 12:27:35.621 D/SurfaceView@7953b6( 3312): updateSurface: surface is not valid
01-02 12:27:35.621 I/SurfaceView@7953b6( 3312): releaseSurfaces: viewRoot = ViewRootImpl@a4bfc7a[Main]
01-02 12:27:35.622 I/SurfaceView@7953b6( 3312): applyTransactionOnVriDraw: vri = ViewRootImpl@a4bfc7a[Main] fRS = true t = 0xb400007237bf8410 android.view.SurfaceView.releaseSurfaces:858 android.view.SurfaceView.updateSurface:998 android.view.SurfaceView.setWindowStopped:335 
01-02 12:27:35.622 I/SurfaceView@7953b6( 3312): applyTransactionOnVriDraw: viewRoot.applyTransactionOnDrawFromReleaseSurfaces
01-02 12:27:35.622 I/ViewRootImpl@a4bfc7a[Main]( 3312): from releaseSurfaces t.apply t = 0xb400007237bf8410
01-02 12:27:35.622 D/SurfaceView@7953b6( 3312): updateSurface: surface is not valid
01-02 12:27:35.622 I/SurfaceView@7953b6( 3312): releaseSurfaces: viewRoot = ViewRootImpl@a4bfc7a[Main]
01-02 12:27:35.623 I/SurfaceView@7953b6( 3312): applyTransactionOnVriDraw: vri = ViewRootImpl@a4bfc7a[Main] fRS = true t = 0xb400007237c0b2b0 android.view.SurfaceView.releaseSurfaces:858 android.view.SurfaceView.updateSurface:998 android.view.SurfaceView.lambda$new$0$android-view-SurfaceView:200 
01-02 12:27:35.623 I/SurfaceView@7953b6( 3312): applyTransactionOnVriDraw: viewRoot.applyTransactionOnDrawFromReleaseSurfaces
01-02 12:27:35.623 I/ViewRootImpl@a4bfc7a[Main]( 3312): from releaseSurfaces t.apply t = 0xb400007237c0b2b0
01-02 12:27:35.624 D/SemWifiUsabilityStatsMonitor( 1226): onWifiUsabilityStats - seqNum 95307, isSameBssidAndFreq true
01-02 12:27:35.624 I/SemWifiLinkQualityMonitor( 1226): Link Qos Query: 0.014 ms / 563.090 Mbps (1200 / 0.008 / 1.000)
01-02 12:27:35.624 I/cr_BindingManager( 3312): onTrimMemory: level=20, size=1
01-02 12:27:35.632 D/CoreBackPreview( 1226): Window{dc44a1e u0 com.android.chrome/com.google.android.apps.chrome.Main}: Setting back callback OnBackInvokedCallbackInfo{mCallback=android.window.IOnBackInvokedCallback$Stub$Proxy@39a4248, mPriority=-1}
01-02 12:27:35.632 I/ViewRootImpl@a4bfc7a[Main]( 3312): stopped(true) old = false
01-02 12:27:35.632 I/ViewRootImpl@a4bfc7a[Main]( 3312): WindowStopped on com.android.chrome/com.google.android.apps.chrome.Main set to true
01-02 12:27:35.650 D/ConnectivityManager( 3312): StackLog: [android.net.ConnectivityManager.unregisterNetworkCallback(ConnectivityManager.java:5478)] [org.chromium.net.a.h(chromium-TrichromeChromeGoogle6432.aab-stable-749914633:17)] [bzj.m(chromium-TrichromeChromeGoogle6432.aab-stable-749914633:13)] [org.chromium.base.ApplicationStatus.f(chromium-TrichromeChromeGoogle6432.aab-stable-749914633:241)] [mr0.onActivityStopped(chromium-TrichromeChromeGoogle6432.aab-stable-749914633:2)] [android.app.Application.dispatchActivityStopped(Application.java:510)] [android.app.Activity.dispatchActivityStopped(Activity.java:1548)] [android.app.Activity.onStop(Activity.java:2679)] [androidx.fragment.app.FragmentActivity.onStop(chromium-TrichromeChromeGoogle6432.aab-stable-749914633:1)] [gh0.onStop(chromium-TrichromeChromeGoogle6432.aab-stable-749914633:1)] [yx0.onStop(chromium-TrichromeChromeGoogle6432.aab-stable-749914633:1)] [vm3.onStop(chromium-TrichromeChromeGoogle6432.aab-stable-749914633:1)] [org.chromium.chrome.browser.ChromeTabbedActivity.onStop(chromium-TrichromeChromeGoogle6432.aab-stable-749914633:8)] [android.app.Instrumentation.callActivityOnStop(Instrumentation.java:1551)] [android.app.Activity.performStop(Activity.java:8829)] [android.app.ActivityThread.callActivityOnStop(ActivityThread.java:5835)] [android.app.ActivityThread.performStopActivityInner(ActivityThread.java:5809)] [android.app.ActivityThread.handleStopActivity(ActivityThread.java:5880)] [android.app.servertransaction.StopActivityItem.execute(StopActivityItem.java:43)] [android.app.servertransaction.ActivityTransactionItem.execute(ActivityTransactionItem.java:45)] [android.app.servertransaction.TransactionExecutor.executeLifecycleState(TransactionExecutor.java:176)] [android.app.servertransaction.TransactionExecutor.execute(TransactionExecutor.java:97)] [android.app.ActivityThread$H.handleMessage(ActivityThread.java:2574)]
01-02 12:27:35.652 D/ConnectivityManager( 3312): StackLog: [android.net.ConnectivityManager.unregisterNetworkCallback(ConnectivityManager.java:5478)] [org.chromium.net.a.h(chromium-TrichromeChromeGoogle6432.aab-stable-749914633:26)] [bzj.m(chromium-TrichromeChromeGoogle6432.aab-stable-749914633:13)] [org.chromium.base.ApplicationStatus.f(chromium-TrichromeChromeGoogle6432.aab-stable-749914633:241)] [mr0.onActivityStopped(chromium-TrichromeChromeGoogle6432.aab-stable-749914633:2)] [android.app.Application.dispatchActivityStopped(Application.java:510)] [android.app.Activity.dispatchActivityStopped(Activity.java:1548)] [android.app.Activity.onStop(Activity.java:2679)] [androidx.fragment.app.FragmentActivity.onStop(chromium-TrichromeChromeGoogle6432.aab-stable-749914633:1)] [gh0.onStop(chromium-TrichromeChromeGoogle6432.aab-stable-749914633:1)] [yx0.onStop(chromium-TrichromeChromeGoogle6432.aab-stable-749914633:1)] [vm3.onStop(chromium-TrichromeChromeGoogle6432.aab-stable-749914633:1)] [org.chromium.chrome.browser.ChromeTabbedActivity.onStop(chromium-TrichromeChromeGoogle6432.aab-stable-749914633:8)] [android.app.Instrumentation.callActivityOnStop(Instrumentation.java:1551)] [android.app.Activity.performStop(Activity.java:8829)] [android.app.ActivityThread.callActivityOnStop(ActivityThread.java:5835)] [android.app.ActivityThread.performStopActivityInner(ActivityThread.java:5809)] [android.app.ActivityThread.handleStopActivity(ActivityThread.java:5880)] [android.app.servertransaction.StopActivityItem.execute(StopActivityItem.java:43)] [android.app.servertransaction.ActivityTransactionItem.execute(ActivityTransactionItem.java:45)] [android.app.servertransaction.TransactionExecutor.executeLifecycleState(TransactionExecutor.java:176)] [android.app.servertransaction.TransactionExecutor.execute(TransactionExecutor.java:97)] [android.app.ActivityThread$H.handleMessage(ActivityThread.java:2574)]
01-02 12:27:35.652 D/ConnectivityService( 1226):  Removing from current network [518 WIFI], leaving 181 requests.
01-02 12:27:35.659 W/System  ( 3312): A resource failed to call close. 
01-02 12:27:35.662 I/cr_A11yState( 3312): Enabled accessibility services list updated. [com.samsung.android.app.sreminder/.shoppingassistant.ShoppingAssistantService]
01-02 12:27:35.662 I/cr_A11yState( 3312): Informing listeners of changes.
01-02 12:27:35.662 I/cr_A11yState( 3312): New AccessibilityState: State{isComplexUserInteractionServiceEnabled=false, isTouchExplorationEnabled=false, isPerformGesturesEnabled=false, isAnyAccessibilityServiceEnabled=true, isAccessibilityToolPresent=true, isTextShowPasswordEnabled=false, isOnlyAutofillRunning=false, isOnlyPasswordManagersEnabled=false, isKnownScreenReaderEnabled=false}
01-02 12:27:35.665 D/SemNscXgbMsL1( 1226): Probability - Cloud gaming: [0.07336523]
01-02 12:27:35.665 D/SemNscXgbMsL1( 1226): Probability - Real time: [0.23495416]
01-02 12:27:35.665 D/SemNscXgbMsL1( 1226): Probability - Non real time: [0.16072999]
01-02 12:27:35.665 D/SemNscXgbMsL1( 1226): 1 sample inference time: 0.192083 msecs
01-02 12:27:35.665 D/SemNscXgbL2Rt( 1226): L2 RT 1 sample inference time: 0.312031 msecs
01-02 12:27:35.666 D/SemNscXgbL2Nrt( 1226): L2 NRT 1 sample inference time: 0.260989 msecs
01-02 12:27:35.668 I/MSHandlerLifeCycle( 3312): removeMultiSplitHandler: no exist. decor=DecorView@abfd3da[Main]
01-02 12:27:35.754 D/SGM:GameManager( 1226): identifyForegroundApp. net.qsgl365, mCurrentUserId: 0, callerUserId: 0
01-02 12:27:35.754 D/SGM:PkgDataHelper( 1226): getGamePkgData(). net.qsgl365
01-02 12:27:35.754 D/SGM:SemGameManager( 1226): isForegroundGame(), ret=false
01-02 12:27:35.802 D/io_stats(  695): !@   8,0 r 372145171 2831399884 w 54157286 379344160 d 28805964 229554292 f 0 0 iot 63435476 0 th 0 0 0 pt 0 inp 0 10 714025.044
01-02 12:27:35.813 I/cr_VideoPersist( 3312): Dismiss activity with reason 2
01-02 12:27:35.838 I/DecorView( 3312): notifyKeepScreenOnChanged: keepScreenOn=false
01-02 12:27:35.844 D/CoreBackPreview( 1226): Window{dc44a1e u0 com.android.chrome/com.google.android.apps.chrome.Main}: Setting back callback OnBackInvokedCallbackInfo{mCallback=android.window.IOnBackInvokedCallback$Stub$Proxy@5b08cb6, mPriority=0}
01-02 12:27:35.859 I/cr_VideoPersist( 3312): Dismiss activity with reason 4
01-02 12:27:35.868 I/IMM_LC  ( 3312): closeCurrentInput: mService.hideSoftInput
01-02 12:27:35.868 D/InputMethodManagerService( 1226): hideSoftInput
01-02 12:27:35.869 W/InputMethodManagerService( 1226): Ignoring hideSoftInput of uid 10531: com.android.internal.view.IInputMethodClient$Stub$Proxy@1cf8db7
01-02 12:27:35.871 W/cr_MessageQueueManager( 3312): Removed message with ID 29 and key org.chromium.ui.modelutil.PropertyModel@6bdf8e3 from queue because of reason 8.
01-02 12:27:35.871 I/ActivityManager( 1226): Killing 5762:com.android.chrome:sandboxed_process0:org.chromium.content.app.SandboxedProcessService0:2/u0a531i-8998 (adj 0): isolated not needed
01-02 12:27:35.872 I/libprocessgroup( 1226): Successfully killed process cgroup uid 90002 pid 5762 in 0ms
01-02 12:27:35.883 I/DecorView( 3312): notifyKeepScreenOnChanged: keepScreenOn=false
01-02 12:27:35.885 I/ViewRootImpl@a4bfc7a[Main]( 3312): performTraversals params={(0,0)(fillxfill) sim={state=always_hidden adjust=resize} ty=BASE_APPLICATION wanim=0x1030309 sysuil=true
01-02 12:27:35.885 I/ViewRootImpl@a4bfc7a[Main]( 3312):   fl=81810100
01-02 12:27:35.885 I/ViewRootImpl@a4bfc7a[Main]( 3312):   pfl=16020040
01-02 12:27:35.885 I/ViewRootImpl@a4bfc7a[Main]( 3312):   vsysui=100
01-02 12:27:35.885 I/ViewRootImpl@a4bfc7a[Main]( 3312):   apr=LIGHT_NAVIGATION_BARS
01-02 12:27:35.885 I/ViewRootImpl@a4bfc7a[Main]( 3312):   bhv=DEFAULT
01-02 12:27:35.885 I/ViewRootImpl@a4bfc7a[Main]( 3312):   fitSides= naviIconColor=0}
01-02 12:27:35.886 I/ViewRootImpl@a4bfc7a[Main]( 3312): performTraversals mFirst=false windowShouldResize=false viewVisibilityChanged=false mForceNextWindowRelayout=false params={(0,0)(fillxfill) sim={state=always_hidden adjust=resize} ty=BASE_APPLICATION fmt=TRANSLUCENT wanim=0x1030309 sysuil=true
01-02 12:27:35.886 I/ViewRootImpl@a4bfc7a[Main]( 3312):   fl=81810100
01-02 12:27:35.886 I/ViewRootImpl@a4bfc7a[Main]( 3312):   pfl=16020040
01-02 12:27:35.886 I/ViewRootImpl@a4bfc7a[Main]( 3312):   vsysui=100
01-02 12:27:35.886 I/ViewRootImpl@a4bfc7a[Main]( 3312):   apr=LIGHT_NAVIGATION_BARS
01-02 12:27:35.886 I/ViewRootImpl@a4bfc7a[Main]( 3312):   bhv=DEFAULT
01-02 12:27:35.886 I/ViewRootImpl@a4bfc7a[Main]( 3312):   fitSides= naviIconColor=0}
01-02 12:27:35.886 V/WindowManager( 1226): Relayout Window{dc44a1e u0 com.android.chrome/com.google.android.apps.chrome.Main}: viewVisibility=8 req=1440x3200 d0
01-02 12:27:35.888 V/WindowManager( 1226): Relayout hash=dc44a1e, pid=3312, syncId=-1: mAttrs={(0,0)(fillxfill) sim={state=always_hidden adjust=resize} ty=BASE_APPLICATION fmt=TRANSLUCENT wanim=0x1030309 sysuil=true
01-02 12:27:35.888 V/WindowManager( 1226):   fl=81810100
01-02 12:27:35.888 V/WindowManager( 1226):   pfl=16020040
01-02 12:27:35.888 V/WindowManager( 1226):   vsysui=100
01-02 12:27:35.888 V/WindowManager( 1226):   apr=LIGHT_NAVIGATION_BARS
01-02 12:27:35.888 V/WindowManager( 1226):   bhv=DEFAULT
01-02 12:27:35.888 V/WindowManager( 1226):   fitSides= naviIconColor=0}
01-02 12:27:35.889 I/ViewRootImpl@a4bfc7a[Main]( 3312): Relayout returned: old=(0,0,1440,3200) new=(0,0,1440,3200) req=(1440,3200)8 dur=3 res=0x2 s={false 0x0} ch=false seqId=0
01-02 12:27:35.890 D/SurfaceView@7953b6( 3312): updateSurface: surface is not valid
01-02 12:27:35.890 I/SurfaceView@7953b6( 3312): releaseSurfaces: viewRoot = ViewRootImpl@a4bfc7a[Main]
01-02 12:27:35.890 I/SurfaceView@7953b6( 3312): applyTransactionOnVriDraw: vri = ViewRootImpl@a4bfc7a[Main] fRS = true t = 0xb400007237bf5cb0 android.view.SurfaceView.releaseSurfaces:858 android.view.SurfaceView.updateSurface:998 android.view.SurfaceView.lambda$new$0$android-view-SurfaceView:200 
01-02 12:27:35.890 I/SurfaceView@7953b6( 3312): applyTransactionOnVriDraw: viewRoot.applyTransactionOnDrawFromReleaseSurfaces
01-02 12:27:35.890 I/ViewRootImpl@a4bfc7a[Main]( 3312): from releaseSurfaces t.apply t = 0xb400007237bf5cb0
01-02 12:27:35.891 E/WindowManager( 1226): win=Window{dc44a1e u0 com.android.chrome/com.google.android.apps.chrome.Main} destroySurfaces: appStopped=true cleanupOnResume=false win.mWindowRemovalAllowed=false win.mRemoveOnExit=false win.mViewVisibility=8 caller=com.android.server.wm.ActivityRecord.destroySurfaces:6539 com.android.server.wm.ActivityRecord.destroySurfaces:6520 com.android.server.wm.ActivityRecord.notifyAppStopped:6584 com.android.server.wm.ActivityRecord.activityStopped:7172 com.android.server.wm.ActivityClientController.activityStopped:269 android.app.IActivityClientController$Stub.onTransact:613 com.android.server.wm.ActivityClientController.onTransact:147 
01-02 12:27:35.892 I/WindowManager( 1226): Destroying surface Surface(name=com.android.chrome/com.google.android.apps.chrome.Main$_3312)/@0x5174924 called by com.android.server.wm.WindowStateAnimator.destroySurface:942 com.android.server.wm.WindowStateAnimator.destroySurfaceLocked:536 com.android.server.wm.WindowState.destroySurfaceUnchecked:4309 com.android.server.wm.WindowState.destroySurface:4283 com.android.server.wm.ActivityRecord.destroySurfaces:6539 com.android.server.wm.ActivityRecord.destroySurfaces:6520 com.android.server.wm.ActivityRecord.notifyAppStopped:6584 com.android.server.wm.ActivityRecord.activityStopped:7172 
01-02 12:27:35.892 D/ActivityTaskManager( 1226): mStartingWindow and mStartingData is null for token=ActivityRecord{214a8cd u0 com.android.chrome/com.google.android.apps.chrome.Main} t43355}
01-02 12:27:35.906 I/Layer   ( 1097): id=187145 removedFromDrawingState com.android.chrome/com.google.android.apps.chrome.Main$_3312#187145 (224)
01-02 12:27:35.907 I/Layer   ( 1097): id=187148 removedFromDrawingState Bounds for - com.android.chrome/com.google.android.apps.chrome.Main@1#187148 (224)
01-02 12:27:35.907 I/SAMSUNGWALLET(21816): [Hint_ProcessStatusChange] fg Change, pid : 3312 , isNotify : true , isForeground : false , fg list : [32315]
01-02 12:27:35.907 I/SurfaceFlinger( 1097): id=187145 Removed com.android.chrome/com.google.android.apps.chrome.Main$_3312#187145 (224)
01-02 12:27:35.907 I/Layer   ( 1097): id=187145 Destroyed com.android.chrome/com.google.android.apps.chrome.Main$_3312#187145
01-02 12:27:35.908 I/Layer   ( 1097): id=187148 Destroyed Bounds for - com.android.chrome/com.google.android.apps.chrome.Main@1#187148
01-02 12:27:35.912 I/SAMSUNGWALLET(21816): [Hint_SimpleHintProcessMonitor] isHomePackageRunning topPkgName = net.qsgl365, topClsName = net.qsgl365.MainActivity, return false , se : false
01-02 12:27:35.912 I/SAMSUNGWALLET(21816): [Hint_PayHintService] Hint Status - already invisible, skip hide : [4000000] - Home Package Not Running
01-02 12:27:35.914 D/Native_CFMS( 1226): CFMS Delete Task Tid(3366)
01-02 12:27:35.914 D/Native_CFMS( 1226): CFMS Delete Task Tid(32423)
01-02 12:27:35.914 D/Native_CFMS( 1226): CFMS Delete Task Tid(32424)
01-02 12:27:35.914 D/Native_CFMS( 1226): CFMS Delete Task Tid(3312)
01-02 12:27:35.914 D/Native_CFMS( 1226): CFMS Delete Task Tid(32338)
01-02 12:27:35.914 D/Native_CFMS( 1226): CFMS Delete Task Tid(3641)
01-02 12:27:35.914 E/ANDR-PERF-UTIL( 1008): Failed to read /proc/sys/kernel/walt_low_latency_task_threshold
01-02 12:27:35.914 D/Native_CFMS( 1226): CFMS Delete Task Tid(3642)
01-02 12:27:35.914 E/ANDR-PERF-OPTSHANDLER( 1008): Failed to read /proc/sys/kernel/walt_low_latency_task_threshold
01-02 12:27:35.914 E/ANDR-PERF-RESOURCEQS( 1008): Failed to apply optimization [3, 54]
01-02 12:27:35.914 D/Native_CFMS( 1226): CFMS Delete Task Tid(32315)
01-02 12:27:35.914 D/Native_CFMS( 1226): CFMS Add Task Tid(32315)
01-02 12:27:35.914 D/Native_CFMS( 1226): CFMS Add Task Tid(32338)
01-02 12:27:35.914 D/Native_CFMS( 1226): CFMS Add Task Tid(32424)
01-02 12:27:35.914 D/Native_CFMS( 1226): CFMS Add Task Tid(32423)
01-02 12:27:35.921 D/BatteryExternalStatsWorker( 1226): update stats : remove-uid (1)
01-02 12:27:35.928 I/Zygote  ( 3407): Process 5762 exited cleanly (0)
01-02 12:27:35.931 E/system_server( 1226): updateValue is called with a value 401901, which is lower than the previous value 401914
01-02 12:27:35.931 E/system_server( 1226): updateValue is called with a value 669409, which is lower than the previous value 669599
01-02 12:27:35.932 D/BatteryExternalStatsWorker( 1226): Update CPU state
01-02 12:27:35.932 D/BatteryExternalStatsWorker( 1226): mStats lock released
01-02 12:27:35.933 D/BatteryExternalStatsWorker( 1226): done updateExternalStatsLocked
01-02 12:27:35.959 I/ViewRootImpl@a4bfc7a[Main]( 3312): performTraversals params={(0,0)(fillxfill) sim={state=always_hidden adjust=resize} ty=BASE_APPLICATION fmt=TRANSLUCENT wanim=0x1030309 sysuil=true
01-02 12:27:35.959 I/ViewRootImpl@a4bfc7a[Main]( 3312):   fl=81810100
01-02 12:27:35.959 I/ViewRootImpl@a4bfc7a[Main]( 3312):   pfl=16020040
01-02 12:27:35.959 I/ViewRootImpl@a4bfc7a[Main]( 3312):   vsysui=100
01-02 12:27:35.959 I/ViewRootImpl@a4bfc7a[Main]( 3312):   bhv=DEFAULT
01-02 12:27:35.959 I/ViewRootImpl@a4bfc7a[Main]( 3312):   fitSides= naviIconColor=0}
01-02 12:27:35.960 I/ViewRootImpl@a4bfc7a[Main]( 3312): performTraversals mFirst=false windowShouldResize=false viewVisibilityChanged=false mForceNextWindowRelayout=false params={(0,0)(fillxfill) sim={state=always_hidden adjust=resize} ty=BASE_APPLICATION fmt=TRANSLUCENT wanim=0x1030309 sysuil=true
01-02 12:27:35.960 I/ViewRootImpl@a4bfc7a[Main]( 3312):   fl=81810100
01-02 12:27:35.960 I/ViewRootImpl@a4bfc7a[Main]( 3312):   pfl=16020040
01-02 12:27:35.960 I/ViewRootImpl@a4bfc7a[Main]( 3312):   vsysui=100
01-02 12:27:35.960 I/ViewRootImpl@a4bfc7a[Main]( 3312):   bhv=DEFAULT
01-02 12:27:35.960 I/ViewRootImpl@a4bfc7a[Main]( 3312):   fitSides= naviIconColor=0}
01-02 12:27:35.961 V/WindowManager( 1226): Relayout Window{dc44a1e u0 com.android.chrome/com.google.android.apps.chrome.Main}: viewVisibility=8 req=1440x3200 d0
01-02 12:27:35.964 V/WindowManager( 1226): Relayout hash=dc44a1e, pid=3312, syncId=-1: mAttrs={(0,0)(fillxfill) sim={state=always_hidden adjust=resize} ty=BASE_APPLICATION fmt=TRANSLUCENT wanim=0x1030309 sysuil=true
01-02 12:27:35.964 V/WindowManager( 1226):   fl=81810100
01-02 12:27:35.964 V/WindowManager( 1226):   pfl=16020040
01-02 12:27:35.964 V/WindowManager( 1226):   vsysui=100
01-02 12:27:35.964 V/WindowManager( 1226):   bhv=DEFAULT
01-02 12:27:35.964 V/WindowManager( 1226):   fitSides= naviIconColor=0}
01-02 12:27:35.966 I/ViewRootImpl@a4bfc7a[Main]( 3312): Relayout returned: old=(0,0,1440,3200) new=(0,0,1440,3200) req=(1440,3200)8 dur=6 res=0x0 s={false 0x0} ch=false seqId=0
01-02 12:27:35.966 D/SurfaceView@7953b6( 3312): updateSurface: surface is not valid
01-02 12:27:35.966 I/SurfaceView@7953b6( 3312): releaseSurfaces: viewRoot = ViewRootImpl@a4bfc7a[Main]
01-02 12:27:35.967 I/SurfaceView@7953b6( 3312): applyTransactionOnVriDraw: vri = ViewRootImpl@a4bfc7a[Main] fRS = true t = 0xb400007237c07830 android.view.SurfaceView.releaseSurfaces:858 android.view.SurfaceView.updateSurface:998 android.view.SurfaceView.lambda$new$0$android-view-SurfaceView:200 
01-02 12:27:35.967 I/SurfaceView@7953b6( 3312): applyTransactionOnVriDraw: viewRoot.applyTransactionOnDrawFromReleaseSurfaces
01-02 12:27:35.967 I/ViewRootImpl@a4bfc7a[Main]( 3312): from releaseSurfaces t.apply t = 0xb400007237c07830
01-02 12:27:36.027 D/MdnieScenarioControlService( 1226):  packageName : net.qsgl365    className : net.qsgl365.MainActivity
01-02 12:27:36.027 V/MdnieScenarioControlService( 1226): setUIMode from UI function(3)
01-02 12:27:36.128 V/MdnieScenarioControlService( 1226): mAclOffEnabled : false mAclPreviewState : false mAclCompensationState : false
01-02 12:27:36.158 W/cr_SegmentationPlatform( 3312): Signal type not found: 16
01-02 12:27:36.167 D/SemNscXgbMsL1( 1226): Probability - Cloud gaming: [0.041994493]
01-02 12:27:36.167 D/SemNscXgbMsL1( 1226): Probability - Real time: [0.32815844]
01-02 12:27:36.167 D/SemNscXgbMsL1( 1226): Probability - Non real time: [0.37663287]
01-02 12:27:36.167 D/SemNscXgbMsL1( 1226): 1 sample inference time: 0.337084 msecs
01-02 12:27:36.167 D/SemNscXgbL2Rt( 1226): L2 RT 1 sample inference time: 0.518073 msecs
01-02 12:27:36.168 D/SemNscXgbL2Nrt( 1226): L2 NRT 1 sample inference time: 0.485312 msecs
01-02 12:27:36.257 W/adbd    (10336): timed out while waiting for FUNCTIONFS_BIND, trying again
01-02 12:27:36.258 I/adbd    (10336): UsbFfs: connection terminated: monitor thread finished
01-02 12:27:36.259 I/adbd    (10336): UsbFfs: already offline
01-02 12:27:36.259 I/adbd    (10336): destroying transport UsbFfs
01-02 12:27:36.259 I/adbd    (10336): UsbFfsConnection being destroyed
01-02 12:27:36.271 W/PackageManager( 1226): Not removing package com.google.android.trichromelibrary hosting lib com.google.android.trichromelibrary version 749914633 used by [VersionedPackage[com.android.chrome/749914633]] for user 0
01-02 12:27:36.275 I/adbd    (10336): opening control endpoint /dev/usb-ffs/adb/ep0
01-02 12:27:36.277 I/adbd    (10336): UsbFfsConnection constructed
01-02 12:27:36.278 I/adbd    (10336): UsbFfs-monitor thread spawned
01-02 12:27:36.299 D/WebViewConsole(32315): [system] {
01-02 12:27:36.299 D/WebViewConsole(32315):     "openid": "",
01-02 12:27:36.299 D/WebViewConsole(32315):     "phone": "18567860365",
01-02 12:27:36.299 D/WebViewConsole(32315):     "shopCarData": {
01-02 12:27:36.299 D/WebViewConsole(32315):         "goods": [],
01-02 12:27:36.299 D/WebViewConsole(32315):         "store": "365酒水（天域国际店）",
01-02 12:27:36.299 D/WebViewConsole(32315):         "Allgoods": 0,
01-02 12:27:36.299 D/WebViewConsole(32315):         "goodsIdMap": {}
01-02 12:27:36.299 D/WebViewConsole(32315):     },
01-02 12:27:36.299 D/WebViewConsole(32315):     "showPjlcSwiich": "不显示啤酒冷藏",
01-02 12:27:36.299 D/WebViewConsole(32315):     "sid": 9049,
01-02 12:27:36.299 D/WebViewConsole(32315):     "storeData": {
01-02 12:27:36.299 D/WebViewConsole(32315):         "id": 9049,
01-02 12:27:36.299 D/WebViewConsole(32315):         "store_name": "365酒水（天域国际店）",
01-02 12:27:36.299 D/WebViewConsole(32315):         "img_thumb": "https://www.qsgl.net/qsoft/ashx/upload/20260101101551832171.jpg",
01-02 12:27:36.299 D/WebViewConsole(32315):         "img": "https://www.qsgl.net/qsoft/ashx/upload/20260101101551832171.jpg",
01-02 12:27:36.299 D/WebViewConsole(32315):         "store_begin_time": "08:30",
01-02 12:27:36.299 D/WebViewConsole(32315):         "store_end_time": "22:00",
01-02 12:27:36.299 D/WebViewConsole(32315):         "location": "安阳市北关区红旗路天域国际西门往南100米路东",
01-02 12:27:36.299 D/WebViewConsole(32315):         "lat": "36.1157543367609",
01-02 12:27:36.299 D/WebViewConsole(32315):         "lng": "114.35459875650236",
01-02 12:27:36.299 D/WebViewConsole(32315):         "mobile": "18567860365",
01-02 12:27:36.299 D/WebViewConsole(32315):         "score": 0,
01-02 12:27:36.299 D/WebViewConsole(32315):         "sendprice": 0,
01-02 12:27:36.299 D/WebViewConsole(32315):         "distance": 0.56,
01-02 12:27:36.299 D/WebViewConsole(32315):         "ROW_NUMBER": 1,
01-02 12:27:36.299 D/WebViewConsole(32315):         "spzl": 4,
01-02 12:27:36.299 D/WebViewConsole(32315):         "is_open": 0
01-02 12:27:36.299 D/WebViewConsole(32315):     },
01-02 12:27:36.299 D/WebViewConsole(32315):     "uid": 234884,
01-02 12:27:36.299 D/WebViewConsole(32315):     "userInfo": {
01-02 12:27:36.299 D/WebViewConsole(32315):         "id": 234884,
01-02 12:27:36.299 D/WebViewConsole(32315):         "nickname": "轻松软件",
01-02 12:27:36.299 D/WebViewConsole(32315):         "himg": "",
01-02 12:27:36.299 D/WebViewConsole(32315):         "openid": "",
01-02 12:27:36.299 D/WebViewConsole(32315):         "JQM": "uh2fubyi",
01-02 12:27:36.299 D/WebViewConsole(32315):         "mobile": "13703726061",
01-02 12:27:36.299 D/WebViewConsole(32315):         "level": 0,
01-02 12:27:36.299 D/WebViewConsole(32315):         "balance": 0,
01-02 12:27:36.299 D/WebViewConsole(32315):         "integral": 0,
01-02 12:27:36.299 D/WebViewConsole(32315):         "expire_level_time": "2026-12-31 09:42",
